../Core/Src/bms.c:90:6:HAL_TIM_PeriodElapsedCallback	16	static
../Core/Src/bms.c:95:6:HAL_CAN_RxFifo0MsgPendingCallback	56	static
../Core/Src/bms.c:101:6:HAL_TIM_IC_CaptureCallback	24	static
../Core/Src/bms.c:121:6:BMS_init	8	static
../Core/Src/bms.c:126:6:BMS	16	static
../Core/Src/bms.c:222:6:convertVoltage	16	static
../Core/Src/bms.c:263:10:calculateTemperature	24	static
../Core/Src/bms.c:273:6:CAN_interrupt	56	static
../Core/Src/bms.c:292:6:convertTemperature	40	static
../Core/Src/bms.c:354:6:checkPEC	8	static
../Core/Src/bms.c:366:6:checkIMD	16	static
../Core/Src/bms.c:387:6:send_usb	16	static
