../Core/Src/bms.c:94:6:HAL_TIM_PeriodElapsedCallback	16	static
../Core/Src/bms.c:99:6:HAL_CAN_RxFifo0MsgPendingCallback	56	static
../Core/Src/bms.c:105:6:HAL_TIM_IC_CaptureCallback	24	static
../Core/Src/bms.c:125:6:BMS_init	8	static
../Core/Src/bms.c:130:6:BMS	24	static
../Core/Src/bms.c:245:6:convertVoltage	16	static
../Core/Src/bms.c:304:10:calculateTemperature	24	static
../Core/Src/bms.c:317:6:CAN_interrupt	56	static
../Core/Src/bms.c:338:6:sortTemperature	32	static
../Core/Src/bms.c:361:6:convertTemperature	24	static
../Core/Src/bms.c:426:6:checkPEC	16	static
../Core/Src/bms.c:439:6:checkIMD	8	static
../Core/Src/bms.c:460:6:send_usb	16	static
../Core/Src/bms.c:477:9:getbalancingKP	24	static
