../Core/Src/bms.c:89:6:HAL_TIM_PeriodElapsedCallback	16	static
../Core/Src/bms.c:94:6:HAL_CAN_RxFifo0MsgPendingCallback	56	static
../Core/Src/bms.c:100:6:HAL_TIM_IC_CaptureCallback	24	static
../Core/Src/bms.c:122:6:BMS_init	8	static
../Core/Src/bms.c:127:6:BMS	16	static
../Core/Src/bms.c:234:6:convertVoltage	16	static
../Core/Src/bms.c:275:10:calculateTemperature	24	static
../Core/Src/bms.c:288:6:CAN_interrupt	56	static
../Core/Src/bms.c:310:6:sortTemperature	32	static
../Core/Src/bms.c:357:6:convertTemperature	24	static
../Core/Src/bms.c:423:6:checkPEC	16	static
../Core/Src/bms.c:436:6:checkIMD	16	static
../Core/Src/bms.c:456:6:send_usb	16	static
