../Core/Src/bms.c:86:6:HAL_TIM_PeriodElapsedCallback	16	static
../Core/Src/bms.c:92:6:HAL_CAN_RxFifo0MsgPendingCallback	56	static
../Core/Src/bms.c:99:6:HAL_TIM_IC_CaptureCallback	24	static
../Core/Src/bms.c:117:6:BMS_init	8	static
../Core/Src/bms.c:122:6:BMS	16	static
../Core/Src/bms.c:222:6:convertVoltage	16	static
../Core/Src/bms.c:302:10:calculateTemperature	24	static
../Core/Src/bms.c:324:6:CAN_interrupt	56	static
../Core/Src/bms.c:343:6:convertTemperature	40	static
../Core/Src/bms.c:460:6:checkIMD	16	static
../Core/Src/bms.c:481:6:send_usb	16	static
