bms.c:98:7:HAL_TIM_PeriodElapsedCallback	16	static
bms.c:103:7:HAL_CAN_RxFifo0MsgPendingCallback	56	static
bms.c:109:7:HAL_TIM_IC_CaptureCallback	24	static
bms.c:131:7:CAN_Recovery_Task	8	static
bms.c:154:7:BMS_init	8	static
bms.c:159:7:BMS	24	static
bms.c:301:7:convertVoltage	16	static
bms.c:364:11:calculateTemperature	24	static
bms.c:377:7:CAN_interrupt	24	static
bms.c:398:7:sortTemperature	32	static
bms.c:420:7:convertTemperature	24	static
bms.c:494:7:checkPEC	16	static
bms.c:507:7:checkIMD	16	static
bms.c:527:7:send_usb	16	static
bms.c:541:10:getbalancingKP	24	static
