../Core/Src/bms.c:96:6:HAL_TIM_PeriodElapsedCallback	16	static
../Core/Src/bms.c:101:6:HAL_CAN_RxFifo0MsgPendingCallback	56	static
../Core/Src/bms.c:107:6:HAL_TIM_IC_CaptureCallback	24	static
../Core/Src/bms.c:129:6:CAN_Recovery_Task	8	static
../Core/Src/bms.c:152:6:BMS_init	8	static
../Core/Src/bms.c:157:6:BMS	24	static
../Core/Src/bms.c:285:6:convertVoltage	16	static
../Core/Src/bms.c:348:10:calculateTemperature	24	static
../Core/Src/bms.c:361:6:CAN_interrupt	56	static
../Core/Src/bms.c:382:6:sortTemperature	32	static
../Core/Src/bms.c:404:6:convertTemperature	24	static
../Core/Src/bms.c:478:6:checkPEC	16	static
../Core/Src/bms.c:491:6:checkIMD	16	static
../Core/Src/bms.c:511:6:send_usb	16	static
../Core/Src/bms.c:525:9:getbalancingKP	24	static
