../Core/Src/bms.c:101:6:HAL_TIM_PeriodElapsedCallback	16	static
../Core/Src/bms.c:106:6:HAL_CAN_RxFifo0MsgPendingCallback	56	static
../Core/Src/bms.c:112:6:HAL_TIM_IC_CaptureCallback	24	static
../Core/Src/bms.c:132:6:BMS_init	8	static
../Core/Src/bms.c:137:6:BMS	24	static
../Core/Src/bms.c:259:6:convertVoltage	16	static
../Core/Src/bms.c:318:10:calculateTemperature	24	static
../Core/Src/bms.c:331:6:CAN_interrupt	56	static
../Core/Src/bms.c:354:6:sortTemperature	32	static
../Core/Src/bms.c:377:6:convertTemperature	24	static
../Core/Src/bms.c:459:6:checkPEC	16	static
../Core/Src/bms.c:472:6:checkIMD	8	static
../Core/Src/bms.c:512:6:send_usb_measurements	16	static
../Core/Src/bms.c:570:9:getbalancingKP	24	static
../Core/Src/bms.c:590:6:LTCTemperature	112	static
