../Core/Src/bms.c:91:6:HAL_TIM_PeriodElapsedCallback	16	static
../Core/Src/bms.c:96:6:HAL_CAN_RxFifo0MsgPendingCallback	56	static
../Core/Src/bms.c:102:6:HAL_TIM_IC_CaptureCallback	24	static
../Core/Src/bms.c:122:6:BMS_init	8	static
../Core/Src/bms.c:127:6:BMS	24	static
../Core/Src/bms.c:240:6:convertVoltage	16	static
../Core/Src/bms.c:299:10:calculateTemperature	24	static
../Core/Src/bms.c:312:6:CAN_interrupt	56	static
../Core/Src/bms.c:333:6:sortTemperature	32	static
../Core/Src/bms.c:356:6:convertTemperature	24	static
../Core/Src/bms.c:421:6:checkPEC	16	static
../Core/Src/bms.c:434:6:checkIMD	16	static
../Core/Src/bms.c:453:6:send_usb	16	static
../Core/Src/bms.c:467:9:getbalancingKP	24	static
