../Core/Inc/imd_decode.h:51:30:IMD_Decode	96	static
../Core/Inc/imd_decode.h:200:20:IMD_Pack	24	static
../Core/Src/bms.c:121:6:HAL_TIM_PeriodElapsedCallback	16	static
../Core/Src/bms.c:129:6:HAL_CAN_RxFifo0MsgPendingCallback	56	static
../Core/Src/bms.c:141:6:HAL_TIM_IC_CaptureCallback	32	static
../Core/Src/bms.c:203:6:BMS_init	8	static
../Core/Src/bms.c:208:6:BMS	24	static
../Core/Src/bms.c:333:6:convertVoltage	16	static
../Core/Src/bms.c:392:10:calculateTemperature	24	static
../Core/Src/bms.c:405:6:CAN_interrupt	56	static
../Core/Src/bms.c:428:6:sortTemperature	32	static
../Core/Src/bms.c:451:6:convertTemperature	24	static
../Core/Src/bms.c:533:6:checkPEC	16	static
../Core/Src/bms.c:546:6:checkIMD	16	static
../Core/Src/bms.c:586:6:send_usb_measurements	16	static
../Core/Src/bms.c:644:9:getbalancingKP	24	static
../Core/Src/bms.c:663:6:IMD_Init	16	static
../Core/Src/bms.c:678:6:IMD_Task	72	static,ignoring_inline_asm
../Core/Src/bms.c:743:6:IMD_GetCANData	24	static
../Core/Src/bms.c:768:6:LTCTemperature	112	static
