../Core/Src/bms.c:101:6:HAL_TIM_PeriodElapsedCallback	16	static
../Core/Src/bms.c:106:6:HAL_CAN_RxFifo0MsgPendingCallback	56	static
../Core/Src/bms.c:112:6:HAL_TIM_IC_CaptureCallback	24	static
../Core/Src/bms.c:132:6:BMS_init	8	static
../Core/Src/bms.c:137:6:BMS	24	static
../Core/Src/bms.c:264:6:convertVoltage	16	static
../Core/Src/bms.c:323:10:calculateTemperature	24	static
../Core/Src/bms.c:336:6:CAN_interrupt	56	static
../Core/Src/bms.c:359:6:sortTemperature	32	static
../Core/Src/bms.c:382:6:convertTemperature	24	static
../Core/Src/bms.c:464:6:checkPEC	16	static
../Core/Src/bms.c:477:6:checkIMD	8	static
../Core/Src/bms.c:517:6:send_usb_measurements	16	static
../Core/Src/bms.c:575:9:getbalancingKP	24	static
../Core/Src/bms.c:595:6:LTCTemperature	112	static
