../Core/Src/bms.c:89:6:HAL_TIM_PeriodElapsedCallback	16	static
../Core/Src/bms.c:94:6:HAL_CAN_RxFifo0MsgPendingCallback	56	static
../Core/Src/bms.c:100:6:HAL_TIM_IC_CaptureCallback	24	static
../Core/Src/bms.c:122:6:BMS_init	8	static
../Core/Src/bms.c:127:6:BMS	16	static
../Core/Src/bms.c:231:6:convertVoltage	16	static
../Core/Src/bms.c:269:10:calculateTemperature	24	static
../Core/Src/bms.c:279:6:CAN_interrupt	56	static
../Core/Src/bms.c:296:6:sortTemperature	32	static
../Core/Src/bms.c:310:6:convertTemperature	24	static
../Core/Src/bms.c:365:6:checkPEC	16	static
../Core/Src/bms.c:375:6:checkIMD	16	static
../Core/Src/bms.c:395:6:send_usb	16	static
