../Core/Src/bms.c:94:6:HAL_TIM_PeriodElapsedCallback	16	static
../Core/Src/bms.c:99:6:HAL_CAN_RxFifo0MsgPendingCallback	56	static
../Core/Src/bms.c:105:6:HAL_TIM_IC_CaptureCallback	24	static
../Core/Src/bms.c:125:6:BMS_init	8	static
../Core/Src/bms.c:130:6:BMS	24	static
../Core/Src/bms.c:256:6:convertVoltage	16	static
../Core/Src/bms.c:315:10:calculateTemperature	24	static
../Core/Src/bms.c:328:6:CAN_interrupt	56	static
../Core/Src/bms.c:349:6:sortTemperature	32	static
../Core/Src/bms.c:372:6:convertTemperature	24	static
../Core/Src/bms.c:437:6:checkPEC	16	static
../Core/Src/bms.c:450:6:checkIMD	8	static
../Core/Src/bms.c:471:6:send_usb	16	static
../Core/Src/bms.c:488:9:getbalancingKP	24	static
