../Core/Src/bms.c:66:6:HAL_TIM_PeriodElapsedCallback	16	static
../Core/Src/bms.c:72:6:HAL_CAN_RxFifo0MsgPendingCallback	56	static
../Core/Src/bms.c:79:6:HAL_TIM_IC_CaptureCallback	24	static
../Core/Src/bms.c:97:6:BMS_init	8	static
../Core/Src/bms.c:102:6:BMS	16	static
../Core/Src/bms.c:206:6:convertVoltage	16	static
../Core/Src/bms.c:255:10:calculateTemperature	24	static
../Core/Src/bms.c:266:6:CAN_interrupt	56	static
../Core/Src/bms.c:289:6:convertTemperature	40	static
../Core/Src/bms.c:352:6:checkIMD	16	static
../Core/Src/bms.c:378:6:send_usb	16	static
