../Core/Src/bms.c:97:6:HAL_TIM_PeriodElapsedCallback	16	static
../Core/Src/bms.c:102:6:HAL_CAN_RxFifo0MsgPendingCallback	56	static
../Core/Src/bms.c:108:6:HAL_TIM_IC_CaptureCallback	24	static
../Core/Src/bms.c:128:6:BMS_init	8	static
../Core/Src/bms.c:133:6:BMS	24	static
../Core/Src/bms.c:249:6:convertVoltage	16	static
../Core/Src/bms.c:308:10:calculateTemperature	24	static
../Core/Src/bms.c:321:6:CAN_interrupt	56	static
../Core/Src/bms.c:344:6:sortTemperature	32	static
../Core/Src/bms.c:367:6:convertTemperature	24	static
../Core/Src/bms.c:449:6:checkPEC	16	static
../Core/Src/bms.c:462:6:checkIMD	8	static
../Core/Src/bms.c:502:6:send_usb_measurements	16	static
../Core/Src/bms.c:553:9:getbalancingKP	24	static
