../Core/Src/can.c:84:6:CAN_TX	80	static
../Core/Src/can.c:93:6:CAN_TX_IVT	80	static
../Core/Src/can.c:103:6:CAN_RX	48	static
../Core/Src/can.c:144:6:IVT_MODE	96	static
../Core/Src/can.c:160:6:IVT_config	88	static
../Core/Src/can.c:175:6:IVT_init	8	static
../Core/Src/can.c:189:6:can_put_data	4	static
../Core/Src/can.c:201:6:CAN_RX_IVT	48	static
../Core/Src/can.c:245:6:CAN_50	88	static
../Core/Src/can.c:259:6:CAN_10	88	static
../Core/Src/can.c:272:6:MX_CAN1_Init	48	static
../Core/Src/can.c:319:6:MX_CAN2_Init	88	static
../Core/Src/can.c:382:6:HAL_CAN_MspInit	56	static
../Core/Src/can.c:453:6:HAL_CAN_MspDeInit	16	static
