../Core/Inc/LTC6811.h:143:20:spi_write_array	16	static
../Core/Inc/LTC6811.h:156:20:spi_write_read	24	static
../Core/Src/LTC6811.c:27:6:LTC6811_initialize	16	static
../Core/Src/LTC6811.c:33:6:wakeup_idle	8	static
../Core/Src/LTC6811.c:55:6:set_adc	24	static
../Core/Src/LTC6811.c:89:6:LTC6811_adcv	16	static
../Core/Src/LTC6811.c:122:6:LTC6811_adax	16	static
../Core/Src/LTC6811.c:146:6:LTC6811_wrcfg	128	static
../Core/Src/LTC6811.c:210:9:LTC6811_rdcv	128	static
../Core/Src/LTC6811.c:245:6:LTC6811_rdcv_reg	24	static
../Core/Src/LTC6811.c:272:8:LTC6811_rdaux	128	static
../Core/Src/LTC6811.c:307:6:LTC6811_rdaux_reg	24	static
../Core/Src/LTC6811.c:407:6:LTC6811_clrstat	16	static
../Core/Src/LTC6811.c:480:10:pec15_calc	32	static
