../Core/Src/main.c:82:6:HAL_CAN_RxFifo0MsgPendingCallback	16	static
../Core/Src/main.c:101:5:main	8	static
../Core/Src/main.c:255:6:SystemClock_Config	80	static
../Core/Src/main.c:297:13:MX_CAN1_Init	48	static
../Core/Src/main.c:348:13:MX_CAN2_Init	8	static
../Core/Src/main.c:385:13:MX_SPI3_Init	8	static
../Core/Src/main.c:423:13:MX_TIM2_Init	32	static
../Core/Src/main.c:468:13:MX_USB_OTG_FS_PCD_Init	8	static
../Core/Src/main.c:502:13:MX_GPIO_Init	48	static
../Core/Src/main.c:586:6:Error_Handler	4	static,ignoring_inline_asm
