../Drivers/STM32F2xx_HAL_Driver/Src/stm32f2xx_hal.c:151:19:HAL_Init	8	static
../Drivers/STM32F2xx_HAL_Driver/Src/stm32f2xx_hal.c:184:19:HAL_DeInit	8	static
../Drivers/STM32F2xx_HAL_Driver/Src/stm32f2xx_hal.c:213:13:HAL_MspInit	4	static
../Drivers/STM32F2xx_HAL_Driver/Src/stm32f2xx_hal.c:224:13:HAL_MspDeInit	4	static
../Drivers/STM32F2xx_HAL_Driver/Src/stm32f2xx_hal.c:247:26:HAL_InitTick	16	static
../Drivers/STM32F2xx_HAL_Driver/Src/stm32f2xx_hal.c:306:13:HAL_IncTick	4	static
../Drivers/STM32F2xx_HAL_Driver/Src/stm32f2xx_hal.c:317:17:HAL_GetTick	4	static
../Drivers/STM32F2xx_HAL_Driver/Src/stm32f2xx_hal.c:326:10:HAL_GetTickPrio	4	static
../Drivers/STM32F2xx_HAL_Driver/Src/stm32f2xx_hal.c:335:19:HAL_SetTickFreq	24	static
../Drivers/STM32F2xx_HAL_Driver/Src/stm32f2xx_hal.c:368:21:HAL_GetTickFreq	4	static
../Drivers/STM32F2xx_HAL_Driver/Src/stm32f2xx_hal.c:384:13:HAL_Delay	24	static
../Drivers/STM32F2xx_HAL_Driver/Src/stm32f2xx_hal.c:413:13:HAL_SuspendTick	4	static
../Drivers/STM32F2xx_HAL_Driver/Src/stm32f2xx_hal.c:429:13:HAL_ResumeTick	4	static
../Drivers/STM32F2xx_HAL_Driver/Src/stm32f2xx_hal.c:439:10:HAL_GetHalVersion	4	static
../Drivers/STM32F2xx_HAL_Driver/Src/stm32f2xx_hal.c:448:10:HAL_GetREVID	4	static
../Drivers/STM32F2xx_HAL_Driver/Src/stm32f2xx_hal.c:457:10:HAL_GetDEVID	4	static
../Drivers/STM32F2xx_HAL_Driver/Src/stm32f2xx_hal.c:466:6:HAL_DBGMCU_EnableDBGSleepMode	4	static
../Drivers/STM32F2xx_HAL_Driver/Src/stm32f2xx_hal.c:475:6:HAL_DBGMCU_DisableDBGSleepMode	4	static
../Drivers/STM32F2xx_HAL_Driver/Src/stm32f2xx_hal.c:484:6:HAL_DBGMCU_EnableDBGStopMode	4	static
../Drivers/STM32F2xx_HAL_Driver/Src/stm32f2xx_hal.c:493:6:HAL_DBGMCU_DisableDBGStopMode	4	static
../Drivers/STM32F2xx_HAL_Driver/Src/stm32f2xx_hal.c:502:6:HAL_DBGMCU_EnableDBGStandbyMode	4	static
../Drivers/STM32F2xx_HAL_Driver/Src/stm32f2xx_hal.c:511:6:HAL_DBGMCU_DisableDBGStandbyMode	4	static
../Drivers/STM32F2xx_HAL_Driver/Src/stm32f2xx_hal.c:522:6:HAL_EnableCompensationCell	16	static,ignoring_inline_asm
../Drivers/STM32F2xx_HAL_Driver/Src/stm32f2xx_hal.c:533:6:HAL_DisableCompensationCell	16	static,ignoring_inline_asm
../Drivers/STM32F2xx_HAL_Driver/Src/stm32f2xx_hal.c:542:10:HAL_GetUIDw0	4	static
../Drivers/STM32F2xx_HAL_Driver/Src/stm32f2xx_hal.c:551:10:HAL_GetUIDw1	4	static
../Drivers/STM32F2xx_HAL_Driver/Src/stm32f2xx_hal.c:560:10:HAL_GetUIDw2	4	static
