2025-06-09 17:19:26,925 [INFO] Activator:176 - 


2025-06-09 17:19:26,927 [INFO] Activator:177 - !SESSION log4j initialized
2025-06-09 17:19:29,174 [INFO] LogOutputStream:77 - [STDOUT_REDIRECT] 
2025-06-09 17:19:35,224 [INFO] ApplicationProperties:184 - Using Application install path: C:\ST\STM32CubeIDE_1.15.1\STM32CubeIDE\plugins\com.st.stm32cube.common.mx_6.11.1.202404110753
2025-06-09 17:19:35,249 [INFO] DbMcusXml:78 - Set database path to: C:\ST\STM32CubeIDE_1.15.1\STM32CubeIDE\plugins\com.st.stm32cube.common.mx_6.11.1.202404110753\\db\/mcu/
2025-06-09 17:19:35,250 [INFO] ApiDb:274 - Set plugin database path to: C:\ST\STM32CubeIDE_1.15.1\STM32CubeIDE\plugins\com.st.stm32cube.common.mx_6.11.1.202404110753\\db\/plugins/boardmanager/
2025-06-09 17:19:35,251 [WARN] ApiDb:259 - Overriding images path with different value:  => C:\ST\STM32CubeIDE_1.15.1\STM32CubeIDE\plugins\com.st.stm32cube.common.mx_6.11.1.202404110753\\db\/plugins/mcufinder/images/
2025-06-09 17:19:35,260 [INFO] ApiDb:250 - Set database path to: C:\Users\shoot\.stmcufinder\plugins\mcufinder//mcu/
2025-06-09 17:19:35,261 [INFO] DbMcusAds:125 - Set database path to: C:\Users\shoot\.stmcufinder\plugins\mcufinder//mcu/
2025-06-09 17:19:35,266 [INFO] CrossReferenceDbSqlite:203 - Set database path to: C:\Users\shoot\.stmcufinder\plugins\mcufinder//mcu/cs/
2025-06-09 17:19:35,482 [INFO] RulesReader:64 - Compatibility file has been processed (297 Rules)
2025-06-09 17:19:35,619 [INFO] DbMcusXml:78 - Set database path to: C:\ST\STM32CubeIDE_1.15.1\STM32CubeIDE\plugins\com.st.stm32cube.common.mx_6.11.1.202404110753\\db\/mcu/
2025-06-09 17:19:35,619 [INFO] ApiDb:274 - Set plugin database path to: C:\ST\STM32CubeIDE_1.15.1\STM32CubeIDE\plugins\com.st.stm32cube.common.mx_6.11.1.202404110753\\db\/plugins/boardmanager/
2025-06-09 17:19:35,619 [INFO] ApiDb:261 - Set plugin images path to: C:\ST\STM32CubeIDE_1.15.1\STM32CubeIDE\plugins\com.st.stm32cube.common.mx_6.11.1.202404110753\\db\/plugins/mcufinder/images/
2025-06-09 17:19:35,620 [WARN] DbFile:41 - Overriding database path with different value: C:\Users\shoot\.stmcufinder\plugins\mcufinder/ => C:\Users\shoot\.stmcufinder\plugins\mcufinder
2025-06-09 17:19:35,620 [INFO] ApiDb:250 - Set database path to: C:\Users\shoot\.stmcufinder\plugins\mcufinder//mcu/
2025-06-09 17:19:35,620 [WARN] DbFile:41 - Overriding database path with different value: C:\Users\shoot\.stmcufinder\plugins\mcufinder/ => C:\Users\shoot\.stmcufinder\plugins\mcufinder
2025-06-09 17:19:35,620 [INFO] DbMcusAds:125 - Set database path to: C:\Users\shoot\.stmcufinder\plugins\mcufinder//mcu/
2025-06-09 17:19:35,620 [WARN] DbFile:41 - Overriding database path with different value: C:\Users\shoot\.stmcufinder\plugins\mcufinder/ => C:\Users\shoot\.stmcufinder\plugins\mcufinder
2025-06-09 17:19:35,620 [WARN] DbFile:41 - Overriding database path with different value: C:\Users\shoot\.stmcufinder\plugins\mcufinder/ => C:\Users\shoot\.stmcufinder\plugins\mcufinder
2025-06-09 17:19:35,620 [INFO] CrossReferenceDbSqlite:203 - Set database path to: C:\Users\shoot\.stmcufinder\plugins\mcufinder//mcu/cs/
2025-06-09 17:19:35,742 [INFO] MainPanel:264 - HeapMemory: 268435456
2025-06-09 17:19:35,870 [INFO] DbMcusXml:78 - Set database path to: C:\ST\STM32CubeIDE_1.15.1\STM32CubeIDE\plugins\com.st.stm32cube.common.mx_6.11.1.202404110753\\db\/mcu/
2025-06-09 17:19:35,870 [INFO] ApiDb:274 - Set plugin database path to: C:\ST\STM32CubeIDE_1.15.1\STM32CubeIDE\plugins\com.st.stm32cube.common.mx_6.11.1.202404110753\\db\/plugins/boardmanager/
2025-06-09 17:19:35,870 [INFO] ApiDb:261 - Set plugin images path to: C:\ST\STM32CubeIDE_1.15.1\STM32CubeIDE\plugins\com.st.stm32cube.common.mx_6.11.1.202404110753\\db\/plugins/mcufinder/images/
2025-06-09 17:19:35,871 [WARN] DbFile:41 - Overriding database path with different value: C:\Users\shoot\.stmcufinder\plugins\mcufinder/ => C:\Users\shoot\.stmcufinder\plugins\mcufinder
2025-06-09 17:19:35,871 [INFO] ApiDb:250 - Set database path to: C:\Users\shoot\.stmcufinder\plugins\mcufinder//mcu/
2025-06-09 17:19:35,871 [WARN] DbFile:41 - Overriding database path with different value: C:\Users\shoot\.stmcufinder\plugins\mcufinder/ => C:\Users\shoot\.stmcufinder\plugins\mcufinder
2025-06-09 17:19:35,872 [INFO] DbMcusAds:125 - Set database path to: C:\Users\shoot\.stmcufinder\plugins\mcufinder//mcu/
2025-06-09 17:19:35,872 [WARN] DbFile:41 - Overriding database path with different value: C:\Users\shoot\.stmcufinder\plugins\mcufinder/ => C:\Users\shoot\.stmcufinder\plugins\mcufinder
2025-06-09 17:19:35,872 [WARN] DbFile:41 - Overriding database path with different value: C:\Users\shoot\.stmcufinder\plugins\mcufinder/ => C:\Users\shoot\.stmcufinder\plugins\mcufinder
2025-06-09 17:19:35,872 [INFO] CrossReferenceDbSqlite:203 - Set database path to: C:\Users\shoot\.stmcufinder\plugins\mcufinder//mcu/cs/
2025-06-09 17:19:35,907 [INFO] ApplicationProperties:184 - Using Application install path: C:\ST\STM32CubeIDE_1.15.1\STM32CubeIDE\plugins\com.st.stm32cube.common.mx_6.11.1.202404110753
2025-06-09 17:19:35,909 [INFO] PluginManage:196 - Search for loadable plugins [exclusion list=, ]
2025-06-09 17:19:35,912 [INFO] PluginManage:310 - Check plugin analytics
2025-06-09 17:19:36,214 [INFO] AnalyticsPlugin:253 - Accepted Software Licenses: 
2025-06-09 17:19:36,215 [INFO] AnalyticsPlugin:255 - Accepted CMSIS Pack Licenses: 
2025-06-09 17:19:36,215 [INFO] AnalyticsPlugin:257 - Accepted Firmware Licenses: FW.F7.1.17.0
2025-06-09 17:19:36,219 [INFO] PluginManage:359 - Loaded plugin analytics (category:tool,tabindex:-1)
2025-06-09 17:19:36,219 [INFO] PluginManage:310 - Check plugin cadmodel
2025-06-09 17:19:36,223 [INFO] CADModel:105 - Init CAD model plugin
2025-06-09 17:19:36,223 [INFO] PluginManage:359 - Loaded plugin cadmodel (category:power,tabindex:5)
2025-06-09 17:19:36,223 [INFO] PluginManage:310 - Check plugin clock
2025-06-09 17:19:36,235 [INFO] PluginManage:359 - Loaded plugin clock (category:base,tabindex:2)
2025-06-09 17:19:36,235 [INFO] PluginManage:310 - Check plugin ddr
2025-06-09 17:19:36,238 [INFO] PluginManage:359 - Loaded plugin ddr (category:tool,tabindex:6)
2025-06-09 17:19:36,238 [INFO] PluginManage:310 - Check plugin filemanager
2025-06-09 17:19:36,498 [INFO] PluginManage:359 - Loaded plugin filemanager (category:base,tabindex:10)
2025-06-09 17:19:36,499 [INFO] PluginManage:310 - Check plugin ipmanager
2025-06-09 17:19:36,514 [INFO] PluginManage:359 - Loaded plugin ipmanager (category:base,tabindex:5)
2025-06-09 17:19:36,515 [INFO] PluginManage:310 - Check plugin lpbam
2025-06-09 17:19:36,529 [INFO] PluginManage:359 - Loaded plugin lpbam (category:base,tabindex:0)
2025-06-09 17:19:36,530 [INFO] PluginManage:310 - Check plugin memorymap
2025-06-09 17:19:36,559 [INFO] PluginManage:359 - Loaded plugin memorymap (category:base,tabindex:4)
2025-06-09 17:19:36,559 [INFO] PluginManage:310 - Check plugin pinoutandconfiguration
2025-06-09 17:19:36,578 [INFO] PluginManage:359 - Loaded plugin pinoutandconfiguration (category:base,tabindex:1)
2025-06-09 17:19:36,579 [INFO] PluginManage:310 - Check plugin pinoutconfig
2025-06-09 17:19:36,734 [WARN] SupportedApi:132 - Cannot load RTOS API schema: s4s-elt-must-match.1: The content of 'definitions' must match (annotation?, (simpleType | complexType)?, (unique | key | keyref)*)). A problem was found starting at: attribute.
2025-06-09 17:19:37,016 [INFO] PluginManage:359 - Loaded plugin pinoutconfig (category:base,tabindex:0)
2025-06-09 17:19:37,017 [INFO] PluginManage:310 - Check plugin power
2025-06-09 17:19:37,027 [INFO] PluginManage:359 - Loaded plugin power (category:power,tabindex:4)
2025-06-09 17:19:37,028 [INFO] PluginManage:310 - Check plugin projectmanager
2025-06-09 17:19:37,053 [INFO] PluginManage:359 - Loaded plugin projectmanager (category:projectmanager,tabindex:3)
2025-06-09 17:19:37,053 [INFO] PluginManage:310 - Check plugin thirdparty
2025-06-09 17:19:37,274 [INFO] PluginManage:359 - Loaded plugin thirdparty (category:base,tabindex:-1)
2025-06-09 17:19:37,274 [WARN] IntegrityCheckThread:84 - waiting for thirdparty lock release [integrity check]
2025-06-09 17:19:37,274 [INFO] PluginManage:310 - Check plugin tools
2025-06-09 17:19:37,274 [INFO] IntegrityCheckThread:86 - entering critical section [integrity check]
2025-06-09 17:19:37,274 [INFO] ThirdPartyUpdaterWithRetryManager:70 - Updater plugin not ready yet. [1/15]
2025-06-09 17:19:37,277 [INFO] PluginManage:359 - Loaded plugin tools (category:base,tabindex:7)
2025-06-09 17:19:37,277 [INFO] PluginManage:310 - Check plugin tutovideos
2025-06-09 17:19:37,546 [INFO] PluginManage:359 - Loaded plugin tutovideos (category:base,tabindex:-1)
2025-06-09 17:19:37,546 [INFO] PluginManage:310 - Check plugin updater
2025-06-09 17:19:37,561 [INFO] PluginManage:359 - Loaded plugin updater (category:base,tabindex:12)
2025-06-09 17:19:37,561 [INFO] PluginManage:310 - Check plugin userauth
2025-06-09 17:19:37,567 [INFO] UserAuth:114 - Init User Auth plugin
2025-06-09 17:19:37,567 [INFO] PluginManage:359 - Loaded plugin userauth (category:base,tabindex:14)
2025-06-09 17:19:37,568 [INFO] PluginManage:283 - PluginManage : Loaded plugins [17]
2025-06-09 17:19:37,883 [INFO] PinOutPanel:1561 - setPackage(No Configuration,No Configuration)
2025-06-09 17:19:37,989 [INFO] CADModel:165 - CPN selected for project level
2025-06-09 17:19:37,989 [INFO] CADModel:114 - Register for checkConnection events
2025-06-09 17:19:38,007 [INFO] IPUIPlugin:80 - create IPUIPlugin
2025-06-09 17:19:38,007 [INFO] PluginManager:220 - loadIPPluginJar : add adc
2025-06-09 17:19:38,011 [INFO] IPUIPlugin:80 - create IPUIPlugin
2025-06-09 17:19:38,011 [INFO] PluginManager:220 - loadIPPluginJar : add aes
2025-06-09 17:19:38,014 [INFO] IPUIPlugin:80 - create IPUIPlugin
2025-06-09 17:19:38,014 [INFO] PluginManager:220 - loadIPPluginJar : add can
2025-06-09 17:19:38,018 [INFO] IPUIPlugin:80 - create IPUIPlugin
2025-06-09 17:19:38,018 [INFO] PluginManager:220 - loadIPPluginJar : add comp
2025-06-09 17:19:38,022 [INFO] IPUIPlugin:80 - create IPUIPlugin
2025-06-09 17:19:38,022 [INFO] PluginManager:220 - loadIPPluginJar : add cryp
2025-06-09 17:19:38,026 [INFO] IPUIPlugin:80 - create IPUIPlugin
2025-06-09 17:19:38,026 [INFO] PluginManager:220 - loadIPPluginJar : add dfsdm
2025-06-09 17:19:38,034 [INFO] IPUIPlugin:80 - create IPUIPlugin
2025-06-09 17:19:38,035 [INFO] PluginManager:220 - loadIPPluginJar : add dma
2025-06-09 17:19:38,038 [INFO] IPUIPlugin:80 - create IPUIPlugin
2025-06-09 17:19:38,038 [INFO] PluginManager:220 - loadIPPluginJar : add dma3
2025-06-09 17:19:38,042 [INFO] IPUIPlugin:80 - create IPUIPlugin
2025-06-09 17:19:38,042 [INFO] PluginManager:220 - loadIPPluginJar : add extmemmanager
2025-06-09 17:19:38,060 [INFO] IPUIPlugin:80 - create IPUIPlugin
2025-06-09 17:19:38,060 [INFO] PluginManager:220 - loadIPPluginJar : add fatfs
2025-06-09 17:19:38,065 [INFO] IPUIPlugin:80 - create IPUIPlugin
2025-06-09 17:19:38,065 [INFO] PluginManager:220 - loadIPPluginJar : add fmc
2025-06-09 17:19:38,077 [INFO] IPUIPlugin:80 - create IPUIPlugin
2025-06-09 17:19:38,077 [INFO] PluginManager:220 - loadIPPluginJar : add freertos
2025-06-09 17:19:38,079 [INFO] IPUIPlugin:80 - create IPUIPlugin
2025-06-09 17:19:38,079 [INFO] PluginManager:220 - loadIPPluginJar : add genericplugin
2025-06-09 17:19:38,083 [INFO] IPUIPlugin:80 - create IPUIPlugin
2025-06-09 17:19:38,083 [INFO] PluginManager:220 - loadIPPluginJar : add gfxmmu
2025-06-09 17:19:38,088 [INFO] IPUIPlugin:80 - create IPUIPlugin
2025-06-09 17:19:38,088 [INFO] PluginManager:220 - loadIPPluginJar : add gic
2025-06-09 17:19:38,094 [INFO] IPUIPlugin:80 - create IPUIPlugin
2025-06-09 17:19:38,094 [INFO] PluginManager:220 - loadIPPluginJar : add gpio
2025-06-09 17:19:38,097 [INFO] IPUIPlugin:80 - create IPUIPlugin
2025-06-09 17:19:38,097 [INFO] PluginManager:220 - loadIPPluginJar : add gtzc
2025-06-09 17:19:38,100 [INFO] IPUIPlugin:80 - create IPUIPlugin
2025-06-09 17:19:38,100 [INFO] PluginManager:220 - loadIPPluginJar : add hash
2025-06-09 17:19:38,105 [INFO] IPUIPlugin:80 - create IPUIPlugin
2025-06-09 17:19:38,105 [INFO] PluginManager:220 - loadIPPluginJar : add i2c
2025-06-09 17:19:38,109 [INFO] IPUIPlugin:80 - create IPUIPlugin
2025-06-09 17:19:38,109 [INFO] PluginManager:220 - loadIPPluginJar : add i2s
2025-06-09 17:19:38,114 [INFO] IPUIPlugin:80 - create IPUIPlugin
2025-06-09 17:19:38,114 [INFO] PluginManager:220 - loadIPPluginJar : add i3c
2025-06-09 17:19:38,119 [INFO] IPUIPlugin:80 - create IPUIPlugin
2025-06-09 17:19:38,120 [INFO] PluginManager:220 - loadIPPluginJar : add ipddr
2025-06-09 17:19:38,130 [INFO] IPUIPlugin:80 - create IPUIPlugin
2025-06-09 17:19:38,130 [INFO] PluginManager:220 - loadIPPluginJar : add linkedlist
2025-06-09 17:19:38,135 [INFO] IPUIPlugin:80 - create IPUIPlugin
2025-06-09 17:19:38,135 [INFO] PluginManager:220 - loadIPPluginJar : add lorawan
2025-06-09 17:19:38,137 [INFO] IPUIPlugin:80 - create IPUIPlugin
2025-06-09 17:19:38,138 [INFO] PluginManager:220 - loadIPPluginJar : add ltdc
2025-06-09 17:19:38,146 [INFO] IPUIPlugin:80 - create IPUIPlugin
2025-06-09 17:19:38,146 [INFO] PluginManager:220 - loadIPPluginJar : add mdma
2025-06-09 17:19:38,151 [INFO] IPUIPlugin:80 - create IPUIPlugin
2025-06-09 17:19:38,152 [INFO] PluginManager:220 - loadIPPluginJar : add nvic
2025-06-09 17:19:38,156 [INFO] IPUIPlugin:80 - create IPUIPlugin
2025-06-09 17:19:38,156 [INFO] PluginManager:220 - loadIPPluginJar : add opamp
2025-06-09 17:19:38,161 [INFO] IPUIPlugin:80 - create IPUIPlugin
2025-06-09 17:19:38,162 [INFO] PluginManager:220 - loadIPPluginJar : add openamp
2025-06-09 17:19:38,166 [INFO] IPUIPlugin:80 - create IPUIPlugin
2025-06-09 17:19:38,167 [INFO] PluginManager:220 - loadIPPluginJar : add pdm2pcm
2025-06-09 17:19:38,175 [INFO] IPUIPlugin:80 - create IPUIPlugin
2025-06-09 17:19:38,182 [INFO] PluginManager:220 - loadIPPluginJar : add plateformsettings
2025-06-09 17:19:38,185 [INFO] IPUIPlugin:80 - create IPUIPlugin
2025-06-09 17:19:38,185 [INFO] PluginManager:220 - loadIPPluginJar : add quadspi
2025-06-09 17:19:38,189 [INFO] IPUIPlugin:80 - create IPUIPlugin
2025-06-09 17:19:38,189 [INFO] PluginManager:220 - loadIPPluginJar : add resmgrutility
2025-06-09 17:19:38,193 [INFO] IPUIPlugin:80 - create IPUIPlugin
2025-06-09 17:19:38,193 [INFO] PluginManager:220 - loadIPPluginJar : add sai
2025-06-09 17:19:38,197 [INFO] IPUIPlugin:80 - create IPUIPlugin
2025-06-09 17:19:38,197 [INFO] PluginManager:220 - loadIPPluginJar : add spi
2025-06-09 17:19:38,205 [INFO] IPUIPlugin:80 - create IPUIPlugin
2025-06-09 17:19:38,205 [INFO] PluginManager:220 - loadIPPluginJar : add stm32_wpan
2025-06-09 17:19:38,208 [INFO] IPUIPlugin:80 - create IPUIPlugin
2025-06-09 17:19:38,208 [INFO] PluginManager:220 - loadIPPluginJar : add tim
2025-06-09 17:19:38,212 [INFO] IPUIPlugin:80 - create IPUIPlugin
2025-06-09 17:19:38,212 [INFO] PluginManager:220 - loadIPPluginJar : add touchsensing
2025-06-09 17:19:38,216 [INFO] IPUIPlugin:80 - create IPUIPlugin
2025-06-09 17:19:38,216 [INFO] PluginManager:220 - loadIPPluginJar : add tracer_emb
2025-06-09 17:19:38,219 [INFO] IPUIPlugin:80 - create IPUIPlugin
2025-06-09 17:19:38,219 [INFO] PluginManager:220 - loadIPPluginJar : add ts
2025-06-09 17:19:38,221 [INFO] IPUIPlugin:80 - create IPUIPlugin
2025-06-09 17:19:38,221 [INFO] PluginManager:220 - loadIPPluginJar : add tsc
2025-06-09 17:19:38,223 [INFO] IPUIPlugin:80 - create IPUIPlugin
2025-06-09 17:19:38,223 [INFO] PluginManager:220 - loadIPPluginJar : add ucpd
2025-06-09 17:19:38,228 [INFO] IPUIPlugin:80 - create IPUIPlugin
2025-06-09 17:19:38,228 [INFO] PluginManager:220 - loadIPPluginJar : add usart
2025-06-09 17:19:38,232 [INFO] IPUIPlugin:80 - create IPUIPlugin
2025-06-09 17:19:38,232 [INFO] PluginManager:220 - loadIPPluginJar : add usbx
2025-06-09 17:19:38,388 [INFO] CADModel:165 - CPN selected for project level
2025-06-09 17:19:38,388 [INFO] CADModel:114 - Register for checkConnection events
2025-06-09 17:19:38,390 [FATAL] Updater:308 - Updater called before beeing initialized
2025-06-09 17:19:38,390 [ERROR] CADModel:125 - Updater not yet initialized, retry later 
2025-06-09 17:19:38,580 [INFO] CADModel:165 - CPN selected for project level
2025-06-09 17:19:38,581 [INFO] CADModel:114 - Register for checkConnection events
2025-06-09 17:19:38,581 [FATAL] Updater:308 - Updater called before beeing initialized
2025-06-09 17:19:38,581 [ERROR] CADModel:125 - Updater not yet initialized, retry later 
2025-06-09 17:19:38,586 [FATAL] Updater:308 - Updater called before beeing initialized
2025-06-09 17:19:38,782 [FATAL] Updater:308 - Updater called before beeing initialized
2025-06-09 17:19:38,788 [INFO] DbMcusAds:53 - JSON generation date=Thu Mar 06 15:54:21 CET 2025 (1741272861825)
2025-06-09 17:19:38,788 [FATAL] Updater:308 - Updater called before beeing initialized
2025-06-09 17:19:38,840 [WARN] DetailPanel:346 - Failed to get advertising image, set to default
2025-06-09 17:19:38,978 [FATAL] Updater:308 - Updater called before beeing initialized
2025-06-09 17:19:38,980 [FATAL] Updater:308 - Updater called before beeing initialized
2025-06-09 17:19:38,980 [FATAL] Updater:308 - Updater called before beeing initialized
2025-06-09 17:19:38,980 [WARN] DetailPanel:346 - Failed to get advertising image, set to default
2025-06-09 17:19:38,981 [FATAL] Updater:308 - Updater called before beeing initialized
2025-06-09 17:19:39,056 [ERROR] Updater:1120 - MainUpdater not yet initialized. External WinMGr cannot be set.
2025-06-09 17:19:39,059 [INFO] Updater:1056 - Updater Version found : 6.11.1
2025-06-09 17:19:39,085 [INFO] ApplicationProperties:184 - Using Application install path: C:\ST\STM32CubeIDE_1.15.1\STM32CubeIDE\plugins\com.st.stm32cube.common.mx_6.11.1.202404110753
2025-06-09 17:19:40,276 [INFO] ThirdPartyUpdaterWithRetryManager:70 - Updater plugin not ready yet. [2/15]
2025-06-09 17:19:40,672 [ERROR] LogOutputStream:75 - [STDERR_REDIRECT] Jun 09, 2025 5:19:40 PM java.util.prefs.WindowsPreferences <init>
2025-06-09 17:19:40,675 [ERROR] LogOutputStream:75 - [STDERR_REDIRECT] WARNING: Could not open/create prefs root node Software\JavaSoft\Prefs at root 0xffffffff80000002. Windows RegCreateKeyEx(...) returned error code 5.
2025-06-09 17:19:40,675 [ERROR] LogOutputStream:75 - [STDERR_REDIRECT] 
2025-06-09 17:19:41,057 [INFO] MainUpdater:2873 - connection check result : 10
2025-06-09 17:19:41,058 [INFO] MainUpdater:290 - Updater Check For Update Now.
2025-06-09 17:19:41,058 [INFO] MicroXplorer:498 - Change Database Version : DB.6.0.111
2025-06-09 17:19:41,067 [INFO] McuFinderGlobals:63 - Set McuFinder mode to 2 (CubeIDE integrated)
2025-06-09 17:19:41,077 [INFO] UserAuth:415 - Internet connection configuration mode: 1
2025-06-09 17:19:41,099 [INFO] JxBrowserEngine:152 - Initiate JxBrowser Engine with user profile folder
2025-06-09 17:19:41,285 [INFO] CheckServerUpdateThread:120 - End of CheckServer Thread
2025-06-09 17:19:42,459 [INFO] WebApp:161 - Instantiating new browser for Auth
2025-06-09 17:19:43,578 [INFO] WebApp:779 - Register for checkConnection events
2025-06-09 17:19:43,578 [INFO] WebApp:414 - Apply proxy settings
2025-06-09 17:19:43,579 [INFO] WebApp:499 - Chromium requires no authentication
2025-06-09 17:19:43,594 [INFO] WebApp:442 - Direct internet connection detected
2025-06-09 17:19:43,764 [WARN] PackLoader:240 - Cannot read IP mode file for STMicroelectronics.FP-SNS-MOTENVWB1.1.4.0
2025-06-09 17:19:43,777 [WARN] PackLoader:240 - Cannot read IP mode file for STMicroelectronics.FP-ATR-ASTRA1.2.0.2
2025-06-09 17:19:43,793 [WARN] PackLoader:240 - Cannot read IP mode file for STMicroelectronics.X-CUBE-SMBUS.2.1.0
2025-06-09 17:19:43,814 [WARN] PackLoader:240 - Cannot read IP mode file for STMicroelectronics.X-CUBE-WB05N.1.1.0
2025-06-09 17:19:43,821 [ERROR] Engine:466 - C:\Users\shoot\.stm32cubemx\thirdparties\pdsc\STMicroelectronics.X-CUBE-ST60.1.0.0.pdsc: PDSC version is not supported
2025-06-09 17:19:43,829 [WARN] PackLoader:240 - Cannot read IP mode file for STMicroelectronics.X-CUBE-TOUCHGFX.4.23.2
2025-06-09 17:19:43,877 [WARN] PackLoader:240 - Cannot read IP mode file for STMicroelectronics.X-CUBE-AZRTOS-F7.1.1.0
2025-06-09 17:19:43,993 [WARN] PackLoader:240 - Cannot read IP mode file for STMicroelectronics.X-CUBE-MEMS1.11.0.0
2025-06-09 17:19:44,043 [INFO] WebApp:192 - Starting web application
2025-06-09 17:19:44,043 [INFO] WebApp:544 - Web application path used C:\ST\STM32CubeIDE_1.15.1\STM32CubeIDE\plugins\com.st.stm32cube.common.mx_6.11.1.202404110753\db\plugins\mcufinder\reactClient1\index.html
2025-06-09 17:19:44,238 [WARN] PackLoader:240 - Cannot read IP mode file for STMicroelectronics.FP-SNS-FLIGHT1.5.0.2
2025-06-09 17:19:44,252 [WARN] PackLoader:240 - Cannot read IP mode file for STMicroelectronics.X-CUBE-DISPLAY.3.0.0
2025-06-09 17:19:44,268 [WARN] PackLoader:240 - Cannot read IP mode file for STMicroelectronics.X-CUBE-BLE1.7.0.0
2025-06-09 17:19:44,280 [WARN] PackLoader:240 - Cannot read IP mode file for STMicroelectronics.X-CUBE-NFC10.1.0.0
2025-06-09 17:19:44,305 [WARN] PackLoader:240 - Cannot read IP mode file for STMicroelectronics.X-CUBE-BLEMGR.4.0.0
2025-06-09 17:19:44,322 [WARN] PackLoader:240 - Cannot read IP mode file for emotas.I-CUBE-CANOPEN.1.3.0
2025-06-09 17:19:44,339 [WARN] PackLoader:240 - Cannot read IP mode file for STMicroelectronics.X-CUBE-BLEMGR.3.1.0
2025-06-09 17:19:44,350 [WARN] PackLoader:240 - Cannot read IP mode file for STMicroelectronics.X-CUBE-AI.10.0.0
2025-06-09 17:19:44,360 [WARN] PackLoader:240 - Cannot read IP mode file for STMicroelectronics.FP-SNS-SMARTAG2.1.2.0
2025-06-09 17:19:44,366 [ERROR] Engine:466 - C:\Users\shoot\.stm32cubemx\thirdparties\pdsc\STMicroelectronics.FP-SNS-FLIGHT1.5.1.0.pdsc: PDSC version is not supported
2025-06-09 17:19:44,465 [WARN] PackLoader:240 - Cannot read IP mode file for STMicroelectronics.X-CUBE-MEMS1.11.1.0
2025-06-09 17:19:44,693 [INFO] LogOutputStream:77 - [STDOUT_REDIRECT] 1 : Invalid condition id : UX_CORESTACK_Condition cause : null
2025-06-09 17:19:44,694 [INFO] LogOutputStream:77 - [STDOUT_REDIRECT] 1 : Invalid condition id : UX_CORESTACK_Condition cause : null
2025-06-09 17:19:44,696 [INFO] LogOutputStream:77 - [STDOUT_REDIRECT] 1 : Invalid condition id : UX_CORESTACK_Condition cause : null
2025-06-09 17:19:44,698 [INFO] LogOutputStream:77 - [STDOUT_REDIRECT] 1 : Invalid condition id : UX_CORESTACK_Condition cause : null
2025-06-09 17:19:44,701 [INFO] LogOutputStream:77 - [STDOUT_REDIRECT] 1 : Invalid condition id : UX_CORESTACK_Condition cause : null
2025-06-09 17:19:44,707 [WARN] PackLoader:240 - Cannot read IP mode file for STMicroelectronics.X-CUBE-AZRTOS-WL.2.0.0
2025-06-09 17:19:44,715 [WARN] PackLoader:240 - Cannot read IP mode file for STMicroelectronics.FP-SNS-MOTENV1.5.0.0
2025-06-09 17:19:44,724 [WARN] PackLoader:240 - Cannot read IP mode file for wolfSSL.I-CUBE-wolfMQTT.1.19.0
2025-06-09 17:19:44,737 [WARN] PackLoader:240 - Cannot read IP mode file for WES.I-CUBE-Cesium.1.3.0
2025-06-09 17:19:44,743 [WARN] PackLoader:240 - Cannot read IP mode file for STMicroelectronics.X-CUBE-BLE2.3.3.0
2025-06-09 17:19:44,752 [WARN] PackLoader:240 - Cannot read IP mode file for STMicroelectronics.X-CUBE-NFC9.1.0.0
2025-06-09 17:19:44,760 [WARN] PackLoader:240 - Cannot read IP mode file for STMicroelectronics.X-CUBE-BLE1.7.1.0
2025-06-09 17:19:44,769 [WARN] PackLoader:240 - Cannot read IP mode file for STMicroelectronics.X-CUBE-TCPP.4.1.0
2025-06-09 17:19:44,785 [WARN] PackLoader:240 - Cannot read IP mode file for STMicroelectronics.X-CUBE-AI.10.1.0
2025-06-09 17:19:44,794 [WARN] PackLoader:240 - Cannot read IP mode file for STMicroelectronics.X-CUBE-ALGOBUILD.1.3.0
2025-06-09 17:19:44,879 [WARN] PackLoader:240 - Cannot read IP mode file for STMicroelectronics.X-CUBE-MEMS1.11.2.0
2025-06-09 17:19:45,123 [WARN] PackLoader:240 - Cannot read IP mode file for STMicroelectronics.X-CUBE-AZRTOS-G0.1.1.0
2025-06-09 17:19:45,131 [WARN] PackLoader:240 - Cannot read IP mode file for STMicroelectronics.X-CUBE-SAFEA1.1.2.2
2025-06-09 17:19:45,141 [WARN] PackLoader:240 - Cannot read IP mode file for STMicroelectronics.X-CUBE-NFC4.3.0.0
2025-06-09 17:19:45,146 [WARN] PackLoader:240 - Cannot read IP mode file for wolfSSL.I-CUBE-wolfMQTT.1.18.0
2025-06-09 17:19:45,160 [WARN] PackLoader:240 - Cannot read IP mode file for EmbeddedOffice.I-CUBE-FS-RTOS.1.0.1
2025-06-09 17:19:45,160 [ERROR] ConditionMgr:805 - Attr not supported : Dmpu
2025-06-09 17:19:45,160 [ERROR] ConditionMgr:805 - Attr not supported : Dmpu
2025-06-09 17:19:45,160 [ERROR] ConditionMgr:805 - Attr not supported : Dmpu
2025-06-09 17:19:45,161 [ERROR] ConditionMgr:805 - Attr not supported : Dmpu
2025-06-09 17:19:45,161 [ERROR] ConditionMgr:805 - Attr not supported : Dmpu
2025-06-09 17:19:45,161 [ERROR] ConditionMgr:805 - Attr not supported : Dmpu
2025-06-09 17:19:45,161 [ERROR] ConditionMgr:805 - Attr not supported : Dmpu
2025-06-09 17:19:45,161 [ERROR] ConditionMgr:805 - Attr not supported : Dmpu
2025-06-09 17:19:45,161 [ERROR] ConditionMgr:805 - Attr not supported : Dmpu
2025-06-09 17:19:45,161 [ERROR] ConditionMgr:805 - Attr not supported : Dmpu
2025-06-09 17:19:45,161 [ERROR] ConditionMgr:805 - Attr not supported : Dmpu
2025-06-09 17:19:45,161 [ERROR] ConditionMgr:805 - Attr not supported : Dmpu
2025-06-09 17:19:45,161 [ERROR] ConditionMgr:805 - Attr not supported : Dmpu
2025-06-09 17:19:45,162 [ERROR] ConditionMgr:805 - Attr not supported : Dmpu
2025-06-09 17:19:45,162 [ERROR] ConditionMgr:805 - Attr not supported : Dmpu
2025-06-09 17:19:45,162 [ERROR] ConditionMgr:805 - Attr not supported : Dmpu
2025-06-09 17:19:45,162 [ERROR] ConditionMgr:805 - Attr not supported : Dmpu
2025-06-09 17:19:45,162 [ERROR] ConditionMgr:805 - Attr not supported : Dmpu
2025-06-09 17:19:45,162 [ERROR] ConditionMgr:805 - Attr not supported : Dmpu
2025-06-09 17:19:45,162 [ERROR] ConditionMgr:805 - Attr not supported : Dmpu
2025-06-09 17:19:45,162 [ERROR] ConditionMgr:805 - Attr not supported : Dmpu
2025-06-09 17:19:45,163 [ERROR] ConditionMgr:805 - Attr not supported : Dmpu
2025-06-09 17:19:45,163 [ERROR] ConditionMgr:805 - Attr not supported : Dmpu
2025-06-09 17:19:45,163 [ERROR] ConditionMgr:805 - Attr not supported : Dmpu
2025-06-09 17:19:45,163 [ERROR] ConditionMgr:805 - Attr not supported : Dmpu
2025-06-09 17:19:45,163 [ERROR] ConditionMgr:805 - Attr not supported : Dmpu
2025-06-09 17:19:45,163 [ERROR] ConditionMgr:805 - Attr not supported : Dmpu
2025-06-09 17:19:45,163 [ERROR] ConditionMgr:805 - Attr not supported : Dmpu
2025-06-09 17:19:45,163 [ERROR] ConditionMgr:805 - Attr not supported : Dmpu
2025-06-09 17:19:45,163 [ERROR] ConditionMgr:805 - Attr not supported : Dmpu
2025-06-09 17:19:45,163 [ERROR] ConditionMgr:805 - Attr not supported : Dmpu
2025-06-09 17:19:45,163 [ERROR] ConditionMgr:805 - Attr not supported : Dmpu
2025-06-09 17:19:45,163 [ERROR] ConditionMgr:805 - Attr not supported : Dmpu
2025-06-09 17:19:45,165 [ERROR] ConditionMgr:805 - Attr not supported : Dmpu
2025-06-09 17:19:45,165 [ERROR] ConditionMgr:805 - Attr not supported : Dmpu
2025-06-09 17:19:45,165 [ERROR] ConditionMgr:805 - Attr not supported : Dmpu
2025-06-09 17:19:45,165 [ERROR] ConditionMgr:805 - Attr not supported : Dmpu
2025-06-09 17:19:45,165 [ERROR] ConditionMgr:805 - Attr not supported : Dmpu
2025-06-09 17:19:45,165 [ERROR] ConditionMgr:805 - Attr not supported : Dmpu
2025-06-09 17:19:45,165 [ERROR] ConditionMgr:805 - Attr not supported : Dmpu
2025-06-09 17:19:45,165 [ERROR] ConditionMgr:805 - Attr not supported : Dmpu
2025-06-09 17:19:45,165 [ERROR] ConditionMgr:805 - Attr not supported : Dmpu
2025-06-09 17:19:45,166 [ERROR] ConditionMgr:805 - Attr not supported : Dmpu
2025-06-09 17:19:45,166 [ERROR] ConditionMgr:805 - Attr not supported : Dmpu
2025-06-09 17:19:45,166 [ERROR] ConditionMgr:805 - Attr not supported : Dmpu
2025-06-09 17:19:45,166 [ERROR] ConditionMgr:805 - Attr not supported : Dmpu
2025-06-09 17:19:45,166 [ERROR] ConditionMgr:805 - Attr not supported : Dmpu
2025-06-09 17:19:45,166 [ERROR] ConditionMgr:805 - Attr not supported : Dmpu
2025-06-09 17:19:45,166 [ERROR] ConditionMgr:805 - Attr not supported : Dmpu
2025-06-09 17:19:45,167 [ERROR] ConditionMgr:805 - Attr not supported : Dmpu
2025-06-09 17:19:45,167 [ERROR] ConditionMgr:805 - Attr not supported : Dmpu
2025-06-09 17:19:45,167 [ERROR] ConditionMgr:805 - Attr not supported : Dmpu
2025-06-09 17:19:45,167 [ERROR] ConditionMgr:805 - Attr not supported : Dmpu
2025-06-09 17:19:45,167 [ERROR] ConditionMgr:805 - Attr not supported : Dmpu
2025-06-09 17:19:45,167 [ERROR] ConditionMgr:805 - Attr not supported : Dmpu
2025-06-09 17:19:45,168 [ERROR] ConditionMgr:805 - Attr not supported : Dmpu
2025-06-09 17:19:45,168 [ERROR] ConditionMgr:805 - Attr not supported : Dmpu
2025-06-09 17:19:45,168 [ERROR] ConditionMgr:805 - Attr not supported : Dmpu
2025-06-09 17:19:45,168 [ERROR] ConditionMgr:805 - Attr not supported : Dmpu
2025-06-09 17:19:45,168 [ERROR] ConditionMgr:805 - Attr not supported : Dmpu
2025-06-09 17:19:45,168 [ERROR] ConditionMgr:805 - Attr not supported : Dmpu
2025-06-09 17:19:45,169 [ERROR] ConditionMgr:805 - Attr not supported : Dmpu
2025-06-09 17:19:45,169 [ERROR] ConditionMgr:805 - Attr not supported : Dmpu
2025-06-09 17:19:45,169 [ERROR] ConditionMgr:805 - Attr not supported : Dmpu
2025-06-09 17:19:45,174 [WARN] PackLoader:240 - Cannot read IP mode file for STMicroelectronics.X-CUBE-WB05N.2.0.0
2025-06-09 17:19:45,177 [ERROR] Engine:466 - C:\Users\shoot\.stm32cubemx\thirdparties\pdsc\STMicroelectronics.X-CUBE-TCPP.4.2.0.pdsc: PDSC version is not supported
2025-06-09 17:19:45,185 [WARN] PackLoader:240 - Cannot read IP mode file for RealThread.X-CUBE-RT-Thread_Nano.4.1.1
2025-06-09 17:19:45,191 [WARN] PackLoader:240 - Cannot read IP mode file for wolfSSL.I-CUBE-wolfSSL.5.7.0
2025-06-09 17:19:45,196 [WARN] PackLoader:240 - Cannot read IP mode file for STMicroelectronics.FP-ATR-SIGFOX1.3.2.0
2025-06-09 17:19:45,204 [WARN] ConditionMgr:438 - getConditionDescription Invalid condition id : Cortex-A Device cause : null
2025-06-09 17:19:45,243 [WARN] ConditionMgr:1039 - genDependencies : Invalid condition id : Cortex-A Device cause : null
2025-06-09 17:19:45,243 [WARN] ConditionMgr:1039 - genDependencies : Invalid condition id : Cortex-A Device cause : null
2025-06-09 17:19:45,244 [WARN] ConditionMgr:1039 - genDependencies : Invalid condition id : Cortex-A Device cause : null
2025-06-09 17:19:45,252 [WARN] PackLoader:240 - Cannot read IP mode file for STMicroelectronics.X-CUBE-EEPRMA1.5.1.0
2025-06-09 17:19:45,263 [WARN] PackLoader:240 - Cannot read IP mode file for ITTIA_DB.I-CUBE-ITTIADB.8.9.0
2025-06-09 17:19:45,265 [ERROR] Engine:466 - C:\Users\shoot\.stm32cubemx\thirdparties\pdsc\STMicroelectronics.X-CUBE-ST67W61.1.0.0.pdsc: PDSC version is not supported
2025-06-09 17:19:45,323 [WARN] PackLoader:240 - Cannot read IP mode file for SEGGER.I-CUBE-embOS.1.3.1
2025-06-09 17:19:45,405 [WARN] PackLoader:240 - Cannot read IP mode file for STMicroelectronics.X-CUBE-ALGOBUILD.1.4.0
2025-06-09 17:19:45,485 [WARN] PackLoader:240 - Cannot read IP mode file for STMicroelectronics.X-CUBE-MEMS1.11.3.0
2025-06-09 17:19:45,672 [WARN] PackLoader:240 - Cannot read IP mode file for STMicroelectronics.X-CUBE-AI.9.1.0
2025-06-09 17:19:45,677 [WARN] PackLoader:240 - Cannot read IP mode file for STMicroelectronics.X-CUBE-GNSS1.6.0.0
2025-06-09 17:19:45,697 [WARN] PackLoader:240 - Cannot read IP mode file for STMicroelectronics.X-CUBE-AZRTOS-F4.1.1.0
2025-06-09 17:19:45,701 [ERROR] Engine:466 - C:\Users\shoot\.stm32cubemx\thirdparties\pdsc\Avnet-IotConnect.X-CUBE-IoTC-DA16k-PMOD.1.0.0.pdsc: PDSC version is not supported
2025-06-09 17:19:45,705 [WARN] PackLoader:240 - Cannot read IP mode file for STMicroelectronics.X-CUBE-ISPU.2.1.0
2025-06-09 17:19:45,711 [WARN] PackLoader:240 - Cannot read IP mode file for STMicroelectronics.X-CUBE-FREERTOS.1.2.0
2025-06-09 17:19:45,731 [WARN] PackLoader:240 - Cannot read IP mode file for STMicroelectronics.X-CUBE-AZRTOS-L5.2.0.0
2025-06-09 17:19:45,751 [WARN] PackLoader:240 - Cannot read IP mode file for STMicroelectronics.X-CUBE-NFC6.3.1.0
2025-06-09 17:19:45,761 [WARN] PackLoader:240 - Cannot read IP mode file for STMicroelectronics.X-CUBE-DPower.1.2.0
2025-06-09 17:19:45,765 [WARN] PackLoader:240 - Cannot read IP mode file for STMicroelectronics.X-CUBE-AI.9.0.0
2025-06-09 17:19:45,772 [WARN] PackLoader:240 - Cannot read IP mode file for STMicroelectronics.X-CUBE-FREERTOS.1.3.1
2025-06-09 17:19:45,776 [WARN] PackLoader:240 - Cannot read IP mode file for STMicroelectronics.X-CUBE-FREERTOS.1.3.0
2025-06-09 17:19:45,782 [WARN] PackLoader:240 - Cannot read IP mode file for STMicroelectronics.X-CUBE-NFC7.1.0.1
2025-06-09 17:19:45,787 [WARN] PackLoader:240 - Cannot read IP mode file for wolfSSL.I-CUBE-wolfTPM.3.2.0
2025-06-09 17:19:45,791 [WARN] PackLoader:240 - Cannot read IP mode file for STMicroelectronics.X-CUBE-DPower.1.3.0
2025-06-09 17:19:45,812 [WARN] ConditionMgr:438 - getConditionDescription Invalid condition id : LAN8742 Phy interface Condition cause : null
2025-06-09 17:19:45,812 [WARN] PackLoader:240 - Cannot read IP mode file for STMicroelectronics.X-CUBE-AZRTOS-L4.2.0.0
2025-06-09 17:19:45,813 [WARN] ConditionMgr:1039 - genDependencies : Invalid condition id : LAN8742 Phy interface Condition cause : null
2025-06-09 17:19:45,814 [WARN] ConditionMgr:1039 - genDependencies : Invalid condition id : LAN8742 Phy interface Condition cause : null
2025-06-09 17:19:45,814 [WARN] ConditionMgr:1039 - genDependencies : Invalid condition id : LAN8742 Phy interface Condition cause : null
2025-06-09 17:19:45,824 [WARN] PackLoader:240 - Cannot read IP mode file for STMicroelectronics.X-CUBE-SFXS2LP1.4.0.0
2025-06-09 17:19:45,856 [WARN] PackLoader:240 - Cannot read IP mode file for STMicroelectronics.X-CUBE-AZRTOS-H7.3.3.0
2025-06-09 17:19:45,872 [WARN] PackLoader:240 - Cannot read IP mode file for STMicroelectronics.X-CUBE-IPS.3.0.0
2025-06-09 17:19:45,893 [WARN] ConditionMgr:438 - getConditionDescription Invalid condition id : UX DEVICE CLASS RTOS Condition cause : null
2025-06-09 17:19:45,893 [WARN] ConditionMgr:438 - getConditionDescription Invalid condition id : UX DEVICE CLASS RTOS Condition cause : null
2025-06-09 17:19:45,896 [WARN] PackLoader:240 - Cannot read IP mode file for STMicroelectronics.X-CUBE-AZRTOS-WB.2.0.0
2025-06-09 17:19:45,897 [WARN] ConditionMgr:1039 - genDependencies : Invalid condition id : UX DEVICE CLASS RTOS Condition cause : null
2025-06-09 17:19:45,897 [WARN] ConditionMgr:1039 - genDependencies : Invalid condition id : UX DEVICE CLASS RTOS Condition cause : null
2025-06-09 17:19:45,898 [WARN] ConditionMgr:1039 - genDependencies : Invalid condition id : UX DEVICE CLASS RTOS Condition cause : null
2025-06-09 17:19:45,898 [WARN] ConditionMgr:1039 - genDependencies : Invalid condition id : UX DEVICE CLASS RTOS Condition cause : null
2025-06-09 17:19:45,898 [WARN] ConditionMgr:1039 - genDependencies : Invalid condition id : UX DEVICE CLASS RTOS Condition cause : null
2025-06-09 17:19:45,906 [WARN] PackLoader:240 - Cannot read IP mode file for STMicroelectronics.X-CUBE-GNSS1.7.0.0
2025-06-09 17:19:45,912 [WARN] PackLoader:240 - Cannot read IP mode file for STMicroelectronics.X-CUBE-GNSS1.7.0.1
2025-06-09 17:19:45,915 [WARN] PackLoader:240 - Cannot read IP mode file for STMicroelectronics.X-CUBE-TOUCHGFX.4.25.0
2025-06-09 17:19:45,923 [WARN] PackLoader:240 - Cannot read IP mode file for STMicroelectronics.FP-SNS-STBOX1.2.0.0
2025-06-09 17:19:45,936 [WARN] PackLoader:240 - Cannot read IP mode file for STMicroelectronics.X-CUBE-SUBG2.5.0.0
2025-06-09 17:19:45,970 [WARN] PackLoader:240 - Cannot read IP mode file for STMicroelectronics.X-CUBE-AZRTOS-H7RS.1.1.0
2025-06-09 17:19:45,978 [WARN] PackLoader:240 - Cannot read IP mode file for Cesanta.I-CUBE-Mongoose.7.13.0
2025-06-09 17:19:46,001 [WARN] PackLoader:240 - Cannot read IP mode file for STMicroelectronics.X-CUBE-AZRTOS-G4.2.0.0
2025-06-09 17:19:46,007 [WARN] PackLoader:240 - Cannot read IP mode file for STMicroelectronics.X-CUBE-NFC7.2.0.0
2025-06-09 17:19:46,011 [WARN] PackLoader:240 - Cannot read IP mode file for STMicroelectronics.X-CUBE-ISPU.2.0.0
2025-06-09 17:19:46,021 [ERROR] Engine:466 - C:\Users\shoot\.stm32cubemx\thirdparties\pdsc\STMicroelectronics.X-CUBE-IPS.3.1.0.pdsc: PDSC version is not supported
2025-06-09 17:19:46,027 [WARN] PackLoader:240 - Cannot read IP mode file for STMicroelectronics.X-CUBE-ALS.1.0.2
2025-06-09 17:19:46,090 [WARN] PackLoader:240 - Cannot read IP mode file for STMicroelectronics.X-CUBE-MEMS1.10.0.0
2025-06-09 17:19:46,209 [WARN] PackLoader:240 - Cannot read IP mode file for STMicroelectronics.X-CUBE-TOUCHGFX.4.24.0
2025-06-09 17:19:46,213 [WARN] PackLoader:240 - Cannot read IP mode file for STMicroelectronics.X-CUBE-TOUCHGFX.4.24.2
2025-06-09 17:19:46,216 [WARN] PackLoader:240 - Cannot read IP mode file for STMicroelectronics.X-CUBE-TOUCHGFX.4.24.1
2025-06-09 17:19:46,223 [WARN] PackLoader:240 - Cannot read IP mode file for portGmbH.I-Cube-SoM-uGOAL.1.1.0
2025-06-09 17:19:46,227 [WARN] PackLoader:240 - Cannot read IP mode file for STMicroelectronics.X-CUBE-ALS.1.0.1
2025-06-09 17:19:46,245 [WARN] PackLoader:240 - Cannot read IP mode file for STMicroelectronics.X-CUBE-AZRTOS-H7RS.1.0.0
2025-06-09 17:19:46,250 [WARN] PackLoader:240 - Cannot read IP mode file for STMicroelectronics.FP-ATR-ASTRA1.2.0.0
2025-06-09 17:19:46,269 [WARN] PackLoader:240 - Cannot read IP mode file for STMicroelectronics.X-CUBE-TOF1.3.4.2
2025-06-09 17:19:46,294 [ERROR] Engine:466 - C:\Users\shoot\.stm32cubemx\thirdparties\pdsc\STMicroelectronics.X-CUBE-TOF1.3.4.3.pdsc: PDSC version is not supported
2025-06-09 17:19:46,305 [WARN] PackLoader:240 - Cannot read IP mode file for STMicroelectronics.X-CUBE-TOF1.3.4.1
2025-06-09 17:19:46,347 [WARN] PackLoader:240 - Cannot read IP mode file for STMicroelectronics.X-CUBE-AZRTOS-H7.3.2.0
2025-06-09 17:19:46,364 [WARN] PackLoader:240 - Cannot read IP mode file for Infineon.AIROC-Wi-Fi-Bluetooth-STM32.1.6.0
2025-06-09 17:19:46,374 [WARN] PackLoader:240 - Cannot read IP mode file for wolfSSL.I-CUBE-wolfSSH.1.4.17
2025-06-09 17:19:46,374 [INFO] ThirdParty:978 - Integrity check success = true
2025-06-09 17:19:46,374 [INFO] IntegrityCheckThread:100 - exiting critical section [integrity check]
2025-06-09 17:19:46,374 [INFO] IntegrityCheckThread:103 - End integrity checks thread
2025-06-09 17:23:31,236 [ERROR] LogOutputStream:75 - [STDERR_REDIRECT] 
2025-06-09 17:28:52,439 [INFO] Activator:176 - 


2025-06-09 17:28:52,444 [INFO] Activator:177 - !SESSION log4j initialized
2025-06-09 17:29:00,375 [INFO] LogOutputStream:77 - [STDOUT_REDIRECT] 
2025-06-09 17:29:02,570 [INFO] ApplicationProperties:184 - Using Application install path: C:\ST\STM32CubeIDE_1.15.1\STM32CubeIDE\plugins\com.st.stm32cube.common.mx_6.11.1.202404110753
2025-06-09 17:29:02,595 [INFO] DbMcusXml:78 - Set database path to: C:\ST\STM32CubeIDE_1.15.1\STM32CubeIDE\plugins\com.st.stm32cube.common.mx_6.11.1.202404110753\\db\/mcu/
2025-06-09 17:29:02,596 [INFO] ApiDb:274 - Set plugin database path to: C:\ST\STM32CubeIDE_1.15.1\STM32CubeIDE\plugins\com.st.stm32cube.common.mx_6.11.1.202404110753\\db\/plugins/boardmanager/
2025-06-09 17:29:02,596 [WARN] ApiDb:259 - Overriding images path with different value:  => C:\ST\STM32CubeIDE_1.15.1\STM32CubeIDE\plugins\com.st.stm32cube.common.mx_6.11.1.202404110753\\db\/plugins/mcufinder/images/
2025-06-09 17:29:02,606 [INFO] ApiDb:250 - Set database path to: C:\Users\shoot\.stmcufinder\plugins\mcufinder//mcu/
2025-06-09 17:29:02,610 [INFO] DbMcusAds:125 - Set database path to: C:\Users\shoot\.stmcufinder\plugins\mcufinder//mcu/
2025-06-09 17:29:02,613 [INFO] CrossReferenceDbSqlite:203 - Set database path to: C:\Users\shoot\.stmcufinder\plugins\mcufinder//mcu/cs/
2025-06-09 17:29:02,911 [INFO] RulesReader:64 - Compatibility file has been processed (297 Rules)
2025-06-09 17:29:03,081 [INFO] DbMcusXml:78 - Set database path to: C:\ST\STM32CubeIDE_1.15.1\STM32CubeIDE\plugins\com.st.stm32cube.common.mx_6.11.1.202404110753\\db\/mcu/
2025-06-09 17:29:03,081 [INFO] ApiDb:274 - Set plugin database path to: C:\ST\STM32CubeIDE_1.15.1\STM32CubeIDE\plugins\com.st.stm32cube.common.mx_6.11.1.202404110753\\db\/plugins/boardmanager/
2025-06-09 17:29:03,081 [INFO] ApiDb:261 - Set plugin images path to: C:\ST\STM32CubeIDE_1.15.1\STM32CubeIDE\plugins\com.st.stm32cube.common.mx_6.11.1.202404110753\\db\/plugins/mcufinder/images/
2025-06-09 17:29:03,081 [WARN] DbFile:41 - Overriding database path with different value: C:\Users\shoot\.stmcufinder\plugins\mcufinder/ => C:\Users\shoot\.stmcufinder\plugins\mcufinder
2025-06-09 17:29:03,081 [INFO] ApiDb:250 - Set database path to: C:\Users\shoot\.stmcufinder\plugins\mcufinder//mcu/
2025-06-09 17:29:03,081 [WARN] DbFile:41 - Overriding database path with different value: C:\Users\shoot\.stmcufinder\plugins\mcufinder/ => C:\Users\shoot\.stmcufinder\plugins\mcufinder
2025-06-09 17:29:03,081 [INFO] DbMcusAds:125 - Set database path to: C:\Users\shoot\.stmcufinder\plugins\mcufinder//mcu/
2025-06-09 17:29:03,082 [WARN] DbFile:41 - Overriding database path with different value: C:\Users\shoot\.stmcufinder\plugins\mcufinder/ => C:\Users\shoot\.stmcufinder\plugins\mcufinder
2025-06-09 17:29:03,082 [WARN] DbFile:41 - Overriding database path with different value: C:\Users\shoot\.stmcufinder\plugins\mcufinder/ => C:\Users\shoot\.stmcufinder\plugins\mcufinder
2025-06-09 17:29:03,082 [INFO] CrossReferenceDbSqlite:203 - Set database path to: C:\Users\shoot\.stmcufinder\plugins\mcufinder//mcu/cs/
2025-06-09 17:29:03,242 [INFO] MainPanel:264 - HeapMemory: 268435456
2025-06-09 17:29:03,417 [INFO] DbMcusXml:78 - Set database path to: C:\ST\STM32CubeIDE_1.15.1\STM32CubeIDE\plugins\com.st.stm32cube.common.mx_6.11.1.202404110753\\db\/mcu/
2025-06-09 17:29:03,417 [INFO] ApiDb:274 - Set plugin database path to: C:\ST\STM32CubeIDE_1.15.1\STM32CubeIDE\plugins\com.st.stm32cube.common.mx_6.11.1.202404110753\\db\/plugins/boardmanager/
2025-06-09 17:29:03,417 [INFO] ApiDb:261 - Set plugin images path to: C:\ST\STM32CubeIDE_1.15.1\STM32CubeIDE\plugins\com.st.stm32cube.common.mx_6.11.1.202404110753\\db\/plugins/mcufinder/images/
2025-06-09 17:29:03,418 [WARN] DbFile:41 - Overriding database path with different value: C:\Users\shoot\.stmcufinder\plugins\mcufinder/ => C:\Users\shoot\.stmcufinder\plugins\mcufinder
2025-06-09 17:29:03,418 [INFO] ApiDb:250 - Set database path to: C:\Users\shoot\.stmcufinder\plugins\mcufinder//mcu/
2025-06-09 17:29:03,418 [WARN] DbFile:41 - Overriding database path with different value: C:\Users\shoot\.stmcufinder\plugins\mcufinder/ => C:\Users\shoot\.stmcufinder\plugins\mcufinder
2025-06-09 17:29:03,418 [INFO] DbMcusAds:125 - Set database path to: C:\Users\shoot\.stmcufinder\plugins\mcufinder//mcu/
2025-06-09 17:29:03,418 [WARN] DbFile:41 - Overriding database path with different value: C:\Users\shoot\.stmcufinder\plugins\mcufinder/ => C:\Users\shoot\.stmcufinder\plugins\mcufinder
2025-06-09 17:29:03,418 [WARN] DbFile:41 - Overriding database path with different value: C:\Users\shoot\.stmcufinder\plugins\mcufinder/ => C:\Users\shoot\.stmcufinder\plugins\mcufinder
2025-06-09 17:29:03,418 [INFO] CrossReferenceDbSqlite:203 - Set database path to: C:\Users\shoot\.stmcufinder\plugins\mcufinder//mcu/cs/
2025-06-09 17:29:03,451 [INFO] ApplicationProperties:184 - Using Application install path: C:\ST\STM32CubeIDE_1.15.1\STM32CubeIDE\plugins\com.st.stm32cube.common.mx_6.11.1.202404110753
2025-06-09 17:29:03,455 [INFO] PluginManage:196 - Search for loadable plugins [exclusion list=, ]
2025-06-09 17:29:03,459 [INFO] PluginManage:310 - Check plugin analytics
2025-06-09 17:29:03,896 [INFO] AnalyticsPlugin:253 - Accepted Software Licenses: 
2025-06-09 17:29:03,896 [INFO] AnalyticsPlugin:255 - Accepted CMSIS Pack Licenses: 
2025-06-09 17:29:03,896 [INFO] AnalyticsPlugin:257 - Accepted Firmware Licenses: FW.F7.1.17.0
2025-06-09 17:29:03,902 [INFO] PluginManage:359 - Loaded plugin analytics (category:tool,tabindex:-1)
2025-06-09 17:29:03,904 [INFO] PluginManage:310 - Check plugin cadmodel
2025-06-09 17:29:03,909 [INFO] CADModel:105 - Init CAD model plugin
2025-06-09 17:29:03,909 [INFO] PluginManage:359 - Loaded plugin cadmodel (category:power,tabindex:5)
2025-06-09 17:29:03,909 [INFO] PluginManage:310 - Check plugin clock
2025-06-09 17:29:03,923 [INFO] PluginManage:359 - Loaded plugin clock (category:base,tabindex:2)
2025-06-09 17:29:03,923 [INFO] PluginManage:310 - Check plugin ddr
2025-06-09 17:29:03,927 [INFO] PluginManage:359 - Loaded plugin ddr (category:tool,tabindex:6)
2025-06-09 17:29:03,927 [INFO] PluginManage:310 - Check plugin filemanager
2025-06-09 17:29:04,253 [INFO] PluginManage:359 - Loaded plugin filemanager (category:base,tabindex:10)
2025-06-09 17:29:04,254 [INFO] PluginManage:310 - Check plugin ipmanager
2025-06-09 17:29:04,266 [INFO] PluginManage:359 - Loaded plugin ipmanager (category:base,tabindex:5)
2025-06-09 17:29:04,266 [INFO] PluginManage:310 - Check plugin lpbam
2025-06-09 17:29:04,280 [INFO] PluginManage:359 - Loaded plugin lpbam (category:base,tabindex:0)
2025-06-09 17:29:04,280 [INFO] PluginManage:310 - Check plugin memorymap
2025-06-09 17:29:04,330 [INFO] PluginManage:359 - Loaded plugin memorymap (category:base,tabindex:4)
2025-06-09 17:29:04,330 [INFO] PluginManage:310 - Check plugin pinoutandconfiguration
2025-06-09 17:29:04,345 [INFO] PluginManage:359 - Loaded plugin pinoutandconfiguration (category:base,tabindex:1)
2025-06-09 17:29:04,345 [INFO] PluginManage:310 - Check plugin pinoutconfig
2025-06-09 17:29:04,537 [WARN] SupportedApi:132 - Cannot load RTOS API schema: s4s-elt-must-match.1: The content of 'definitions' must match (annotation?, (simpleType | complexType)?, (unique | key | keyref)*)). A problem was found starting at: attribute.
2025-06-09 17:29:04,919 [INFO] PluginManage:359 - Loaded plugin pinoutconfig (category:base,tabindex:0)
2025-06-09 17:29:04,920 [INFO] PluginManage:310 - Check plugin power
2025-06-09 17:29:04,944 [INFO] PluginManage:359 - Loaded plugin power (category:power,tabindex:4)
2025-06-09 17:29:04,944 [INFO] PluginManage:310 - Check plugin projectmanager
2025-06-09 17:29:04,978 [INFO] PluginManage:359 - Loaded plugin projectmanager (category:projectmanager,tabindex:3)
2025-06-09 17:29:04,979 [INFO] PluginManage:310 - Check plugin thirdparty
2025-06-09 17:29:05,261 [WARN] IntegrityCheckThread:84 - waiting for thirdparty lock release [integrity check]
2025-06-09 17:29:05,261 [INFO] IntegrityCheckThread:86 - entering critical section [integrity check]
2025-06-09 17:29:05,262 [INFO] PluginManage:359 - Loaded plugin thirdparty (category:base,tabindex:-1)
2025-06-09 17:29:05,262 [INFO] ThirdPartyUpdaterWithRetryManager:70 - Updater plugin not ready yet. [1/15]
2025-06-09 17:29:05,262 [INFO] PluginManage:310 - Check plugin tools
2025-06-09 17:29:05,265 [INFO] PluginManage:359 - Loaded plugin tools (category:base,tabindex:7)
2025-06-09 17:29:05,265 [INFO] PluginManage:310 - Check plugin tutovideos
2025-06-09 17:29:05,725 [INFO] PluginManage:359 - Loaded plugin tutovideos (category:base,tabindex:-1)
2025-06-09 17:29:05,727 [INFO] PluginManage:310 - Check plugin updater
2025-06-09 17:29:05,744 [INFO] PluginManage:359 - Loaded plugin updater (category:base,tabindex:12)
2025-06-09 17:29:05,744 [INFO] PluginManage:310 - Check plugin userauth
2025-06-09 17:29:05,752 [INFO] UserAuth:114 - Init User Auth plugin
2025-06-09 17:29:05,752 [INFO] PluginManage:359 - Loaded plugin userauth (category:base,tabindex:14)
2025-06-09 17:29:05,755 [INFO] PluginManage:283 - PluginManage : Loaded plugins [17]
2025-06-09 17:29:06,207 [INFO] PinOutPanel:1561 - setPackage(No Configuration,No Configuration)
2025-06-09 17:29:06,357 [INFO] CADModel:165 - CPN selected for project level
2025-06-09 17:29:06,358 [INFO] CADModel:114 - Register for checkConnection events
2025-06-09 17:29:06,388 [INFO] IPUIPlugin:80 - create IPUIPlugin
2025-06-09 17:29:06,389 [INFO] PluginManager:220 - loadIPPluginJar : add adc
2025-06-09 17:29:06,395 [INFO] IPUIPlugin:80 - create IPUIPlugin
2025-06-09 17:29:06,395 [INFO] PluginManager:220 - loadIPPluginJar : add aes
2025-06-09 17:29:06,401 [INFO] IPUIPlugin:80 - create IPUIPlugin
2025-06-09 17:29:06,401 [INFO] PluginManager:220 - loadIPPluginJar : add can
2025-06-09 17:29:06,406 [INFO] IPUIPlugin:80 - create IPUIPlugin
2025-06-09 17:29:06,406 [INFO] PluginManager:220 - loadIPPluginJar : add comp
2025-06-09 17:29:06,410 [INFO] IPUIPlugin:80 - create IPUIPlugin
2025-06-09 17:29:06,410 [INFO] PluginManager:220 - loadIPPluginJar : add cryp
2025-06-09 17:29:06,417 [INFO] IPUIPlugin:80 - create IPUIPlugin
2025-06-09 17:29:06,417 [INFO] PluginManager:220 - loadIPPluginJar : add dfsdm
2025-06-09 17:29:06,426 [INFO] IPUIPlugin:80 - create IPUIPlugin
2025-06-09 17:29:06,428 [INFO] PluginManager:220 - loadIPPluginJar : add dma
2025-06-09 17:29:06,432 [INFO] IPUIPlugin:80 - create IPUIPlugin
2025-06-09 17:29:06,432 [INFO] PluginManager:220 - loadIPPluginJar : add dma3
2025-06-09 17:29:06,436 [INFO] IPUIPlugin:80 - create IPUIPlugin
2025-06-09 17:29:06,437 [INFO] PluginManager:220 - loadIPPluginJar : add extmemmanager
2025-06-09 17:29:06,439 [INFO] IPUIPlugin:80 - create IPUIPlugin
2025-06-09 17:29:06,439 [INFO] PluginManager:220 - loadIPPluginJar : add fatfs
2025-06-09 17:29:06,447 [INFO] IPUIPlugin:80 - create IPUIPlugin
2025-06-09 17:29:06,448 [INFO] PluginManager:220 - loadIPPluginJar : add fmc
2025-06-09 17:29:06,467 [INFO] IPUIPlugin:80 - create IPUIPlugin
2025-06-09 17:29:06,467 [INFO] PluginManager:220 - loadIPPluginJar : add freertos
2025-06-09 17:29:06,469 [INFO] IPUIPlugin:80 - create IPUIPlugin
2025-06-09 17:29:06,470 [INFO] PluginManager:220 - loadIPPluginJar : add genericplugin
2025-06-09 17:29:06,476 [INFO] IPUIPlugin:80 - create IPUIPlugin
2025-06-09 17:29:06,476 [INFO] PluginManager:220 - loadIPPluginJar : add gfxmmu
2025-06-09 17:29:06,483 [INFO] IPUIPlugin:80 - create IPUIPlugin
2025-06-09 17:29:06,484 [INFO] PluginManager:220 - loadIPPluginJar : add gic
2025-06-09 17:29:06,491 [INFO] IPUIPlugin:80 - create IPUIPlugin
2025-06-09 17:29:06,491 [INFO] PluginManager:220 - loadIPPluginJar : add gpio
2025-06-09 17:29:06,496 [INFO] IPUIPlugin:80 - create IPUIPlugin
2025-06-09 17:29:06,496 [INFO] PluginManager:220 - loadIPPluginJar : add gtzc
2025-06-09 17:29:06,500 [INFO] IPUIPlugin:80 - create IPUIPlugin
2025-06-09 17:29:06,500 [INFO] PluginManager:220 - loadIPPluginJar : add hash
2025-06-09 17:29:06,503 [INFO] IPUIPlugin:80 - create IPUIPlugin
2025-06-09 17:29:06,504 [INFO] PluginManager:220 - loadIPPluginJar : add i2c
2025-06-09 17:29:06,508 [INFO] IPUIPlugin:80 - create IPUIPlugin
2025-06-09 17:29:06,508 [INFO] PluginManager:220 - loadIPPluginJar : add i2s
2025-06-09 17:29:06,512 [INFO] IPUIPlugin:80 - create IPUIPlugin
2025-06-09 17:29:06,512 [INFO] PluginManager:220 - loadIPPluginJar : add i3c
2025-06-09 17:29:06,525 [INFO] IPUIPlugin:80 - create IPUIPlugin
2025-06-09 17:29:06,526 [INFO] PluginManager:220 - loadIPPluginJar : add ipddr
2025-06-09 17:29:06,534 [INFO] IPUIPlugin:80 - create IPUIPlugin
2025-06-09 17:29:06,534 [INFO] PluginManager:220 - loadIPPluginJar : add linkedlist
2025-06-09 17:29:06,538 [INFO] IPUIPlugin:80 - create IPUIPlugin
2025-06-09 17:29:06,538 [INFO] PluginManager:220 - loadIPPluginJar : add lorawan
2025-06-09 17:29:06,541 [INFO] IPUIPlugin:80 - create IPUIPlugin
2025-06-09 17:29:06,542 [INFO] PluginManager:220 - loadIPPluginJar : add ltdc
2025-06-09 17:29:06,564 [INFO] IPUIPlugin:80 - create IPUIPlugin
2025-06-09 17:29:06,564 [INFO] PluginManager:220 - loadIPPluginJar : add mdma
2025-06-09 17:29:06,569 [INFO] IPUIPlugin:80 - create IPUIPlugin
2025-06-09 17:29:06,570 [INFO] PluginManager:220 - loadIPPluginJar : add nvic
2025-06-09 17:29:06,576 [INFO] IPUIPlugin:80 - create IPUIPlugin
2025-06-09 17:29:06,576 [INFO] PluginManager:220 - loadIPPluginJar : add opamp
2025-06-09 17:29:06,586 [INFO] IPUIPlugin:80 - create IPUIPlugin
2025-06-09 17:29:06,586 [INFO] PluginManager:220 - loadIPPluginJar : add openamp
2025-06-09 17:29:06,592 [INFO] IPUIPlugin:80 - create IPUIPlugin
2025-06-09 17:29:06,592 [INFO] PluginManager:220 - loadIPPluginJar : add pdm2pcm
2025-06-09 17:29:06,611 [INFO] IPUIPlugin:80 - create IPUIPlugin
2025-06-09 17:29:06,619 [INFO] PluginManager:220 - loadIPPluginJar : add plateformsettings
2025-06-09 17:29:06,624 [INFO] IPUIPlugin:80 - create IPUIPlugin
2025-06-09 17:29:06,624 [INFO] PluginManager:220 - loadIPPluginJar : add quadspi
2025-06-09 17:29:06,628 [INFO] IPUIPlugin:80 - create IPUIPlugin
2025-06-09 17:29:06,628 [INFO] PluginManager:220 - loadIPPluginJar : add resmgrutility
2025-06-09 17:29:06,633 [INFO] IPUIPlugin:80 - create IPUIPlugin
2025-06-09 17:29:06,633 [INFO] PluginManager:220 - loadIPPluginJar : add sai
2025-06-09 17:29:06,639 [INFO] IPUIPlugin:80 - create IPUIPlugin
2025-06-09 17:29:06,640 [INFO] PluginManager:220 - loadIPPluginJar : add spi
2025-06-09 17:29:06,653 [INFO] IPUIPlugin:80 - create IPUIPlugin
2025-06-09 17:29:06,654 [INFO] PluginManager:220 - loadIPPluginJar : add stm32_wpan
2025-06-09 17:29:06,661 [INFO] IPUIPlugin:80 - create IPUIPlugin
2025-06-09 17:29:06,661 [INFO] PluginManager:220 - loadIPPluginJar : add tim
2025-06-09 17:29:06,668 [INFO] IPUIPlugin:80 - create IPUIPlugin
2025-06-09 17:29:06,669 [INFO] PluginManager:220 - loadIPPluginJar : add touchsensing
2025-06-09 17:29:06,674 [INFO] IPUIPlugin:80 - create IPUIPlugin
2025-06-09 17:29:06,674 [INFO] PluginManager:220 - loadIPPluginJar : add tracer_emb
2025-06-09 17:29:06,679 [INFO] IPUIPlugin:80 - create IPUIPlugin
2025-06-09 17:29:06,679 [INFO] PluginManager:220 - loadIPPluginJar : add ts
2025-06-09 17:29:06,683 [INFO] IPUIPlugin:80 - create IPUIPlugin
2025-06-09 17:29:06,684 [INFO] PluginManager:220 - loadIPPluginJar : add tsc
2025-06-09 17:29:06,686 [INFO] IPUIPlugin:80 - create IPUIPlugin
2025-06-09 17:29:06,686 [INFO] PluginManager:220 - loadIPPluginJar : add ucpd
2025-06-09 17:29:06,690 [INFO] IPUIPlugin:80 - create IPUIPlugin
2025-06-09 17:29:06,690 [INFO] PluginManager:220 - loadIPPluginJar : add usart
2025-06-09 17:29:06,694 [INFO] IPUIPlugin:80 - create IPUIPlugin
2025-06-09 17:29:06,694 [INFO] PluginManager:220 - loadIPPluginJar : add usbx
2025-06-09 17:29:06,877 [INFO] CADModel:165 - CPN selected for project level
2025-06-09 17:29:06,877 [INFO] CADModel:114 - Register for checkConnection events
2025-06-09 17:29:06,877 [FATAL] Updater:308 - Updater called before beeing initialized
2025-06-09 17:29:06,878 [ERROR] CADModel:125 - Updater not yet initialized, retry later 
2025-06-09 17:29:07,101 [INFO] CADModel:165 - CPN selected for project level
2025-06-09 17:29:07,102 [INFO] CADModel:114 - Register for checkConnection events
2025-06-09 17:29:07,102 [FATAL] Updater:308 - Updater called before beeing initialized
2025-06-09 17:29:07,102 [ERROR] CADModel:125 - Updater not yet initialized, retry later 
2025-06-09 17:29:07,107 [FATAL] Updater:308 - Updater called before beeing initialized
2025-06-09 17:29:07,266 [FATAL] Updater:308 - Updater called before beeing initialized
2025-06-09 17:29:07,272 [INFO] DbMcusAds:53 - JSON generation date=Thu Mar 06 15:54:21 CET 2025 (1741272861825)
2025-06-09 17:29:07,273 [FATAL] Updater:308 - Updater called before beeing initialized
2025-06-09 17:29:07,330 [WARN] DetailPanel:346 - Failed to get advertising image, set to default
2025-06-09 17:29:07,492 [FATAL] Updater:308 - Updater called before beeing initialized
2025-06-09 17:29:07,498 [FATAL] Updater:308 - Updater called before beeing initialized
2025-06-09 17:29:07,498 [FATAL] Updater:308 - Updater called before beeing initialized
2025-06-09 17:29:07,499 [WARN] DetailPanel:346 - Failed to get advertising image, set to default
2025-06-09 17:29:07,500 [FATAL] Updater:308 - Updater called before beeing initialized
2025-06-09 17:29:07,583 [ERROR] Updater:1120 - MainUpdater not yet initialized. External WinMGr cannot be set.
2025-06-09 17:29:07,587 [INFO] Updater:1056 - Updater Version found : 6.11.1
2025-06-09 17:29:07,620 [INFO] ApplicationProperties:184 - Using Application install path: C:\ST\STM32CubeIDE_1.15.1\STM32CubeIDE\plugins\com.st.stm32cube.common.mx_6.11.1.202404110753
2025-06-09 17:29:08,264 [INFO] ThirdPartyUpdaterWithRetryManager:70 - Updater plugin not ready yet. [2/15]
2025-06-09 17:29:09,217 [ERROR] LogOutputStream:75 - [STDERR_REDIRECT] Jun 09, 2025 5:29:09 PM java.util.prefs.WindowsPreferences <init>
2025-06-09 17:29:09,221 [ERROR] LogOutputStream:75 - [STDERR_REDIRECT] WARNING: Could not open/create prefs root node Software\JavaSoft\Prefs at root 0xffffffff80000002. Windows RegCreateKeyEx(...) returned error code 5.
2025-06-09 17:29:09,221 [ERROR] LogOutputStream:75 - [STDERR_REDIRECT] 
2025-06-09 17:29:09,785 [INFO] MainUpdater:2873 - connection check result : 10
2025-06-09 17:29:09,785 [INFO] MainUpdater:290 - Updater Check For Update Now.
2025-06-09 17:29:09,786 [INFO] MicroXplorer:498 - Change Database Version : DB.6.0.111
2025-06-09 17:29:09,800 [INFO] McuFinderGlobals:63 - Set McuFinder mode to 2 (CubeIDE integrated)
2025-06-09 17:29:09,818 [INFO] UserAuth:415 - Internet connection configuration mode: 1
2025-06-09 17:29:09,848 [INFO] JxBrowserEngine:152 - Initiate JxBrowser Engine with user profile folder
2025-06-09 17:29:10,015 [INFO] CheckServerUpdateThread:120 - End of CheckServer Thread
2025-06-09 17:29:11,259 [INFO] WebApp:161 - Instantiating new browser for Auth
2025-06-09 17:29:11,820 [WARN] PackLoader:240 - Cannot read IP mode file for STMicroelectronics.FP-SNS-MOTENVWB1.1.4.0
2025-06-09 17:29:11,840 [WARN] PackLoader:240 - Cannot read IP mode file for STMicroelectronics.FP-ATR-ASTRA1.2.0.2
2025-06-09 17:29:11,858 [WARN] PackLoader:240 - Cannot read IP mode file for STMicroelectronics.X-CUBE-SMBUS.2.1.0
2025-06-09 17:29:11,881 [WARN] PackLoader:240 - Cannot read IP mode file for STMicroelectronics.X-CUBE-WB05N.1.1.0
2025-06-09 17:29:11,889 [ERROR] Engine:466 - C:\Users\shoot\.stm32cubemx\thirdparties\pdsc\STMicroelectronics.X-CUBE-ST60.1.0.0.pdsc: PDSC version is not supported
2025-06-09 17:29:11,899 [WARN] PackLoader:240 - Cannot read IP mode file for STMicroelectronics.X-CUBE-TOUCHGFX.4.23.2
2025-06-09 17:29:11,968 [WARN] PackLoader:240 - Cannot read IP mode file for STMicroelectronics.X-CUBE-AZRTOS-F7.1.1.0
2025-06-09 17:29:12,095 [WARN] PackLoader:240 - Cannot read IP mode file for STMicroelectronics.X-CUBE-MEMS1.11.0.0
2025-06-09 17:29:12,381 [WARN] PackLoader:240 - Cannot read IP mode file for STMicroelectronics.FP-SNS-FLIGHT1.5.0.2
2025-06-09 17:29:12,393 [WARN] PackLoader:240 - Cannot read IP mode file for STMicroelectronics.X-CUBE-DISPLAY.3.0.0
2025-06-09 17:29:12,406 [WARN] PackLoader:240 - Cannot read IP mode file for STMicroelectronics.X-CUBE-BLE1.7.0.0
2025-06-09 17:29:12,417 [WARN] PackLoader:240 - Cannot read IP mode file for STMicroelectronics.X-CUBE-NFC10.1.0.0
2025-06-09 17:29:12,433 [WARN] PackLoader:240 - Cannot read IP mode file for STMicroelectronics.X-CUBE-BLEMGR.4.0.0
2025-06-09 17:29:12,445 [WARN] PackLoader:240 - Cannot read IP mode file for emotas.I-CUBE-CANOPEN.1.3.0
2025-06-09 17:29:12,454 [WARN] PackLoader:240 - Cannot read IP mode file for STMicroelectronics.X-CUBE-BLEMGR.3.1.0
2025-06-09 17:29:12,464 [WARN] PackLoader:240 - Cannot read IP mode file for STMicroelectronics.X-CUBE-AI.10.0.0
2025-06-09 17:29:12,470 [WARN] PackLoader:240 - Cannot read IP mode file for STMicroelectronics.FP-SNS-SMARTAG2.1.2.0
2025-06-09 17:29:12,474 [ERROR] Engine:466 - C:\Users\shoot\.stm32cubemx\thirdparties\pdsc\STMicroelectronics.FP-SNS-FLIGHT1.5.1.0.pdsc: PDSC version is not supported
2025-06-09 17:29:12,544 [WARN] PackLoader:240 - Cannot read IP mode file for STMicroelectronics.X-CUBE-MEMS1.11.1.0
2025-06-09 17:29:12,693 [INFO] WebApp:779 - Register for checkConnection events
2025-06-09 17:29:12,693 [INFO] WebApp:414 - Apply proxy settings
2025-06-09 17:29:12,693 [INFO] WebApp:499 - Chromium requires no authentication
2025-06-09 17:29:12,702 [INFO] LogOutputStream:77 - [STDOUT_REDIRECT] 1 : Invalid condition id : UX_CORESTACK_Condition cause : null
2025-06-09 17:29:12,702 [INFO] LogOutputStream:77 - [STDOUT_REDIRECT] 1 : Invalid condition id : UX_CORESTACK_Condition cause : null
2025-06-09 17:29:12,704 [INFO] LogOutputStream:77 - [STDOUT_REDIRECT] 1 : Invalid condition id : UX_CORESTACK_Condition cause : null
2025-06-09 17:29:12,707 [INFO] LogOutputStream:77 - [STDOUT_REDIRECT] 1 : Invalid condition id : UX_CORESTACK_Condition cause : null
2025-06-09 17:29:12,707 [INFO] WebApp:442 - Direct internet connection detected
2025-06-09 17:29:12,709 [INFO] LogOutputStream:77 - [STDOUT_REDIRECT] 1 : Invalid condition id : UX_CORESTACK_Condition cause : null
2025-06-09 17:29:12,712 [WARN] PackLoader:240 - Cannot read IP mode file for STMicroelectronics.X-CUBE-AZRTOS-WL.2.0.0
2025-06-09 17:29:12,720 [WARN] PackLoader:240 - Cannot read IP mode file for STMicroelectronics.FP-SNS-MOTENV1.5.0.0
2025-06-09 17:29:12,727 [WARN] PackLoader:240 - Cannot read IP mode file for wolfSSL.I-CUBE-wolfMQTT.1.19.0
2025-06-09 17:29:12,739 [WARN] PackLoader:240 - Cannot read IP mode file for WES.I-CUBE-Cesium.1.3.0
2025-06-09 17:29:12,744 [WARN] PackLoader:240 - Cannot read IP mode file for STMicroelectronics.X-CUBE-BLE2.3.3.0
2025-06-09 17:29:12,752 [WARN] PackLoader:240 - Cannot read IP mode file for STMicroelectronics.X-CUBE-NFC9.1.0.0
2025-06-09 17:29:12,758 [WARN] PackLoader:240 - Cannot read IP mode file for STMicroelectronics.X-CUBE-BLE1.7.1.0
2025-06-09 17:29:12,768 [WARN] PackLoader:240 - Cannot read IP mode file for STMicroelectronics.X-CUBE-TCPP.4.1.0
2025-06-09 17:29:12,773 [WARN] PackLoader:240 - Cannot read IP mode file for STMicroelectronics.X-CUBE-AI.10.1.0
2025-06-09 17:29:12,780 [WARN] PackLoader:240 - Cannot read IP mode file for STMicroelectronics.X-CUBE-ALGOBUILD.1.3.0
2025-06-09 17:29:12,827 [WARN] PackLoader:240 - Cannot read IP mode file for STMicroelectronics.X-CUBE-MEMS1.11.2.0
2025-06-09 17:29:13,001 [WARN] PackLoader:240 - Cannot read IP mode file for STMicroelectronics.X-CUBE-AZRTOS-G0.1.1.0
2025-06-09 17:29:13,012 [WARN] PackLoader:240 - Cannot read IP mode file for STMicroelectronics.X-CUBE-SAFEA1.1.2.2
2025-06-09 17:29:13,021 [WARN] PackLoader:240 - Cannot read IP mode file for STMicroelectronics.X-CUBE-NFC4.3.0.0
2025-06-09 17:29:13,026 [WARN] PackLoader:240 - Cannot read IP mode file for wolfSSL.I-CUBE-wolfMQTT.1.18.0
2025-06-09 17:29:13,037 [WARN] PackLoader:240 - Cannot read IP mode file for EmbeddedOffice.I-CUBE-FS-RTOS.1.0.1
2025-06-09 17:29:13,037 [ERROR] ConditionMgr:805 - Attr not supported : Dmpu
2025-06-09 17:29:13,038 [ERROR] ConditionMgr:805 - Attr not supported : Dmpu
2025-06-09 17:29:13,038 [ERROR] ConditionMgr:805 - Attr not supported : Dmpu
2025-06-09 17:29:13,038 [ERROR] ConditionMgr:805 - Attr not supported : Dmpu
2025-06-09 17:29:13,038 [ERROR] ConditionMgr:805 - Attr not supported : Dmpu
2025-06-09 17:29:13,038 [ERROR] ConditionMgr:805 - Attr not supported : Dmpu
2025-06-09 17:29:13,038 [ERROR] ConditionMgr:805 - Attr not supported : Dmpu
2025-06-09 17:29:13,038 [ERROR] ConditionMgr:805 - Attr not supported : Dmpu
2025-06-09 17:29:13,038 [ERROR] ConditionMgr:805 - Attr not supported : Dmpu
2025-06-09 17:29:13,038 [ERROR] ConditionMgr:805 - Attr not supported : Dmpu
2025-06-09 17:29:13,038 [ERROR] ConditionMgr:805 - Attr not supported : Dmpu
2025-06-09 17:29:13,040 [ERROR] ConditionMgr:805 - Attr not supported : Dmpu
2025-06-09 17:29:13,040 [ERROR] ConditionMgr:805 - Attr not supported : Dmpu
2025-06-09 17:29:13,040 [ERROR] ConditionMgr:805 - Attr not supported : Dmpu
2025-06-09 17:29:13,040 [ERROR] ConditionMgr:805 - Attr not supported : Dmpu
2025-06-09 17:29:13,040 [ERROR] ConditionMgr:805 - Attr not supported : Dmpu
2025-06-09 17:29:13,040 [ERROR] ConditionMgr:805 - Attr not supported : Dmpu
2025-06-09 17:29:13,040 [ERROR] ConditionMgr:805 - Attr not supported : Dmpu
2025-06-09 17:29:13,041 [ERROR] ConditionMgr:805 - Attr not supported : Dmpu
2025-06-09 17:29:13,041 [ERROR] ConditionMgr:805 - Attr not supported : Dmpu
2025-06-09 17:29:13,041 [ERROR] ConditionMgr:805 - Attr not supported : Dmpu
2025-06-09 17:29:13,041 [ERROR] ConditionMgr:805 - Attr not supported : Dmpu
2025-06-09 17:29:13,042 [ERROR] ConditionMgr:805 - Attr not supported : Dmpu
2025-06-09 17:29:13,042 [ERROR] ConditionMgr:805 - Attr not supported : Dmpu
2025-06-09 17:29:13,042 [ERROR] ConditionMgr:805 - Attr not supported : Dmpu
2025-06-09 17:29:13,042 [ERROR] ConditionMgr:805 - Attr not supported : Dmpu
2025-06-09 17:29:13,042 [ERROR] ConditionMgr:805 - Attr not supported : Dmpu
2025-06-09 17:29:13,042 [ERROR] ConditionMgr:805 - Attr not supported : Dmpu
2025-06-09 17:29:13,042 [ERROR] ConditionMgr:805 - Attr not supported : Dmpu
2025-06-09 17:29:13,042 [ERROR] ConditionMgr:805 - Attr not supported : Dmpu
2025-06-09 17:29:13,042 [ERROR] ConditionMgr:805 - Attr not supported : Dmpu
2025-06-09 17:29:13,042 [ERROR] ConditionMgr:805 - Attr not supported : Dmpu
2025-06-09 17:29:13,043 [ERROR] ConditionMgr:805 - Attr not supported : Dmpu
2025-06-09 17:29:13,043 [ERROR] ConditionMgr:805 - Attr not supported : Dmpu
2025-06-09 17:29:13,043 [ERROR] ConditionMgr:805 - Attr not supported : Dmpu
2025-06-09 17:29:13,043 [ERROR] ConditionMgr:805 - Attr not supported : Dmpu
2025-06-09 17:29:13,043 [ERROR] ConditionMgr:805 - Attr not supported : Dmpu
2025-06-09 17:29:13,043 [ERROR] ConditionMgr:805 - Attr not supported : Dmpu
2025-06-09 17:29:13,043 [ERROR] ConditionMgr:805 - Attr not supported : Dmpu
2025-06-09 17:29:13,043 [ERROR] ConditionMgr:805 - Attr not supported : Dmpu
2025-06-09 17:29:13,044 [ERROR] ConditionMgr:805 - Attr not supported : Dmpu
2025-06-09 17:29:13,044 [ERROR] ConditionMgr:805 - Attr not supported : Dmpu
2025-06-09 17:29:13,044 [ERROR] ConditionMgr:805 - Attr not supported : Dmpu
2025-06-09 17:29:13,044 [ERROR] ConditionMgr:805 - Attr not supported : Dmpu
2025-06-09 17:29:13,044 [ERROR] ConditionMgr:805 - Attr not supported : Dmpu
2025-06-09 17:29:13,044 [ERROR] ConditionMgr:805 - Attr not supported : Dmpu
2025-06-09 17:29:13,044 [ERROR] ConditionMgr:805 - Attr not supported : Dmpu
2025-06-09 17:29:13,045 [ERROR] ConditionMgr:805 - Attr not supported : Dmpu
2025-06-09 17:29:13,045 [ERROR] ConditionMgr:805 - Attr not supported : Dmpu
2025-06-09 17:29:13,045 [ERROR] ConditionMgr:805 - Attr not supported : Dmpu
2025-06-09 17:29:13,045 [ERROR] ConditionMgr:805 - Attr not supported : Dmpu
2025-06-09 17:29:13,045 [ERROR] ConditionMgr:805 - Attr not supported : Dmpu
2025-06-09 17:29:13,045 [ERROR] ConditionMgr:805 - Attr not supported : Dmpu
2025-06-09 17:29:13,045 [ERROR] ConditionMgr:805 - Attr not supported : Dmpu
2025-06-09 17:29:13,045 [ERROR] ConditionMgr:805 - Attr not supported : Dmpu
2025-06-09 17:29:13,045 [ERROR] ConditionMgr:805 - Attr not supported : Dmpu
2025-06-09 17:29:13,045 [ERROR] ConditionMgr:805 - Attr not supported : Dmpu
2025-06-09 17:29:13,045 [ERROR] ConditionMgr:805 - Attr not supported : Dmpu
2025-06-09 17:29:13,045 [ERROR] ConditionMgr:805 - Attr not supported : Dmpu
2025-06-09 17:29:13,045 [ERROR] ConditionMgr:805 - Attr not supported : Dmpu
2025-06-09 17:29:13,046 [ERROR] ConditionMgr:805 - Attr not supported : Dmpu
2025-06-09 17:29:13,046 [ERROR] ConditionMgr:805 - Attr not supported : Dmpu
2025-06-09 17:29:13,046 [ERROR] ConditionMgr:805 - Attr not supported : Dmpu
2025-06-09 17:29:13,046 [ERROR] ConditionMgr:805 - Attr not supported : Dmpu
2025-06-09 17:29:13,051 [WARN] PackLoader:240 - Cannot read IP mode file for STMicroelectronics.X-CUBE-WB05N.2.0.0
2025-06-09 17:29:13,057 [ERROR] Engine:466 - C:\Users\shoot\.stm32cubemx\thirdparties\pdsc\STMicroelectronics.X-CUBE-TCPP.4.2.0.pdsc: PDSC version is not supported
2025-06-09 17:29:13,062 [WARN] PackLoader:240 - Cannot read IP mode file for RealThread.X-CUBE-RT-Thread_Nano.4.1.1
2025-06-09 17:29:13,067 [WARN] PackLoader:240 - Cannot read IP mode file for wolfSSL.I-CUBE-wolfSSL.5.7.0
2025-06-09 17:29:13,076 [WARN] PackLoader:240 - Cannot read IP mode file for STMicroelectronics.FP-ATR-SIGFOX1.3.2.0
2025-06-09 17:29:13,083 [WARN] ConditionMgr:438 - getConditionDescription Invalid condition id : Cortex-A Device cause : null
2025-06-09 17:29:13,109 [WARN] ConditionMgr:1039 - genDependencies : Invalid condition id : Cortex-A Device cause : null
2025-06-09 17:29:13,109 [WARN] ConditionMgr:1039 - genDependencies : Invalid condition id : Cortex-A Device cause : null
2025-06-09 17:29:13,109 [WARN] ConditionMgr:1039 - genDependencies : Invalid condition id : Cortex-A Device cause : null
2025-06-09 17:29:13,116 [WARN] PackLoader:240 - Cannot read IP mode file for STMicroelectronics.X-CUBE-EEPRMA1.5.1.0
2025-06-09 17:29:13,128 [WARN] PackLoader:240 - Cannot read IP mode file for ITTIA_DB.I-CUBE-ITTIADB.8.9.0
2025-06-09 17:29:13,130 [ERROR] Engine:466 - C:\Users\shoot\.stm32cubemx\thirdparties\pdsc\STMicroelectronics.X-CUBE-ST67W61.1.0.0.pdsc: PDSC version is not supported
2025-06-09 17:29:13,166 [WARN] PackLoader:240 - Cannot read IP mode file for SEGGER.I-CUBE-embOS.1.3.1
2025-06-09 17:29:13,213 [WARN] PackLoader:240 - Cannot read IP mode file for STMicroelectronics.X-CUBE-ALGOBUILD.1.4.0
2025-06-09 17:29:13,258 [WARN] PackLoader:240 - Cannot read IP mode file for STMicroelectronics.X-CUBE-MEMS1.11.3.0
2025-06-09 17:29:13,319 [INFO] WebApp:192 - Starting web application
2025-06-09 17:29:13,319 [INFO] WebApp:544 - Web application path used C:\ST\STM32CubeIDE_1.15.1\STM32CubeIDE\plugins\com.st.stm32cube.common.mx_6.11.1.202404110753\db\plugins\mcufinder\reactClient1\index.html
2025-06-09 17:29:13,399 [WARN] PackLoader:240 - Cannot read IP mode file for STMicroelectronics.X-CUBE-AI.9.1.0
2025-06-09 17:29:13,405 [WARN] PackLoader:240 - Cannot read IP mode file for STMicroelectronics.X-CUBE-GNSS1.6.0.0
2025-06-09 17:29:13,421 [WARN] PackLoader:240 - Cannot read IP mode file for STMicroelectronics.X-CUBE-AZRTOS-F4.1.1.0
2025-06-09 17:29:13,426 [ERROR] Engine:466 - C:\Users\shoot\.stm32cubemx\thirdparties\pdsc\Avnet-IotConnect.X-CUBE-IoTC-DA16k-PMOD.1.0.0.pdsc: PDSC version is not supported
2025-06-09 17:29:13,430 [WARN] PackLoader:240 - Cannot read IP mode file for STMicroelectronics.X-CUBE-ISPU.2.1.0
2025-06-09 17:29:13,437 [WARN] PackLoader:240 - Cannot read IP mode file for STMicroelectronics.X-CUBE-FREERTOS.1.2.0
2025-06-09 17:29:13,455 [WARN] PackLoader:240 - Cannot read IP mode file for STMicroelectronics.X-CUBE-AZRTOS-L5.2.0.0
2025-06-09 17:29:13,469 [WARN] PackLoader:240 - Cannot read IP mode file for STMicroelectronics.X-CUBE-NFC6.3.1.0
2025-06-09 17:29:13,479 [WARN] PackLoader:240 - Cannot read IP mode file for STMicroelectronics.X-CUBE-DPower.1.2.0
2025-06-09 17:29:13,484 [WARN] PackLoader:240 - Cannot read IP mode file for STMicroelectronics.X-CUBE-AI.9.0.0
2025-06-09 17:29:13,492 [WARN] PackLoader:240 - Cannot read IP mode file for STMicroelectronics.X-CUBE-FREERTOS.1.3.1
2025-06-09 17:29:13,498 [WARN] PackLoader:240 - Cannot read IP mode file for STMicroelectronics.X-CUBE-FREERTOS.1.3.0
2025-06-09 17:29:13,505 [WARN] PackLoader:240 - Cannot read IP mode file for STMicroelectronics.X-CUBE-NFC7.1.0.1
2025-06-09 17:29:13,510 [WARN] PackLoader:240 - Cannot read IP mode file for wolfSSL.I-CUBE-wolfTPM.3.2.0
2025-06-09 17:29:13,515 [WARN] PackLoader:240 - Cannot read IP mode file for STMicroelectronics.X-CUBE-DPower.1.3.0
2025-06-09 17:29:13,540 [WARN] ConditionMgr:438 - getConditionDescription Invalid condition id : LAN8742 Phy interface Condition cause : null
2025-06-09 17:29:13,541 [WARN] PackLoader:240 - Cannot read IP mode file for STMicroelectronics.X-CUBE-AZRTOS-L4.2.0.0
2025-06-09 17:29:13,544 [WARN] ConditionMgr:1039 - genDependencies : Invalid condition id : LAN8742 Phy interface Condition cause : null
2025-06-09 17:29:13,544 [WARN] ConditionMgr:1039 - genDependencies : Invalid condition id : LAN8742 Phy interface Condition cause : null
2025-06-09 17:29:13,545 [WARN] ConditionMgr:1039 - genDependencies : Invalid condition id : LAN8742 Phy interface Condition cause : null
2025-06-09 17:29:13,560 [WARN] PackLoader:240 - Cannot read IP mode file for STMicroelectronics.X-CUBE-SFXS2LP1.4.0.0
2025-06-09 17:29:13,597 [WARN] PackLoader:240 - Cannot read IP mode file for STMicroelectronics.X-CUBE-AZRTOS-H7.3.3.0
2025-06-09 17:29:13,615 [WARN] PackLoader:240 - Cannot read IP mode file for STMicroelectronics.X-CUBE-IPS.3.0.0
2025-06-09 17:29:13,638 [WARN] ConditionMgr:438 - getConditionDescription Invalid condition id : UX DEVICE CLASS RTOS Condition cause : null
2025-06-09 17:29:13,639 [WARN] ConditionMgr:438 - getConditionDescription Invalid condition id : UX DEVICE CLASS RTOS Condition cause : null
2025-06-09 17:29:13,643 [WARN] PackLoader:240 - Cannot read IP mode file for STMicroelectronics.X-CUBE-AZRTOS-WB.2.0.0
2025-06-09 17:29:13,644 [WARN] ConditionMgr:1039 - genDependencies : Invalid condition id : UX DEVICE CLASS RTOS Condition cause : null
2025-06-09 17:29:13,646 [WARN] ConditionMgr:1039 - genDependencies : Invalid condition id : UX DEVICE CLASS RTOS Condition cause : null
2025-06-09 17:29:13,666 [WARN] ConditionMgr:1039 - genDependencies : Invalid condition id : UX DEVICE CLASS RTOS Condition cause : null
2025-06-09 17:29:13,666 [WARN] ConditionMgr:1039 - genDependencies : Invalid condition id : UX DEVICE CLASS RTOS Condition cause : null
2025-06-09 17:29:13,667 [WARN] ConditionMgr:1039 - genDependencies : Invalid condition id : UX DEVICE CLASS RTOS Condition cause : null
2025-06-09 17:29:13,673 [WARN] PackLoader:240 - Cannot read IP mode file for STMicroelectronics.X-CUBE-GNSS1.7.0.0
2025-06-09 17:29:13,681 [WARN] PackLoader:240 - Cannot read IP mode file for STMicroelectronics.X-CUBE-GNSS1.7.0.1
2025-06-09 17:29:13,686 [WARN] PackLoader:240 - Cannot read IP mode file for STMicroelectronics.X-CUBE-TOUCHGFX.4.25.0
2025-06-09 17:29:13,698 [WARN] PackLoader:240 - Cannot read IP mode file for STMicroelectronics.FP-SNS-STBOX1.2.0.0
2025-06-09 17:29:13,718 [WARN] PackLoader:240 - Cannot read IP mode file for STMicroelectronics.X-CUBE-SUBG2.5.0.0
2025-06-09 17:29:13,756 [WARN] PackLoader:240 - Cannot read IP mode file for STMicroelectronics.X-CUBE-AZRTOS-H7RS.1.1.0
2025-06-09 17:29:13,765 [WARN] PackLoader:240 - Cannot read IP mode file for Cesanta.I-CUBE-Mongoose.7.13.0
2025-06-09 17:29:13,783 [WARN] PackLoader:240 - Cannot read IP mode file for STMicroelectronics.X-CUBE-AZRTOS-G4.2.0.0
2025-06-09 17:29:13,791 [WARN] PackLoader:240 - Cannot read IP mode file for STMicroelectronics.X-CUBE-NFC7.2.0.0
2025-06-09 17:29:13,796 [WARN] PackLoader:240 - Cannot read IP mode file for STMicroelectronics.X-CUBE-ISPU.2.0.0
2025-06-09 17:29:13,803 [ERROR] Engine:466 - C:\Users\shoot\.stm32cubemx\thirdparties\pdsc\STMicroelectronics.X-CUBE-IPS.3.1.0.pdsc: PDSC version is not supported
2025-06-09 17:29:13,810 [WARN] PackLoader:240 - Cannot read IP mode file for STMicroelectronics.X-CUBE-ALS.1.0.2
2025-06-09 17:29:13,859 [WARN] PackLoader:240 - Cannot read IP mode file for STMicroelectronics.X-CUBE-MEMS1.10.0.0
2025-06-09 17:29:14,008 [WARN] PackLoader:240 - Cannot read IP mode file for STMicroelectronics.X-CUBE-TOUCHGFX.4.24.0
2025-06-09 17:29:14,012 [WARN] PackLoader:240 - Cannot read IP mode file for STMicroelectronics.X-CUBE-TOUCHGFX.4.24.2
2025-06-09 17:29:14,015 [WARN] PackLoader:240 - Cannot read IP mode file for STMicroelectronics.X-CUBE-TOUCHGFX.4.24.1
2025-06-09 17:29:14,022 [WARN] PackLoader:240 - Cannot read IP mode file for portGmbH.I-Cube-SoM-uGOAL.1.1.0
2025-06-09 17:29:14,026 [WARN] PackLoader:240 - Cannot read IP mode file for STMicroelectronics.X-CUBE-ALS.1.0.1
2025-06-09 17:29:14,045 [WARN] PackLoader:240 - Cannot read IP mode file for STMicroelectronics.X-CUBE-AZRTOS-H7RS.1.0.0
2025-06-09 17:29:14,052 [WARN] PackLoader:240 - Cannot read IP mode file for STMicroelectronics.FP-ATR-ASTRA1.2.0.0
2025-06-09 17:29:14,063 [WARN] PackLoader:240 - Cannot read IP mode file for STMicroelectronics.X-CUBE-TOF1.3.4.2
2025-06-09 17:29:14,079 [ERROR] Engine:466 - C:\Users\shoot\.stm32cubemx\thirdparties\pdsc\STMicroelectronics.X-CUBE-TOF1.3.4.3.pdsc: PDSC version is not supported
2025-06-09 17:29:14,090 [WARN] PackLoader:240 - Cannot read IP mode file for STMicroelectronics.X-CUBE-TOF1.3.4.1
2025-06-09 17:29:14,118 [WARN] PackLoader:240 - Cannot read IP mode file for STMicroelectronics.X-CUBE-AZRTOS-H7.3.2.0
2025-06-09 17:29:14,133 [WARN] PackLoader:240 - Cannot read IP mode file for Infineon.AIROC-Wi-Fi-Bluetooth-STM32.1.6.0
2025-06-09 17:29:14,143 [WARN] PackLoader:240 - Cannot read IP mode file for wolfSSL.I-CUBE-wolfSSH.1.4.17
2025-06-09 17:29:14,144 [INFO] ThirdParty:978 - Integrity check success = true
2025-06-09 17:29:14,144 [INFO] IntegrityCheckThread:100 - exiting critical section [integrity check]
2025-06-09 17:29:14,144 [INFO] IntegrityCheckThread:103 - End integrity checks thread
2025-06-09 17:44:05,181 [ERROR] ConfigurationRetriever:142 - IOException on connection: sw-center.st.com
2025-06-09 17:44:05,182 [ERROR] ConfigurationRetriever:142 - IOException on connection: sw-center.st.com
2025-06-09 17:44:05,182 [ERROR] ConfigurationRetriever:142 - IOException on connection: sw-center.st.com
2025-06-09 17:44:14,002 [ERROR] ConfigurationRetriever:142 - IOException on connection: sw-center.st.com
2025-06-09 17:44:14,002 [ERROR] ConfigurationRetriever:142 - IOException on connection: sw-center.st.com
2025-06-09 17:44:14,003 [ERROR] ConfigurationRetriever:142 - IOException on connection: sw-center.st.com
2025-06-09 18:10:58,572 [ERROR] ConfigurationRetriever:142 - IOException on connection: sw-center.st.com
2025-06-09 18:10:58,573 [ERROR] ConfigurationRetriever:142 - IOException on connection: sw-center.st.com
2025-06-09 18:10:58,575 [ERROR] ConfigurationRetriever:142 - IOException on connection: sw-center.st.com
2025-06-09 18:10:58,999 [ERROR] ConfigurationRetriever:142 - IOException on connection: sw-center.st.com
2025-06-09 18:10:59,001 [ERROR] ConfigurationRetriever:142 - IOException on connection: sw-center.st.com
2025-06-09 18:10:59,001 [ERROR] ConfigurationRetriever:142 - IOException on connection: sw-center.st.com
2025-06-09 18:21:40,598 [ERROR] ConfigurationRetriever:142 - IOException on connection: sw-center.st.com
2025-06-09 18:21:40,600 [ERROR] ConfigurationRetriever:142 - IOException on connection: sw-center.st.com
2025-06-09 18:21:40,602 [ERROR] ConfigurationRetriever:142 - IOException on connection: sw-center.st.com
2025-06-09 18:21:41,162 [ERROR] ConfigurationRetriever:142 - IOException on connection: sw-center.st.com
2025-06-09 18:21:41,163 [ERROR] ConfigurationRetriever:142 - IOException on connection: sw-center.st.com
2025-06-09 18:21:41,164 [ERROR] ConfigurationRetriever:142 - IOException on connection: sw-center.st.com
2025-06-09 18:22:31,336 [ERROR] ConfigurationRetriever:142 - IOException on connection: sw-center.st.com
2025-06-09 18:22:31,338 [ERROR] ConfigurationRetriever:142 - IOException on connection: sw-center.st.com
2025-06-09 18:22:31,339 [ERROR] ConfigurationRetriever:142 - IOException on connection: sw-center.st.com
2025-06-09 18:22:33,943 [ERROR] ConfigurationRetriever:142 - IOException on connection: sw-center.st.com
2025-06-09 18:22:33,943 [ERROR] ConfigurationRetriever:142 - IOException on connection: sw-center.st.com
2025-06-09 18:22:33,944 [ERROR] ConfigurationRetriever:142 - IOException on connection: sw-center.st.com
2025-06-09 18:41:23,423 [ERROR] ConfigurationRetriever:142 - IOException on connection: sw-center.st.com
2025-06-09 18:41:23,426 [ERROR] ConfigurationRetriever:142 - IOException on connection: sw-center.st.com
2025-06-09 18:41:23,427 [ERROR] ConfigurationRetriever:142 - IOException on connection: sw-center.st.com
2025-06-09 18:41:31,720 [ERROR] ConfigurationRetriever:142 - IOException on connection: sw-center.st.com
2025-06-09 18:41:31,721 [ERROR] ConfigurationRetriever:142 - IOException on connection: sw-center.st.com
2025-06-09 18:41:31,721 [ERROR] ConfigurationRetriever:142 - IOException on connection: sw-center.st.com
2025-06-09 18:52:59,591 [ERROR] ConfigurationRetriever:142 - IOException on connection: sw-center.st.com
2025-06-09 18:52:59,592 [ERROR] ConfigurationRetriever:142 - IOException on connection: sw-center.st.com
2025-06-09 18:52:59,594 [ERROR] ConfigurationRetriever:142 - IOException on connection: sw-center.st.com
2025-06-09 18:53:00,593 [ERROR] ConfigurationRetriever:142 - IOException on connection: sw-center.st.com
2025-06-09 18:53:00,596 [ERROR] ConfigurationRetriever:142 - IOException on connection: sw-center.st.com
2025-06-09 18:53:00,598 [ERROR] ConfigurationRetriever:142 - IOException on connection: sw-center.st.com
2025-06-09 19:42:16,121 [ERROR] ConfigurationRetriever:142 - IOException on connection: sw-center.st.com
2025-06-09 19:42:16,123 [ERROR] ConfigurationRetriever:142 - IOException on connection: sw-center.st.com
2025-06-09 19:42:16,124 [ERROR] ConfigurationRetriever:142 - IOException on connection: sw-center.st.com
2025-06-09 19:42:18,686 [ERROR] ConfigurationRetriever:142 - IOException on connection: sw-center.st.com
2025-06-09 19:42:18,686 [ERROR] ConfigurationRetriever:142 - IOException on connection: sw-center.st.com
2025-06-09 19:42:18,687 [ERROR] ConfigurationRetriever:142 - IOException on connection: sw-center.st.com
2025-06-09 19:47:05,927 [ERROR] ConfigurationRetriever:142 - IOException on connection: sw-center.st.com
2025-06-09 19:47:05,928 [ERROR] ConfigurationRetriever:142 - IOException on connection: sw-center.st.com
2025-06-09 19:47:05,930 [ERROR] ConfigurationRetriever:142 - IOException on connection: sw-center.st.com
2025-06-09 19:47:06,371 [ERROR] ConfigurationRetriever:142 - IOException on connection: sw-center.st.com
2025-06-09 19:47:06,372 [ERROR] ConfigurationRetriever:142 - IOException on connection: sw-center.st.com
2025-06-09 19:47:06,372 [ERROR] ConfigurationRetriever:142 - IOException on connection: sw-center.st.com
2025-06-09 19:49:52,918 [ERROR] ConfigurationRetriever:142 - IOException on connection: sw-center.st.com
2025-06-09 19:49:52,918 [ERROR] ConfigurationRetriever:142 - IOException on connection: sw-center.st.com
2025-06-09 19:49:52,918 [ERROR] ConfigurationRetriever:142 - IOException on connection: sw-center.st.com
2025-06-09 19:57:47,616 [ERROR] ConfigurationRetriever:142 - IOException on connection: sw-center.st.com
2025-06-09 19:57:47,618 [ERROR] ConfigurationRetriever:142 - IOException on connection: sw-center.st.com
2025-06-09 19:57:47,619 [ERROR] ConfigurationRetriever:142 - IOException on connection: sw-center.st.com
2025-06-09 19:57:48,051 [ERROR] ConfigurationRetriever:142 - IOException on connection: sw-center.st.com
2025-06-09 19:57:48,051 [ERROR] ConfigurationRetriever:142 - IOException on connection: sw-center.st.com
2025-06-09 19:57:48,051 [ERROR] ConfigurationRetriever:142 - IOException on connection: sw-center.st.com
2025-06-09 20:02:27,912 [ERROR] ConfigurationRetriever:142 - IOException on connection: sw-center.st.com
2025-06-09 20:02:27,914 [ERROR] ConfigurationRetriever:142 - IOException on connection: sw-center.st.com
2025-06-09 20:02:27,915 [ERROR] ConfigurationRetriever:142 - IOException on connection: sw-center.st.com
2025-06-09 20:02:28,324 [ERROR] ConfigurationRetriever:142 - IOException on connection: sw-center.st.com
2025-06-09 20:02:28,325 [ERROR] ConfigurationRetriever:142 - IOException on connection: sw-center.st.com
2025-06-09 20:02:28,325 [ERROR] ConfigurationRetriever:142 - IOException on connection: sw-center.st.com
2025-06-09 20:03:03,489 [ERROR] ConfigurationRetriever:142 - IOException on connection: sw-center.st.com
2025-06-09 20:03:03,489 [ERROR] ConfigurationRetriever:142 - IOException on connection: sw-center.st.com
2025-06-09 20:03:03,489 [ERROR] ConfigurationRetriever:142 - IOException on connection: sw-center.st.com
2025-06-09 20:04:05,485 [ERROR] ConfigurationRetriever:142 - IOException on connection: sw-center.st.com
2025-06-09 20:04:05,485 [ERROR] ConfigurationRetriever:142 - IOException on connection: sw-center.st.com
2025-06-09 20:04:05,485 [ERROR] ConfigurationRetriever:142 - IOException on connection: sw-center.st.com
2025-06-09 20:06:35,598 [ERROR] ConfigurationRetriever:142 - IOException on connection: sw-center.st.com
2025-06-09 20:06:35,598 [ERROR] ConfigurationRetriever:142 - IOException on connection: sw-center.st.com
2025-06-09 20:06:35,598 [ERROR] ConfigurationRetriever:142 - IOException on connection: sw-center.st.com
2025-06-09 20:08:50,247 [ERROR] ConfigurationRetriever:142 - IOException on connection: sw-center.st.com
2025-06-09 20:08:50,247 [ERROR] ConfigurationRetriever:142 - IOException on connection: sw-center.st.com
2025-06-09 20:08:50,247 [ERROR] ConfigurationRetriever:142 - IOException on connection: sw-center.st.com
2025-06-09 20:15:23,578 [ERROR] ConfigurationRetriever:142 - IOException on connection: sw-center.st.com
2025-06-09 20:15:23,578 [ERROR] ConfigurationRetriever:142 - IOException on connection: sw-center.st.com
2025-06-09 20:15:23,578 [ERROR] ConfigurationRetriever:142 - IOException on connection: sw-center.st.com
2025-06-09 20:23:00,345 [ERROR] ConfigurationRetriever:142 - IOException on connection: sw-center.st.com
2025-06-09 20:23:00,347 [ERROR] ConfigurationRetriever:142 - IOException on connection: sw-center.st.com
2025-06-09 20:23:00,348 [ERROR] ConfigurationRetriever:142 - IOException on connection: sw-center.st.com
2025-06-09 20:23:00,970 [ERROR] ConfigurationRetriever:142 - IOException on connection: sw-center.st.com
2025-06-09 20:23:00,972 [ERROR] ConfigurationRetriever:142 - IOException on connection: sw-center.st.com
2025-06-09 20:23:00,973 [ERROR] ConfigurationRetriever:142 - IOException on connection: sw-center.st.com
2025-06-09 20:52:04,230 [ERROR] ConfigurationRetriever:142 - IOException on connection: sw-center.st.com
2025-06-09 20:52:04,231 [ERROR] ConfigurationRetriever:142 - IOException on connection: sw-center.st.com
2025-06-09 20:52:04,232 [ERROR] ConfigurationRetriever:142 - IOException on connection: sw-center.st.com
2025-06-09 20:52:04,406 [ERROR] ConfigurationRetriever:142 - IOException on connection: sw-center.st.com
2025-06-09 20:52:04,407 [ERROR] ConfigurationRetriever:142 - IOException on connection: sw-center.st.com
2025-06-09 20:52:04,407 [ERROR] ConfigurationRetriever:142 - IOException on connection: sw-center.st.com
2025-06-09 20:57:18,277 [ERROR] ConfigurationRetriever:142 - IOException on connection: sw-center.st.com
2025-06-09 20:57:18,277 [ERROR] ConfigurationRetriever:142 - IOException on connection: sw-center.st.com
2025-06-09 20:57:18,279 [ERROR] ConfigurationRetriever:142 - IOException on connection: sw-center.st.com
2025-06-09 21:33:34,113 [ERROR] ConfigurationRetriever:142 - IOException on connection: sw-center.st.com
2025-06-09 21:33:34,114 [ERROR] ConfigurationRetriever:142 - IOException on connection: sw-center.st.com
2025-06-09 21:33:34,115 [ERROR] ConfigurationRetriever:142 - IOException on connection: sw-center.st.com
2025-06-09 21:33:34,273 [ERROR] ConfigurationRetriever:142 - IOException on connection: sw-center.st.com
2025-06-09 21:33:34,274 [ERROR] ConfigurationRetriever:142 - IOException on connection: sw-center.st.com
2025-06-09 21:33:34,274 [ERROR] ConfigurationRetriever:142 - IOException on connection: sw-center.st.com
