2025-06-10 00:30:12,067 [ERROR] ConfigurationRetriever:142 - IOException on connection: sw-center.st.com
2025-06-10 00:30:12,102 [ERROR] ConfigurationRetriever:142 - IOException on connection: sw-center.st.com
2025-06-10 00:30:12,103 [ERROR] ConfigurationRetriever:142 - IOException on connection: sw-center.st.com
2025-06-10 00:32:58,529 [ERROR] ConfigurationRetriever:142 - IOException on connection: sw-center.st.com
2025-06-10 00:32:58,530 [ERROR] ConfigurationRetriever:142 - IOException on connection: sw-center.st.com
2025-06-10 00:32:58,530 [ERROR] ConfigurationRetriever:142 - IOException on connection: sw-center.st.com
2025-06-10 00:32:58,700 [ERROR] ConfigurationRetriever:142 - IOException on connection: sw-center.st.com
2025-06-10 00:32:58,701 [ERROR] ConfigurationRetriever:142 - IOException on connection: sw-center.st.com
2025-06-10 00:32:58,701 [ERROR] ConfigurationRetriever:142 - IOException on connection: sw-center.st.com
2025-06-10 00:35:16,087 [ERROR] ConfigurationRetriever:142 - IOException on connection: sw-center.st.com
2025-06-10 00:35:16,088 [ERROR] ConfigurationRetriever:142 - IOException on connection: sw-center.st.com
2025-06-10 00:35:16,089 [ERROR] ConfigurationRetriever:142 - IOException on connection: sw-center.st.com
2025-06-10 00:35:16,243 [ERROR] ConfigurationRetriever:142 - IOException on connection: sw-center.st.com
2025-06-10 00:35:16,243 [ERROR] ConfigurationRetriever:142 - IOException on connection: sw-center.st.com
2025-06-10 00:35:16,243 [ERROR] ConfigurationRetriever:142 - IOException on connection: sw-center.st.com
2025-06-10 00:40:14,676 [ERROR] ConfigurationRetriever:142 - IOException on connection: sw-center.st.com
2025-06-10 00:40:14,679 [ERROR] ConfigurationRetriever:142 - IOException on connection: sw-center.st.com
2025-06-10 00:40:14,680 [ERROR] ConfigurationRetriever:142 - IOException on connection: sw-center.st.com
2025-06-10 00:40:14,715 [ERROR] ConfigurationRetriever:142 - IOException on connection: sw-center.st.com
2025-06-10 00:40:14,716 [ERROR] ConfigurationRetriever:142 - IOException on connection: sw-center.st.com
2025-06-10 00:40:14,716 [ERROR] ConfigurationRetriever:142 - IOException on connection: sw-center.st.com
2025-06-10 00:40:47,313 [ERROR] ConfigurationRetriever:142 - IOException on connection: sw-center.st.com
2025-06-10 00:40:47,314 [ERROR] ConfigurationRetriever:142 - IOException on connection: sw-center.st.com
2025-06-10 00:40:47,314 [ERROR] ConfigurationRetriever:142 - IOException on connection: sw-center.st.com
2025-06-10 00:40:47,334 [ERROR] ConfigurationRetriever:142 - IOException on connection: sw-center.st.com
2025-06-10 00:40:47,334 [ERROR] ConfigurationRetriever:142 - IOException on connection: sw-center.st.com
2025-06-10 00:40:47,334 [ERROR] ConfigurationRetriever:142 - IOException on connection: sw-center.st.com
2025-06-10 00:48:26,351 [ERROR] ConfigurationRetriever:142 - IOException on connection: sw-center.st.com
2025-06-10 00:48:26,352 [ERROR] ConfigurationRetriever:142 - IOException on connection: sw-center.st.com
2025-06-10 00:48:26,352 [ERROR] ConfigurationRetriever:142 - IOException on connection: sw-center.st.com
2025-06-10 00:48:33,579 [ERROR] ConfigurationRetriever:142 - IOException on connection: sw-center.st.com
2025-06-10 00:48:33,579 [ERROR] ConfigurationRetriever:142 - IOException on connection: sw-center.st.com
2025-06-10 00:48:33,579 [ERROR] ConfigurationRetriever:142 - IOException on connection: sw-center.st.com
2025-06-10 00:49:31,664 [ERROR] ConfigurationRetriever:142 - IOException on connection: sw-center.st.com
2025-06-10 00:49:31,664 [ERROR] ConfigurationRetriever:142 - IOException on connection: sw-center.st.com
2025-06-10 00:49:31,665 [ERROR] ConfigurationRetriever:142 - IOException on connection: sw-center.st.com
2025-06-10 00:58:40,526 [ERROR] ConfigurationRetriever:142 - IOException on connection: sw-center.st.com
2025-06-10 00:58:40,528 [ERROR] ConfigurationRetriever:142 - IOException on connection: sw-center.st.com
2025-06-10 00:58:40,528 [ERROR] ConfigurationRetriever:142 - IOException on connection: sw-center.st.com
2025-06-10 00:58:40,698 [ERROR] ConfigurationRetriever:142 - IOException on connection: sw-center.st.com
2025-06-10 00:58:40,698 [ERROR] ConfigurationRetriever:142 - IOException on connection: sw-center.st.com
2025-06-10 00:58:40,698 [ERROR] ConfigurationRetriever:142 - IOException on connection: sw-center.st.com
2025-06-10 01:04:17,735 [ERROR] ConfigurationRetriever:142 - IOException on connection: sw-center.st.com
2025-06-10 01:04:17,735 [ERROR] ConfigurationRetriever:142 - IOException on connection: sw-center.st.com
2025-06-10 01:04:17,735 [ERROR] ConfigurationRetriever:142 - IOException on connection: sw-center.st.com
2025-06-10 02:58:23,337 [ERROR] ConfigurationRetriever:142 - IOException on connection: sw-center.st.com
2025-06-10 02:58:23,338 [ERROR] ConfigurationRetriever:142 - IOException on connection: sw-center.st.com
2025-06-10 02:58:23,338 [ERROR] ConfigurationRetriever:142 - IOException on connection: sw-center.st.com
2025-06-10 02:58:23,497 [ERROR] ConfigurationRetriever:142 - IOException on connection: sw-center.st.com
2025-06-10 02:58:23,498 [ERROR] ConfigurationRetriever:142 - IOException on connection: sw-center.st.com
2025-06-10 02:58:23,498 [ERROR] ConfigurationRetriever:142 - IOException on connection: sw-center.st.com
2025-06-10 03:13:14,804 [ERROR] ConfigurationRetriever:142 - IOException on connection: sw-center.st.com
2025-06-10 03:13:14,805 [ERROR] ConfigurationRetriever:142 - IOException on connection: sw-center.st.com
2025-06-10 03:13:14,805 [ERROR] ConfigurationRetriever:142 - IOException on connection: sw-center.st.com
2025-06-10 03:13:15,024 [ERROR] ConfigurationRetriever:142 - IOException on connection: sw-center.st.com
2025-06-10 03:13:15,025 [ERROR] ConfigurationRetriever:142 - IOException on connection: sw-center.st.com
2025-06-10 03:13:15,025 [ERROR] ConfigurationRetriever:142 - IOException on connection: sw-center.st.com
2025-06-10 03:13:40,660 [ERROR] ConfigurationRetriever:142 - IOException on connection: sw-center.st.com
2025-06-10 03:13:40,661 [ERROR] ConfigurationRetriever:142 - IOException on connection: sw-center.st.com
2025-06-10 03:13:40,661 [ERROR] ConfigurationRetriever:142 - IOException on connection: sw-center.st.com
2025-06-10 03:13:40,827 [ERROR] ConfigurationRetriever:142 - IOException on connection: sw-center.st.com
2025-06-10 03:13:40,828 [ERROR] ConfigurationRetriever:142 - IOException on connection: sw-center.st.com
2025-06-10 03:13:40,828 [ERROR] ConfigurationRetriever:142 - IOException on connection: sw-center.st.com
2025-06-10 03:14:03,356 [ERROR] ConfigurationRetriever:142 - IOException on connection: sw-center.st.com
2025-06-10 03:14:03,356 [ERROR] ConfigurationRetriever:142 - IOException on connection: sw-center.st.com
2025-06-10 03:14:03,357 [ERROR] ConfigurationRetriever:142 - IOException on connection: sw-center.st.com
2025-06-10 03:14:03,515 [ERROR] ConfigurationRetriever:142 - IOException on connection: sw-center.st.com
2025-06-10 03:14:03,515 [ERROR] ConfigurationRetriever:142 - IOException on connection: sw-center.st.com
2025-06-10 03:14:03,515 [ERROR] ConfigurationRetriever:142 - IOException on connection: sw-center.st.com
2025-06-10 03:14:26,363 [ERROR] ConfigurationRetriever:142 - IOException on connection: sw-center.st.com
2025-06-10 03:14:26,363 [ERROR] ConfigurationRetriever:142 - IOException on connection: sw-center.st.com
2025-06-10 03:14:26,363 [ERROR] ConfigurationRetriever:142 - IOException on connection: sw-center.st.com
2025-06-10 03:14:26,536 [ERROR] ConfigurationRetriever:142 - IOException on connection: sw-center.st.com
2025-06-10 03:14:26,536 [ERROR] ConfigurationRetriever:142 - IOException on connection: sw-center.st.com
2025-06-10 03:14:26,537 [ERROR] ConfigurationRetriever:142 - IOException on connection: sw-center.st.com
2025-06-10 03:15:16,757 [ERROR] ConfigurationRetriever:142 - IOException on connection: sw-center.st.com
2025-06-10 03:15:16,757 [ERROR] ConfigurationRetriever:142 - IOException on connection: sw-center.st.com
2025-06-10 03:15:16,757 [ERROR] ConfigurationRetriever:142 - IOException on connection: sw-center.st.com
2025-06-10 03:15:16,918 [ERROR] ConfigurationRetriever:142 - IOException on connection: sw-center.st.com
2025-06-10 03:15:16,919 [ERROR] ConfigurationRetriever:142 - IOException on connection: sw-center.st.com
2025-06-10 03:15:16,919 [ERROR] ConfigurationRetriever:142 - IOException on connection: sw-center.st.com
2025-06-10 03:33:04,086 [ERROR] ConfigurationRetriever:142 - IOException on connection: sw-center.st.com
2025-06-10 03:33:04,086 [ERROR] ConfigurationRetriever:142 - IOException on connection: sw-center.st.com
2025-06-10 03:33:04,086 [ERROR] ConfigurationRetriever:142 - IOException on connection: sw-center.st.com
2025-06-10 03:33:04,247 [ERROR] ConfigurationRetriever:142 - IOException on connection: sw-center.st.com
2025-06-10 03:33:04,247 [ERROR] ConfigurationRetriever:142 - IOException on connection: sw-center.st.com
2025-06-10 03:33:04,247 [ERROR] ConfigurationRetriever:142 - IOException on connection: sw-center.st.com
2025-06-10 03:34:00,324 [ERROR] ConfigurationRetriever:142 - IOException on connection: sw-center.st.com
2025-06-10 03:34:00,324 [ERROR] ConfigurationRetriever:142 - IOException on connection: sw-center.st.com
2025-06-10 03:34:00,324 [ERROR] ConfigurationRetriever:142 - IOException on connection: sw-center.st.com
2025-06-10 03:35:14,537 [ERROR] ConfigurationRetriever:142 - IOException on connection: sw-center.st.com
2025-06-10 03:35:14,537 [ERROR] ConfigurationRetriever:142 - IOException on connection: sw-center.st.com
2025-06-10 03:35:14,537 [ERROR] ConfigurationRetriever:142 - IOException on connection: sw-center.st.com
2025-06-10 03:36:05,761 [ERROR] ConfigurationRetriever:142 - IOException on connection: sw-center.st.com
2025-06-10 03:36:05,761 [ERROR] ConfigurationRetriever:142 - IOException on connection: sw-center.st.com
2025-06-10 03:36:05,761 [ERROR] ConfigurationRetriever:142 - IOException on connection: sw-center.st.com
2025-06-10 03:37:33,405 [ERROR] ConfigurationRetriever:142 - IOException on connection: sw-center.st.com
2025-06-10 03:37:33,406 [ERROR] ConfigurationRetriever:142 - IOException on connection: sw-center.st.com
2025-06-10 03:37:33,406 [ERROR] ConfigurationRetriever:142 - IOException on connection: sw-center.st.com
2025-06-10 04:32:36,983 [ERROR] ConfigurationRetriever:142 - IOException on connection: sw-center.st.com
2025-06-10 04:32:36,984 [ERROR] ConfigurationRetriever:142 - IOException on connection: sw-center.st.com
2025-06-10 04:32:36,984 [ERROR] ConfigurationRetriever:142 - IOException on connection: sw-center.st.com
2025-06-10 04:32:37,144 [ERROR] ConfigurationRetriever:142 - IOException on connection: sw-center.st.com
2025-06-10 04:32:37,145 [ERROR] ConfigurationRetriever:142 - IOException on connection: sw-center.st.com
2025-06-10 04:32:37,145 [ERROR] ConfigurationRetriever:142 - IOException on connection: sw-center.st.com
2025-06-10 04:33:46,099 [ERROR] ConfigurationRetriever:142 - IOException on connection: sw-center.st.com
2025-06-10 04:33:46,099 [ERROR] ConfigurationRetriever:142 - IOException on connection: sw-center.st.com
2025-06-10 04:33:46,099 [ERROR] ConfigurationRetriever:142 - IOException on connection: sw-center.st.com
2025-06-10 04:33:46,260 [ERROR] ConfigurationRetriever:142 - IOException on connection: sw-center.st.com
2025-06-10 04:33:46,260 [ERROR] ConfigurationRetriever:142 - IOException on connection: sw-center.st.com
2025-06-10 04:33:46,260 [ERROR] ConfigurationRetriever:142 - IOException on connection: sw-center.st.com
2025-06-10 04:34:29,806 [ERROR] ConfigurationRetriever:142 - IOException on connection: sw-center.st.com
2025-06-10 04:34:29,806 [ERROR] ConfigurationRetriever:142 - IOException on connection: sw-center.st.com
2025-06-10 04:34:29,807 [ERROR] ConfigurationRetriever:142 - IOException on connection: sw-center.st.com
2025-06-10 04:34:29,981 [ERROR] ConfigurationRetriever:142 - IOException on connection: sw-center.st.com
2025-06-10 04:34:29,982 [ERROR] ConfigurationRetriever:142 - IOException on connection: sw-center.st.com
2025-06-10 04:34:29,982 [ERROR] ConfigurationRetriever:142 - IOException on connection: sw-center.st.com
2025-06-10 04:34:58,308 [ERROR] ConfigurationRetriever:142 - IOException on connection: sw-center.st.com
2025-06-10 04:34:58,308 [ERROR] ConfigurationRetriever:142 - IOException on connection: sw-center.st.com
2025-06-10 04:34:58,309 [ERROR] ConfigurationRetriever:142 - IOException on connection: sw-center.st.com
2025-06-10 04:34:58,476 [ERROR] ConfigurationRetriever:142 - IOException on connection: sw-center.st.com
2025-06-10 04:34:58,476 [ERROR] ConfigurationRetriever:142 - IOException on connection: sw-center.st.com
2025-06-10 04:34:58,477 [ERROR] ConfigurationRetriever:142 - IOException on connection: sw-center.st.com
2025-08-01 17:13:45,605 [INFO] Activator:176 - 


2025-08-01 17:13:45,609 [INFO] Activator:177 - !SESSION log4j initialized
2025-08-01 17:13:51,420 [INFO] LogOutputStream:77 - [STDOUT_REDIRECT] 
2025-08-01 17:13:51,918 [ERROR] ConfigurationRetriever:142 - IOException on connection: sw-center.st.com
2025-08-01 17:13:51,919 [ERROR] ConfigurationRetriever:142 - IOException on connection: sw-center.st.com
2025-08-01 17:13:51,920 [ERROR] ConfigurationRetriever:142 - IOException on connection: sw-center.st.com
2025-08-01 17:13:54,089 [ERROR] ConfigurationRetriever:142 - IOException on connection: sw-center.st.com
2025-08-01 17:13:54,090 [ERROR] ConfigurationRetriever:142 - IOException on connection: sw-center.st.com
2025-08-01 17:13:54,090 [ERROR] ConfigurationRetriever:142 - IOException on connection: sw-center.st.com
2025-08-01 17:13:54,652 [INFO] ApplicationProperties:184 - Using Application install path: C:\ST\STM32CubeIDE_1.15.1\STM32CubeIDE\plugins\com.st.stm32cube.common.mx_6.11.1.202404110753
2025-08-01 17:13:54,693 [INFO] DbMcusXml:78 - Set database path to: C:\ST\STM32CubeIDE_1.15.1\STM32CubeIDE\plugins\com.st.stm32cube.common.mx_6.11.1.202404110753\\db\/mcu/
2025-08-01 17:13:54,693 [INFO] ApiDb:274 - Set plugin database path to: C:\ST\STM32CubeIDE_1.15.1\STM32CubeIDE\plugins\com.st.stm32cube.common.mx_6.11.1.202404110753\\db\/plugins/boardmanager/
2025-08-01 17:13:54,694 [WARN] ApiDb:259 - Overriding images path with different value:  => C:\ST\STM32CubeIDE_1.15.1\STM32CubeIDE\plugins\com.st.stm32cube.common.mx_6.11.1.202404110753\\db\/plugins/mcufinder/images/
2025-08-01 17:13:54,708 [INFO] ApiDb:250 - Set database path to: C:\Users\shoot\.stmcufinder\plugins\mcufinder//mcu/
2025-08-01 17:13:54,711 [INFO] DbMcusAds:125 - Set database path to: C:\Users\shoot\.stmcufinder\plugins\mcufinder//mcu/
2025-08-01 17:13:54,716 [INFO] CrossReferenceDbSqlite:203 - Set database path to: C:\Users\shoot\.stmcufinder\plugins\mcufinder//mcu/cs/
2025-08-01 17:13:55,008 [INFO] RulesReader:64 - Compatibility file has been processed (297 Rules)
2025-08-01 17:13:55,200 [INFO] DbMcusXml:78 - Set database path to: C:\ST\STM32CubeIDE_1.15.1\STM32CubeIDE\plugins\com.st.stm32cube.common.mx_6.11.1.202404110753\\db\/mcu/
2025-08-01 17:13:55,200 [INFO] ApiDb:274 - Set plugin database path to: C:\ST\STM32CubeIDE_1.15.1\STM32CubeIDE\plugins\com.st.stm32cube.common.mx_6.11.1.202404110753\\db\/plugins/boardmanager/
2025-08-01 17:13:55,201 [INFO] ApiDb:261 - Set plugin images path to: C:\ST\STM32CubeIDE_1.15.1\STM32CubeIDE\plugins\com.st.stm32cube.common.mx_6.11.1.202404110753\\db\/plugins/mcufinder/images/
2025-08-01 17:13:55,201 [WARN] DbFile:41 - Overriding database path with different value: C:\Users\shoot\.stmcufinder\plugins\mcufinder/ => C:\Users\shoot\.stmcufinder\plugins\mcufinder
2025-08-01 17:13:55,201 [INFO] ApiDb:250 - Set database path to: C:\Users\shoot\.stmcufinder\plugins\mcufinder//mcu/
2025-08-01 17:13:55,203 [WARN] DbFile:41 - Overriding database path with different value: C:\Users\shoot\.stmcufinder\plugins\mcufinder/ => C:\Users\shoot\.stmcufinder\plugins\mcufinder
2025-08-01 17:13:55,203 [INFO] DbMcusAds:125 - Set database path to: C:\Users\shoot\.stmcufinder\plugins\mcufinder//mcu/
2025-08-01 17:13:55,203 [WARN] DbFile:41 - Overriding database path with different value: C:\Users\shoot\.stmcufinder\plugins\mcufinder/ => C:\Users\shoot\.stmcufinder\plugins\mcufinder
2025-08-01 17:13:55,203 [WARN] DbFile:41 - Overriding database path with different value: C:\Users\shoot\.stmcufinder\plugins\mcufinder/ => C:\Users\shoot\.stmcufinder\plugins\mcufinder
2025-08-01 17:13:55,204 [INFO] CrossReferenceDbSqlite:203 - Set database path to: C:\Users\shoot\.stmcufinder\plugins\mcufinder//mcu/cs/
2025-08-01 17:13:55,335 [INFO] MainPanel:264 - HeapMemory: 268435456
2025-08-01 17:13:55,483 [INFO] DbMcusXml:78 - Set database path to: C:\ST\STM32CubeIDE_1.15.1\STM32CubeIDE\plugins\com.st.stm32cube.common.mx_6.11.1.202404110753\\db\/mcu/
2025-08-01 17:13:55,483 [INFO] ApiDb:274 - Set plugin database path to: C:\ST\STM32CubeIDE_1.15.1\STM32CubeIDE\plugins\com.st.stm32cube.common.mx_6.11.1.202404110753\\db\/plugins/boardmanager/
2025-08-01 17:13:55,483 [INFO] ApiDb:261 - Set plugin images path to: C:\ST\STM32CubeIDE_1.15.1\STM32CubeIDE\plugins\com.st.stm32cube.common.mx_6.11.1.202404110753\\db\/plugins/mcufinder/images/
2025-08-01 17:13:55,483 [WARN] DbFile:41 - Overriding database path with different value: C:\Users\shoot\.stmcufinder\plugins\mcufinder/ => C:\Users\shoot\.stmcufinder\plugins\mcufinder
2025-08-01 17:13:55,484 [INFO] ApiDb:250 - Set database path to: C:\Users\shoot\.stmcufinder\plugins\mcufinder//mcu/
2025-08-01 17:13:55,484 [WARN] DbFile:41 - Overriding database path with different value: C:\Users\shoot\.stmcufinder\plugins\mcufinder/ => C:\Users\shoot\.stmcufinder\plugins\mcufinder
2025-08-01 17:13:55,484 [INFO] DbMcusAds:125 - Set database path to: C:\Users\shoot\.stmcufinder\plugins\mcufinder//mcu/
2025-08-01 17:13:55,484 [WARN] DbFile:41 - Overriding database path with different value: C:\Users\shoot\.stmcufinder\plugins\mcufinder/ => C:\Users\shoot\.stmcufinder\plugins\mcufinder
2025-08-01 17:13:55,484 [WARN] DbFile:41 - Overriding database path with different value: C:\Users\shoot\.stmcufinder\plugins\mcufinder/ => C:\Users\shoot\.stmcufinder\plugins\mcufinder
2025-08-01 17:13:55,484 [INFO] CrossReferenceDbSqlite:203 - Set database path to: C:\Users\shoot\.stmcufinder\plugins\mcufinder//mcu/cs/
2025-08-01 17:13:55,519 [INFO] ApplicationProperties:184 - Using Application install path: C:\ST\STM32CubeIDE_1.15.1\STM32CubeIDE\plugins\com.st.stm32cube.common.mx_6.11.1.202404110753
2025-08-01 17:13:55,522 [INFO] PluginManage:196 - Search for loadable plugins [exclusion list=, ]
2025-08-01 17:13:55,525 [INFO] PluginManage:310 - Check plugin analytics
2025-08-01 17:13:55,901 [INFO] AnalyticsPlugin:253 - Accepted Software Licenses: 
2025-08-01 17:13:55,901 [INFO] AnalyticsPlugin:255 - Accepted CMSIS Pack Licenses: 
2025-08-01 17:13:55,901 [INFO] AnalyticsPlugin:257 - Accepted Firmware Licenses: FW.F7.1.17.0
2025-08-01 17:13:55,907 [INFO] PluginManage:359 - Loaded plugin analytics (category:tool,tabindex:-1)
2025-08-01 17:13:55,907 [ERROR] ConfigurationRetriever:142 - IOException on connection: sw-center.st.com
2025-08-01 17:13:55,907 [INFO] PluginManage:310 - Check plugin cadmodel
2025-08-01 17:13:55,908 [ERROR] ConfigurationRetriever:142 - IOException on connection: sw-center.st.com
2025-08-01 17:13:55,909 [ERROR] ConfigurationRetriever:142 - IOException on connection: sw-center.st.com
2025-08-01 17:13:55,914 [INFO] CADModel:105 - Init CAD model plugin
2025-08-01 17:13:55,915 [INFO] PluginManage:359 - Loaded plugin cadmodel (category:power,tabindex:5)
2025-08-01 17:13:55,915 [INFO] PluginManage:310 - Check plugin clock
2025-08-01 17:13:55,931 [INFO] PluginManage:359 - Loaded plugin clock (category:base,tabindex:2)
2025-08-01 17:13:55,931 [INFO] PluginManage:310 - Check plugin ddr
2025-08-01 17:13:55,958 [INFO] PluginManage:359 - Loaded plugin ddr (category:tool,tabindex:6)
2025-08-01 17:13:55,958 [INFO] PluginManage:310 - Check plugin filemanager
2025-08-01 17:13:56,244 [INFO] PluginManage:359 - Loaded plugin filemanager (category:base,tabindex:10)
2025-08-01 17:13:56,244 [INFO] PluginManage:310 - Check plugin ipmanager
2025-08-01 17:13:56,260 [INFO] PluginManage:359 - Loaded plugin ipmanager (category:base,tabindex:5)
2025-08-01 17:13:56,260 [INFO] PluginManage:310 - Check plugin lpbam
2025-08-01 17:13:56,274 [INFO] PluginManage:359 - Loaded plugin lpbam (category:base,tabindex:0)
2025-08-01 17:13:56,275 [INFO] PluginManage:310 - Check plugin memorymap
2025-08-01 17:13:56,298 [INFO] PluginManage:359 - Loaded plugin memorymap (category:base,tabindex:4)
2025-08-01 17:13:56,299 [INFO] PluginManage:310 - Check plugin pinoutandconfiguration
2025-08-01 17:13:56,315 [INFO] PluginManage:359 - Loaded plugin pinoutandconfiguration (category:base,tabindex:1)
2025-08-01 17:13:56,315 [INFO] PluginManage:310 - Check plugin pinoutconfig
2025-08-01 17:13:56,473 [WARN] SupportedApi:132 - Cannot load RTOS API schema: s4s-elt-must-match.1: The content of 'definitions' must match (annotation?, (simpleType | complexType)?, (unique | key | keyref)*)). A problem was found starting at: attribute.
2025-08-01 17:13:56,762 [INFO] PluginManage:359 - Loaded plugin pinoutconfig (category:base,tabindex:0)
2025-08-01 17:13:56,762 [INFO] PluginManage:310 - Check plugin power
2025-08-01 17:13:56,778 [INFO] PluginManage:359 - Loaded plugin power (category:power,tabindex:4)
2025-08-01 17:13:56,779 [INFO] PluginManage:310 - Check plugin projectmanager
2025-08-01 17:13:56,807 [INFO] PluginManage:359 - Loaded plugin projectmanager (category:projectmanager,tabindex:3)
2025-08-01 17:13:56,808 [INFO] PluginManage:310 - Check plugin thirdparty
2025-08-01 17:13:57,055 [WARN] IntegrityCheckThread:84 - waiting for thirdparty lock release [integrity check]
2025-08-01 17:13:57,056 [INFO] PluginManage:359 - Loaded plugin thirdparty (category:base,tabindex:-1)
2025-08-01 17:13:57,056 [INFO] IntegrityCheckThread:86 - entering critical section [integrity check]
2025-08-01 17:13:57,056 [INFO] PluginManage:310 - Check plugin tools
2025-08-01 17:13:57,056 [INFO] ThirdPartyUpdaterWithRetryManager:70 - Updater plugin not ready yet. [1/15]
2025-08-01 17:13:57,062 [INFO] PluginManage:359 - Loaded plugin tools (category:base,tabindex:7)
2025-08-01 17:13:57,062 [INFO] PluginManage:310 - Check plugin tutovideos
2025-08-01 17:13:57,491 [INFO] PluginManage:359 - Loaded plugin tutovideos (category:base,tabindex:-1)
2025-08-01 17:13:57,491 [INFO] PluginManage:310 - Check plugin updater
2025-08-01 17:13:57,508 [INFO] PluginManage:359 - Loaded plugin updater (category:base,tabindex:12)
2025-08-01 17:13:57,509 [INFO] PluginManage:310 - Check plugin userauth
2025-08-01 17:13:57,518 [INFO] UserAuth:114 - Init User Auth plugin
2025-08-01 17:13:57,518 [INFO] PluginManage:359 - Loaded plugin userauth (category:base,tabindex:14)
2025-08-01 17:13:57,519 [INFO] PluginManage:283 - PluginManage : Loaded plugins [17]
2025-08-01 17:13:57,900 [INFO] PinOutPanel:1561 - setPackage(No Configuration,No Configuration)
2025-08-01 17:13:58,057 [INFO] CADModel:165 - CPN selected for project level
2025-08-01 17:13:58,058 [INFO] CADModel:114 - Register for checkConnection events
2025-08-01 17:13:58,108 [INFO] IPUIPlugin:80 - create IPUIPlugin
2025-08-01 17:13:58,109 [INFO] PluginManager:220 - loadIPPluginJar : add adc
2025-08-01 17:13:58,116 [INFO] IPUIPlugin:80 - create IPUIPlugin
2025-08-01 17:13:58,116 [INFO] PluginManager:220 - loadIPPluginJar : add aes
2025-08-01 17:13:58,125 [INFO] IPUIPlugin:80 - create IPUIPlugin
2025-08-01 17:13:58,126 [INFO] PluginManager:220 - loadIPPluginJar : add can
2025-08-01 17:13:58,136 [INFO] IPUIPlugin:80 - create IPUIPlugin
2025-08-01 17:13:58,136 [INFO] PluginManager:220 - loadIPPluginJar : add comp
2025-08-01 17:13:58,143 [INFO] IPUIPlugin:80 - create IPUIPlugin
2025-08-01 17:13:58,143 [INFO] PluginManager:220 - loadIPPluginJar : add cryp
2025-08-01 17:13:58,148 [INFO] IPUIPlugin:80 - create IPUIPlugin
2025-08-01 17:13:58,148 [INFO] PluginManager:220 - loadIPPluginJar : add dfsdm
2025-08-01 17:13:58,159 [INFO] IPUIPlugin:80 - create IPUIPlugin
2025-08-01 17:13:58,160 [INFO] PluginManager:220 - loadIPPluginJar : add dma
2025-08-01 17:13:58,165 [INFO] IPUIPlugin:80 - create IPUIPlugin
2025-08-01 17:13:58,166 [INFO] PluginManager:220 - loadIPPluginJar : add dma3
2025-08-01 17:13:58,170 [INFO] IPUIPlugin:80 - create IPUIPlugin
2025-08-01 17:13:58,170 [INFO] PluginManager:220 - loadIPPluginJar : add extmemmanager
2025-08-01 17:13:58,174 [INFO] IPUIPlugin:80 - create IPUIPlugin
2025-08-01 17:13:58,174 [INFO] PluginManager:220 - loadIPPluginJar : add fatfs
2025-08-01 17:13:58,183 [INFO] IPUIPlugin:80 - create IPUIPlugin
2025-08-01 17:13:58,183 [INFO] PluginManager:220 - loadIPPluginJar : add fmc
2025-08-01 17:13:58,197 [INFO] IPUIPlugin:80 - create IPUIPlugin
2025-08-01 17:13:58,197 [INFO] PluginManager:220 - loadIPPluginJar : add freertos
2025-08-01 17:13:58,200 [INFO] IPUIPlugin:80 - create IPUIPlugin
2025-08-01 17:13:58,200 [INFO] PluginManager:220 - loadIPPluginJar : add genericplugin
2025-08-01 17:13:58,206 [INFO] IPUIPlugin:80 - create IPUIPlugin
2025-08-01 17:13:58,206 [INFO] PluginManager:220 - loadIPPluginJar : add gfxmmu
2025-08-01 17:13:58,217 [INFO] IPUIPlugin:80 - create IPUIPlugin
2025-08-01 17:13:58,217 [INFO] PluginManager:220 - loadIPPluginJar : add gic
2025-08-01 17:13:58,225 [INFO] IPUIPlugin:80 - create IPUIPlugin
2025-08-01 17:13:58,226 [INFO] PluginManager:220 - loadIPPluginJar : add gpio
2025-08-01 17:13:58,230 [INFO] IPUIPlugin:80 - create IPUIPlugin
2025-08-01 17:13:58,231 [INFO] PluginManager:220 - loadIPPluginJar : add gtzc
2025-08-01 17:13:58,235 [INFO] IPUIPlugin:80 - create IPUIPlugin
2025-08-01 17:13:58,235 [INFO] PluginManager:220 - loadIPPluginJar : add hash
2025-08-01 17:13:58,239 [INFO] IPUIPlugin:80 - create IPUIPlugin
2025-08-01 17:13:58,239 [INFO] PluginManager:220 - loadIPPluginJar : add i2c
2025-08-01 17:13:58,244 [INFO] IPUIPlugin:80 - create IPUIPlugin
2025-08-01 17:13:58,244 [INFO] PluginManager:220 - loadIPPluginJar : add i2s
2025-08-01 17:13:58,250 [INFO] IPUIPlugin:80 - create IPUIPlugin
2025-08-01 17:13:58,250 [INFO] PluginManager:220 - loadIPPluginJar : add i3c
2025-08-01 17:13:58,255 [INFO] IPUIPlugin:80 - create IPUIPlugin
2025-08-01 17:13:58,255 [INFO] PluginManager:220 - loadIPPluginJar : add ipddr
2025-08-01 17:13:58,268 [INFO] IPUIPlugin:80 - create IPUIPlugin
2025-08-01 17:13:58,268 [INFO] PluginManager:220 - loadIPPluginJar : add linkedlist
2025-08-01 17:13:58,273 [INFO] IPUIPlugin:80 - create IPUIPlugin
2025-08-01 17:13:58,273 [INFO] PluginManager:220 - loadIPPluginJar : add lorawan
2025-08-01 17:13:58,275 [INFO] IPUIPlugin:80 - create IPUIPlugin
2025-08-01 17:13:58,275 [INFO] PluginManager:220 - loadIPPluginJar : add ltdc
2025-08-01 17:13:58,287 [INFO] IPUIPlugin:80 - create IPUIPlugin
2025-08-01 17:13:58,288 [INFO] PluginManager:220 - loadIPPluginJar : add mdma
2025-08-01 17:13:58,295 [INFO] IPUIPlugin:80 - create IPUIPlugin
2025-08-01 17:13:58,297 [INFO] PluginManager:220 - loadIPPluginJar : add nvic
2025-08-01 17:13:58,307 [INFO] IPUIPlugin:80 - create IPUIPlugin
2025-08-01 17:13:58,307 [INFO] PluginManager:220 - loadIPPluginJar : add opamp
2025-08-01 17:13:58,318 [INFO] IPUIPlugin:80 - create IPUIPlugin
2025-08-01 17:13:58,318 [INFO] PluginManager:220 - loadIPPluginJar : add openamp
2025-08-01 17:13:58,324 [INFO] IPUIPlugin:80 - create IPUIPlugin
2025-08-01 17:13:58,325 [INFO] PluginManager:220 - loadIPPluginJar : add pdm2pcm
2025-08-01 17:13:58,335 [INFO] IPUIPlugin:80 - create IPUIPlugin
2025-08-01 17:13:58,340 [INFO] PluginManager:220 - loadIPPluginJar : add plateformsettings
2025-08-01 17:13:58,344 [INFO] IPUIPlugin:80 - create IPUIPlugin
2025-08-01 17:13:58,344 [INFO] PluginManager:220 - loadIPPluginJar : add quadspi
2025-08-01 17:13:58,350 [INFO] IPUIPlugin:80 - create IPUIPlugin
2025-08-01 17:13:58,350 [INFO] PluginManager:220 - loadIPPluginJar : add resmgrutility
2025-08-01 17:13:58,355 [INFO] IPUIPlugin:80 - create IPUIPlugin
2025-08-01 17:13:58,356 [INFO] PluginManager:220 - loadIPPluginJar : add sai
2025-08-01 17:13:58,361 [INFO] IPUIPlugin:80 - create IPUIPlugin
2025-08-01 17:13:58,361 [INFO] PluginManager:220 - loadIPPluginJar : add spi
2025-08-01 17:13:58,369 [INFO] IPUIPlugin:80 - create IPUIPlugin
2025-08-01 17:13:58,369 [INFO] PluginManager:220 - loadIPPluginJar : add stm32_wpan
2025-08-01 17:13:58,373 [INFO] IPUIPlugin:80 - create IPUIPlugin
2025-08-01 17:13:58,374 [INFO] PluginManager:220 - loadIPPluginJar : add tim
2025-08-01 17:13:58,380 [INFO] IPUIPlugin:80 - create IPUIPlugin
2025-08-01 17:13:58,380 [INFO] PluginManager:220 - loadIPPluginJar : add touchsensing
2025-08-01 17:13:58,385 [INFO] IPUIPlugin:80 - create IPUIPlugin
2025-08-01 17:13:58,385 [INFO] PluginManager:220 - loadIPPluginJar : add tracer_emb
2025-08-01 17:13:58,390 [INFO] IPUIPlugin:80 - create IPUIPlugin
2025-08-01 17:13:58,393 [INFO] PluginManager:220 - loadIPPluginJar : add ts
2025-08-01 17:13:58,396 [INFO] IPUIPlugin:80 - create IPUIPlugin
2025-08-01 17:13:58,397 [INFO] PluginManager:220 - loadIPPluginJar : add tsc
2025-08-01 17:13:58,401 [INFO] IPUIPlugin:80 - create IPUIPlugin
2025-08-01 17:13:58,402 [INFO] PluginManager:220 - loadIPPluginJar : add ucpd
2025-08-01 17:13:58,409 [INFO] IPUIPlugin:80 - create IPUIPlugin
2025-08-01 17:13:58,409 [INFO] PluginManager:220 - loadIPPluginJar : add usart
2025-08-01 17:13:58,416 [INFO] IPUIPlugin:80 - create IPUIPlugin
2025-08-01 17:13:58,416 [INFO] PluginManager:220 - loadIPPluginJar : add usbx
2025-08-01 17:13:58,650 [INFO] CADModel:165 - CPN selected for project level
2025-08-01 17:13:58,651 [INFO] CADModel:114 - Register for checkConnection events
2025-08-01 17:13:58,651 [FATAL] Updater:308 - Updater called before beeing initialized
2025-08-01 17:13:58,651 [ERROR] CADModel:125 - Updater not yet initialized, retry later 
2025-08-01 17:13:58,864 [INFO] CADModel:165 - CPN selected for project level
2025-08-01 17:13:58,864 [INFO] CADModel:114 - Register for checkConnection events
2025-08-01 17:13:58,864 [FATAL] Updater:308 - Updater called before beeing initialized
2025-08-01 17:13:58,864 [ERROR] CADModel:125 - Updater not yet initialized, retry later 
2025-08-01 17:13:58,869 [FATAL] Updater:308 - Updater called before beeing initialized
2025-08-01 17:13:59,053 [FATAL] Updater:308 - Updater called before beeing initialized
2025-08-01 17:13:59,058 [INFO] DbMcusAds:53 - JSON generation date=Thu Mar 06 15:54:21 CET 2025 (1741272861825)
2025-08-01 17:13:59,058 [FATAL] Updater:308 - Updater called before beeing initialized
2025-08-01 17:13:59,120 [WARN] DetailPanel:346 - Failed to get advertising image, set to default
2025-08-01 17:13:59,397 [FATAL] Updater:308 - Updater called before beeing initialized
2025-08-01 17:13:59,402 [FATAL] Updater:308 - Updater called before beeing initialized
2025-08-01 17:13:59,403 [FATAL] Updater:308 - Updater called before beeing initialized
2025-08-01 17:13:59,403 [WARN] DetailPanel:346 - Failed to get advertising image, set to default
2025-08-01 17:13:59,404 [FATAL] Updater:308 - Updater called before beeing initialized
2025-08-01 17:13:59,484 [ERROR] Updater:1120 - MainUpdater not yet initialized. External WinMGr cannot be set.
2025-08-01 17:13:59,487 [INFO] Updater:1056 - Updater Version found : 6.11.1
2025-08-01 17:13:59,518 [INFO] ApplicationProperties:184 - Using Application install path: C:\ST\STM32CubeIDE_1.15.1\STM32CubeIDE\plugins\com.st.stm32cube.common.mx_6.11.1.202404110753
2025-08-01 17:14:00,058 [INFO] ThirdPartyUpdaterWithRetryManager:70 - Updater plugin not ready yet. [2/15]
2025-08-01 17:14:01,119 [ERROR] LogOutputStream:75 - [STDERR_REDIRECT] Aug 01, 2025 5:14:01 PM java.util.prefs.WindowsPreferences <init>
2025-08-01 17:14:01,122 [ERROR] LogOutputStream:75 - [STDERR_REDIRECT] WARNING: Could not open/create prefs root node Software\JavaSoft\Prefs at root 0xffffffff80000002. Windows RegCreateKeyEx(...) returned error code 5.
2025-08-01 17:14:01,123 [ERROR] LogOutputStream:75 - [STDERR_REDIRECT] 
2025-08-01 17:14:01,457 [INFO] MainUpdater:2873 - connection check result : 22
2025-08-01 17:14:01,459 [INFO] MainUpdater:290 - Updater Check For Update Now.
2025-08-01 17:14:01,459 [INFO] MicroXplorer:498 - Change Database Version : DB.6.0.111
2025-08-01 17:14:01,470 [INFO] McuFinderGlobals:63 - Set McuFinder mode to 2 (CubeIDE integrated)
2025-08-01 17:14:01,483 [INFO] UserAuth:415 - Internet connection configuration mode: 2
2025-08-01 17:14:01,776 [INFO] CheckServerUpdateThread:120 - End of CheckServer Thread
2025-08-01 17:14:03,528 [WARN] PackLoader:240 - Cannot read IP mode file for STMicroelectronics.FP-SNS-MOTENVWB1.1.4.0
2025-08-01 17:14:03,544 [WARN] PackLoader:240 - Cannot read IP mode file for STMicroelectronics.FP-ATR-ASTRA1.2.0.2
2025-08-01 17:14:03,561 [WARN] PackLoader:240 - Cannot read IP mode file for STMicroelectronics.X-CUBE-SMBUS.2.1.0
2025-08-01 17:14:03,578 [WARN] PackLoader:240 - Cannot read IP mode file for STMicroelectronics.X-CUBE-WB05N.1.1.0
2025-08-01 17:14:03,593 [ERROR] Engine:466 - C:\Users\shoot\.stm32cubemx\thirdparties\pdsc\STMicroelectronics.X-CUBE-ST60.1.0.0.pdsc: PDSC version is not supported
2025-08-01 17:14:03,602 [WARN] PackLoader:240 - Cannot read IP mode file for STMicroelectronics.X-CUBE-TOUCHGFX.4.23.2
2025-08-01 17:14:03,658 [WARN] PackLoader:240 - Cannot read IP mode file for STMicroelectronics.X-CUBE-AZRTOS-F7.1.1.0
2025-08-01 17:14:03,784 [WARN] PackLoader:240 - Cannot read IP mode file for STMicroelectronics.X-CUBE-MEMS1.11.0.0
2025-08-01 17:14:04,060 [WARN] PackLoader:240 - Cannot read IP mode file for STMicroelectronics.FP-SNS-FLIGHT1.5.0.2
2025-08-01 17:14:04,102 [WARN] PackLoader:240 - Cannot read IP mode file for STMicroelectronics.X-CUBE-AZRTOS-H7.3.4.0
2025-08-01 17:14:04,124 [WARN] PackLoader:240 - Cannot read IP mode file for STMicroelectronics.X-CUBE-DISPLAY.3.0.0
2025-08-01 17:14:04,137 [WARN] PackLoader:240 - Cannot read IP mode file for STMicroelectronics.X-CUBE-BLE1.7.0.0
2025-08-01 17:14:04,148 [WARN] PackLoader:240 - Cannot read IP mode file for STMicroelectronics.X-CUBE-NFC10.1.0.0
2025-08-01 17:14:04,165 [WARN] PackLoader:240 - Cannot read IP mode file for STMicroelectronics.X-CUBE-BLEMGR.4.0.0
2025-08-01 17:14:04,178 [WARN] PackLoader:240 - Cannot read IP mode file for emotas.I-CUBE-CANOPEN.1.3.0
2025-08-01 17:14:04,189 [WARN] PackLoader:240 - Cannot read IP mode file for STMicroelectronics.X-CUBE-BLEMGR.3.1.0
2025-08-01 17:14:04,198 [WARN] PackLoader:240 - Cannot read IP mode file for STMicroelectronics.X-CUBE-AI.10.0.0
2025-08-01 17:14:04,209 [WARN] PackLoader:240 - Cannot read IP mode file for STMicroelectronics.FP-SNS-SMARTAG2.1.2.0
2025-08-01 17:14:04,214 [ERROR] Engine:466 - C:\Users\shoot\.stm32cubemx\thirdparties\pdsc\STMicroelectronics.FP-SNS-FLIGHT1.5.1.0.pdsc: PDSC version is not supported
2025-08-01 17:14:04,283 [WARN] PackLoader:240 - Cannot read IP mode file for STMicroelectronics.X-CUBE-MEMS1.11.1.0
2025-08-01 17:14:04,518 [INFO] LogOutputStream:77 - [STDOUT_REDIRECT] 1 : Invalid condition id : UX_CORESTACK_Condition cause : null
2025-08-01 17:14:04,519 [INFO] LogOutputStream:77 - [STDOUT_REDIRECT] 1 : Invalid condition id : UX_CORESTACK_Condition cause : null
2025-08-01 17:14:04,521 [INFO] LogOutputStream:77 - [STDOUT_REDIRECT] 1 : Invalid condition id : UX_CORESTACK_Condition cause : null
2025-08-01 17:14:04,523 [INFO] LogOutputStream:77 - [STDOUT_REDIRECT] 1 : Invalid condition id : UX_CORESTACK_Condition cause : null
2025-08-01 17:14:04,524 [INFO] LogOutputStream:77 - [STDOUT_REDIRECT] 1 : Invalid condition id : UX_CORESTACK_Condition cause : null
2025-08-01 17:14:04,530 [WARN] PackLoader:240 - Cannot read IP mode file for STMicroelectronics.X-CUBE-AZRTOS-WL.2.0.0
2025-08-01 17:14:04,552 [WARN] PackLoader:240 - Cannot read IP mode file for STMicroelectronics.FP-SNS-MOTENV1.5.0.0
2025-08-01 17:14:04,562 [WARN] PackLoader:240 - Cannot read IP mode file for wolfSSL.I-CUBE-wolfMQTT.1.19.0
2025-08-01 17:14:04,577 [WARN] PackLoader:240 - Cannot read IP mode file for WES.I-CUBE-Cesium.1.3.0
2025-08-01 17:14:04,583 [WARN] PackLoader:240 - Cannot read IP mode file for STMicroelectronics.X-CUBE-BLE2.3.3.0
2025-08-01 17:14:04,594 [WARN] PackLoader:240 - Cannot read IP mode file for STMicroelectronics.X-CUBE-NFC9.1.0.0
2025-08-01 17:14:04,606 [WARN] PackLoader:240 - Cannot read IP mode file for STMicroelectronics.X-CUBE-BLE1.7.1.0
2025-08-01 17:14:04,619 [WARN] PackLoader:240 - Cannot read IP mode file for STMicroelectronics.X-CUBE-TCPP.4.1.0
2025-08-01 17:14:04,630 [WARN] PackLoader:240 - Cannot read IP mode file for STMicroelectronics.X-CUBE-EEPRMA1.5.2.0
2025-08-01 17:14:04,636 [WARN] PackLoader:240 - Cannot read IP mode file for STMicroelectronics.X-CUBE-AI.10.1.0
2025-08-01 17:14:04,646 [WARN] PackLoader:240 - Cannot read IP mode file for STMicroelectronics.X-CUBE-ALGOBUILD.1.3.0
2025-08-01 17:14:04,713 [WARN] PackLoader:240 - Cannot read IP mode file for STMicroelectronics.X-CUBE-MEMS1.11.2.0
2025-08-01 17:14:04,897 [WARN] PackLoader:240 - Cannot read IP mode file for STMicroelectronics.X-CUBE-AZRTOS-G0.1.1.0
2025-08-01 17:14:04,913 [WARN] PackLoader:240 - Cannot read IP mode file for STMicroelectronics.X-CUBE-SAFEA1.1.2.2
2025-08-01 17:14:04,926 [WARN] PackLoader:240 - Cannot read IP mode file for STMicroelectronics.X-CUBE-NFC4.3.0.0
2025-08-01 17:14:04,931 [WARN] PackLoader:240 - Cannot read IP mode file for wolfSSL.I-CUBE-wolfMQTT.1.18.0
2025-08-01 17:14:04,950 [WARN] PackLoader:240 - Cannot read IP mode file for EmbeddedOffice.I-CUBE-FS-RTOS.1.0.1
2025-08-01 17:14:04,950 [ERROR] ConditionMgr:805 - Attr not supported : Dmpu
2025-08-01 17:14:04,950 [ERROR] ConditionMgr:805 - Attr not supported : Dmpu
2025-08-01 17:14:04,951 [ERROR] ConditionMgr:805 - Attr not supported : Dmpu
2025-08-01 17:14:04,951 [ERROR] ConditionMgr:805 - Attr not supported : Dmpu
2025-08-01 17:14:04,951 [ERROR] ConditionMgr:805 - Attr not supported : Dmpu
2025-08-01 17:14:04,951 [ERROR] ConditionMgr:805 - Attr not supported : Dmpu
2025-08-01 17:14:04,951 [ERROR] ConditionMgr:805 - Attr not supported : Dmpu
2025-08-01 17:14:04,951 [ERROR] ConditionMgr:805 - Attr not supported : Dmpu
2025-08-01 17:14:04,951 [ERROR] ConditionMgr:805 - Attr not supported : Dmpu
2025-08-01 17:14:04,951 [ERROR] ConditionMgr:805 - Attr not supported : Dmpu
2025-08-01 17:14:04,951 [ERROR] ConditionMgr:805 - Attr not supported : Dmpu
2025-08-01 17:14:04,951 [ERROR] ConditionMgr:805 - Attr not supported : Dmpu
2025-08-01 17:14:04,952 [ERROR] ConditionMgr:805 - Attr not supported : Dmpu
2025-08-01 17:14:04,952 [ERROR] ConditionMgr:805 - Attr not supported : Dmpu
2025-08-01 17:14:04,952 [ERROR] ConditionMgr:805 - Attr not supported : Dmpu
2025-08-01 17:14:04,952 [ERROR] ConditionMgr:805 - Attr not supported : Dmpu
2025-08-01 17:14:04,952 [ERROR] ConditionMgr:805 - Attr not supported : Dmpu
2025-08-01 17:14:04,952 [ERROR] ConditionMgr:805 - Attr not supported : Dmpu
2025-08-01 17:14:04,952 [ERROR] ConditionMgr:805 - Attr not supported : Dmpu
2025-08-01 17:14:04,952 [ERROR] ConditionMgr:805 - Attr not supported : Dmpu
2025-08-01 17:14:04,952 [ERROR] ConditionMgr:805 - Attr not supported : Dmpu
2025-08-01 17:14:04,953 [ERROR] ConditionMgr:805 - Attr not supported : Dmpu
2025-08-01 17:14:04,953 [ERROR] ConditionMgr:805 - Attr not supported : Dmpu
2025-08-01 17:14:04,953 [ERROR] ConditionMgr:805 - Attr not supported : Dmpu
2025-08-01 17:14:04,953 [ERROR] ConditionMgr:805 - Attr not supported : Dmpu
2025-08-01 17:14:04,953 [ERROR] ConditionMgr:805 - Attr not supported : Dmpu
2025-08-01 17:14:04,953 [ERROR] ConditionMgr:805 - Attr not supported : Dmpu
2025-08-01 17:14:04,953 [ERROR] ConditionMgr:805 - Attr not supported : Dmpu
2025-08-01 17:14:04,953 [ERROR] ConditionMgr:805 - Attr not supported : Dmpu
2025-08-01 17:14:04,953 [ERROR] ConditionMgr:805 - Attr not supported : Dmpu
2025-08-01 17:14:04,954 [ERROR] ConditionMgr:805 - Attr not supported : Dmpu
2025-08-01 17:14:04,954 [ERROR] ConditionMgr:805 - Attr not supported : Dmpu
2025-08-01 17:14:04,954 [ERROR] ConditionMgr:805 - Attr not supported : Dmpu
2025-08-01 17:14:04,954 [ERROR] ConditionMgr:805 - Attr not supported : Dmpu
2025-08-01 17:14:04,954 [ERROR] ConditionMgr:805 - Attr not supported : Dmpu
2025-08-01 17:14:04,954 [ERROR] ConditionMgr:805 - Attr not supported : Dmpu
2025-08-01 17:14:04,954 [ERROR] ConditionMgr:805 - Attr not supported : Dmpu
2025-08-01 17:14:04,954 [ERROR] ConditionMgr:805 - Attr not supported : Dmpu
2025-08-01 17:14:04,955 [ERROR] ConditionMgr:805 - Attr not supported : Dmpu
2025-08-01 17:14:04,955 [ERROR] ConditionMgr:805 - Attr not supported : Dmpu
2025-08-01 17:14:04,955 [ERROR] ConditionMgr:805 - Attr not supported : Dmpu
2025-08-01 17:14:04,955 [ERROR] ConditionMgr:805 - Attr not supported : Dmpu
2025-08-01 17:14:04,955 [ERROR] ConditionMgr:805 - Attr not supported : Dmpu
2025-08-01 17:14:04,955 [ERROR] ConditionMgr:805 - Attr not supported : Dmpu
2025-08-01 17:14:04,955 [ERROR] ConditionMgr:805 - Attr not supported : Dmpu
2025-08-01 17:14:04,955 [ERROR] ConditionMgr:805 - Attr not supported : Dmpu
2025-08-01 17:14:04,955 [ERROR] ConditionMgr:805 - Attr not supported : Dmpu
2025-08-01 17:14:04,955 [ERROR] ConditionMgr:805 - Attr not supported : Dmpu
2025-08-01 17:14:04,956 [ERROR] ConditionMgr:805 - Attr not supported : Dmpu
2025-08-01 17:14:04,956 [ERROR] ConditionMgr:805 - Attr not supported : Dmpu
2025-08-01 17:14:04,956 [ERROR] ConditionMgr:805 - Attr not supported : Dmpu
2025-08-01 17:14:04,956 [ERROR] ConditionMgr:805 - Attr not supported : Dmpu
2025-08-01 17:14:04,956 [ERROR] ConditionMgr:805 - Attr not supported : Dmpu
2025-08-01 17:14:04,956 [ERROR] ConditionMgr:805 - Attr not supported : Dmpu
2025-08-01 17:14:04,956 [ERROR] ConditionMgr:805 - Attr not supported : Dmpu
2025-08-01 17:14:04,956 [ERROR] ConditionMgr:805 - Attr not supported : Dmpu
2025-08-01 17:14:04,957 [ERROR] ConditionMgr:805 - Attr not supported : Dmpu
2025-08-01 17:14:04,957 [ERROR] ConditionMgr:805 - Attr not supported : Dmpu
2025-08-01 17:14:04,957 [ERROR] ConditionMgr:805 - Attr not supported : Dmpu
2025-08-01 17:14:04,957 [ERROR] ConditionMgr:805 - Attr not supported : Dmpu
2025-08-01 17:14:04,957 [ERROR] ConditionMgr:805 - Attr not supported : Dmpu
2025-08-01 17:14:04,957 [ERROR] ConditionMgr:805 - Attr not supported : Dmpu
2025-08-01 17:14:04,957 [ERROR] ConditionMgr:805 - Attr not supported : Dmpu
2025-08-01 17:14:04,957 [ERROR] ConditionMgr:805 - Attr not supported : Dmpu
2025-08-01 17:14:04,964 [WARN] PackLoader:240 - Cannot read IP mode file for STMicroelectronics.X-CUBE-WB05N.2.0.0
2025-08-01 17:14:04,968 [ERROR] Engine:466 - C:\Users\shoot\.stm32cubemx\thirdparties\pdsc\STMicroelectronics.X-CUBE-TCPP.4.2.0.pdsc: PDSC version is not supported
2025-08-01 17:14:04,977 [WARN] PackLoader:240 - Cannot read IP mode file for RealThread.X-CUBE-RT-Thread_Nano.4.1.1
2025-08-01 17:14:04,984 [WARN] PackLoader:240 - Cannot read IP mode file for wolfSSL.I-CUBE-wolfSSL.5.7.0
2025-08-01 17:14:04,991 [WARN] PackLoader:240 - Cannot read IP mode file for STMicroelectronics.FP-ATR-SIGFOX1.3.2.0
2025-08-01 17:14:05,000 [WARN] ConditionMgr:438 - getConditionDescription Invalid condition id : Cortex-A Device cause : null
2025-08-01 17:14:05,044 [WARN] ConditionMgr:1039 - genDependencies : Invalid condition id : Cortex-A Device cause : null
2025-08-01 17:14:05,044 [WARN] ConditionMgr:1039 - genDependencies : Invalid condition id : Cortex-A Device cause : null
2025-08-01 17:14:05,044 [WARN] ConditionMgr:1039 - genDependencies : Invalid condition id : Cortex-A Device cause : null
2025-08-01 17:14:05,051 [WARN] PackLoader:240 - Cannot read IP mode file for STMicroelectronics.X-CUBE-EEPRMA1.5.1.0
2025-08-01 17:14:05,063 [WARN] PackLoader:240 - Cannot read IP mode file for ITTIA_DB.I-CUBE-ITTIADB.8.9.0
2025-08-01 17:14:05,067 [ERROR] Engine:466 - C:\Users\shoot\.stm32cubemx\thirdparties\pdsc\STMicroelectronics.X-CUBE-ST67W61.1.0.0.pdsc: PDSC version is not supported
2025-08-01 17:14:05,119 [WARN] PackLoader:240 - Cannot read IP mode file for SEGGER.I-CUBE-embOS.1.3.1
2025-08-01 17:14:05,174 [WARN] PackLoader:240 - Cannot read IP mode file for STMicroelectronics.X-CUBE-ALGOBUILD.1.4.0
2025-08-01 17:14:05,254 [WARN] PackLoader:240 - Cannot read IP mode file for STMicroelectronics.X-CUBE-MEMS1.11.3.0
2025-08-01 17:14:05,411 [WARN] PackLoader:240 - Cannot read IP mode file for STMicroelectronics.X-CUBE-AI.9.1.0
2025-08-01 17:14:05,417 [WARN] PackLoader:240 - Cannot read IP mode file for STMicroelectronics.X-CUBE-PM33A1.1.0.0
2025-08-01 17:14:05,423 [WARN] PackLoader:240 - Cannot read IP mode file for STMicroelectronics.X-CUBE-GNSS1.6.0.0
2025-08-01 17:14:05,442 [WARN] PackLoader:240 - Cannot read IP mode file for STMicroelectronics.X-CUBE-AZRTOS-F4.1.1.0
2025-08-01 17:14:05,446 [ERROR] Engine:466 - C:\Users\shoot\.stm32cubemx\thirdparties\pdsc\Avnet-IotConnect.X-CUBE-IoTC-DA16k-PMOD.1.0.0.pdsc: PDSC version is not supported
2025-08-01 17:14:05,452 [WARN] PackLoader:240 - Cannot read IP mode file for STMicroelectronics.X-CUBE-ISPU.2.1.0
2025-08-01 17:14:05,457 [WARN] PackLoader:240 - Cannot read IP mode file for STMicroelectronics.X-CUBE-FREERTOS.1.2.0
2025-08-01 17:14:05,465 [WARN] PackLoader:240 - Cannot read IP mode file for STMicroelectronics.X-CUBE-NFC12.1.0.0
2025-08-01 17:14:05,484 [WARN] PackLoader:240 - Cannot read IP mode file for STMicroelectronics.X-CUBE-AZRTOS-L5.2.0.0
2025-08-01 17:14:05,507 [WARN] PackLoader:240 - Cannot read IP mode file for STMicroelectronics.X-CUBE-NFC6.3.1.0
2025-08-01 17:14:05,519 [WARN] PackLoader:240 - Cannot read IP mode file for STMicroelectronics.X-CUBE-DPower.1.2.0
2025-08-01 17:14:05,524 [WARN] PackLoader:240 - Cannot read IP mode file for STMicroelectronics.X-CUBE-AI.9.0.0
2025-08-01 17:14:05,531 [WARN] PackLoader:240 - Cannot read IP mode file for STMicroelectronics.X-CUBE-FREERTOS.1.3.1
2025-08-01 17:14:05,536 [WARN] PackLoader:240 - Cannot read IP mode file for STMicroelectronics.X-CUBE-FREERTOS.1.3.0
2025-08-01 17:14:05,543 [WARN] PackLoader:240 - Cannot read IP mode file for STMicroelectronics.X-CUBE-NFC7.1.0.1
2025-08-01 17:14:05,549 [WARN] PackLoader:240 - Cannot read IP mode file for wolfSSL.I-CUBE-wolfTPM.3.2.0
2025-08-01 17:14:05,552 [ERROR] Engine:466 - C:\Users\shoot\.stm32cubemx\thirdparties\pdsc\STMicroelectronics.FP-SNS-STAIOTCFT.1.0.0.pdsc: PDSC version is not supported
2025-08-01 17:14:05,556 [WARN] PackLoader:240 - Cannot read IP mode file for STMicroelectronics.X-CUBE-DPower.1.3.0
2025-08-01 17:14:05,574 [WARN] ConditionMgr:438 - getConditionDescription Invalid condition id : LAN8742 Phy interface Condition cause : null
2025-08-01 17:14:05,575 [WARN] PackLoader:240 - Cannot read IP mode file for STMicroelectronics.X-CUBE-AZRTOS-L4.2.0.0
2025-08-01 17:14:05,575 [WARN] ConditionMgr:1039 - genDependencies : Invalid condition id : LAN8742 Phy interface Condition cause : null
2025-08-01 17:14:05,577 [WARN] ConditionMgr:1039 - genDependencies : Invalid condition id : LAN8742 Phy interface Condition cause : null
2025-08-01 17:14:05,577 [WARN] ConditionMgr:1039 - genDependencies : Invalid condition id : LAN8742 Phy interface Condition cause : null
2025-08-01 17:14:05,585 [WARN] PackLoader:240 - Cannot read IP mode file for STMicroelectronics.X-CUBE-SFXS2LP1.4.0.0
2025-08-01 17:14:05,612 [WARN] PackLoader:240 - Cannot read IP mode file for STMicroelectronics.X-CUBE-AZRTOS-H7.3.3.0
2025-08-01 17:14:05,620 [ERROR] Engine:466 - C:\Users\shoot\.stm32cubemx\thirdparties\pdsc\STMicroelectronics.X-CUBE-BLEMGR.4.1.0.pdsc: PDSC version is not supported
2025-08-01 17:14:05,632 [WARN] PackLoader:240 - Cannot read IP mode file for STMicroelectronics.X-CUBE-IPS.3.0.0
2025-08-01 17:14:05,655 [WARN] ConditionMgr:438 - getConditionDescription Invalid condition id : UX DEVICE CLASS RTOS Condition cause : null
2025-08-01 17:14:05,655 [WARN] ConditionMgr:438 - getConditionDescription Invalid condition id : UX DEVICE CLASS RTOS Condition cause : null
2025-08-01 17:14:05,658 [WARN] PackLoader:240 - Cannot read IP mode file for STMicroelectronics.X-CUBE-AZRTOS-WB.2.0.0
2025-08-01 17:14:05,658 [WARN] ConditionMgr:1039 - genDependencies : Invalid condition id : UX DEVICE CLASS RTOS Condition cause : null
2025-08-01 17:14:05,658 [WARN] ConditionMgr:1039 - genDependencies : Invalid condition id : UX DEVICE CLASS RTOS Condition cause : null
2025-08-01 17:14:05,659 [WARN] ConditionMgr:1039 - genDependencies : Invalid condition id : UX DEVICE CLASS RTOS Condition cause : null
2025-08-01 17:14:05,659 [WARN] ConditionMgr:1039 - genDependencies : Invalid condition id : UX DEVICE CLASS RTOS Condition cause : null
2025-08-01 17:14:05,659 [WARN] ConditionMgr:1039 - genDependencies : Invalid condition id : UX DEVICE CLASS RTOS Condition cause : null
2025-08-01 17:14:05,666 [WARN] PackLoader:240 - Cannot read IP mode file for STMicroelectronics.X-CUBE-GNSS1.7.0.0
2025-08-01 17:14:05,673 [WARN] PackLoader:240 - Cannot read IP mode file for STMicroelectronics.X-CUBE-GNSS1.7.0.1
2025-08-01 17:14:05,676 [WARN] PackLoader:240 - Cannot read IP mode file for STMicroelectronics.X-CUBE-TOUCHGFX.4.25.0
2025-08-01 17:14:05,683 [WARN] PackLoader:240 - Cannot read IP mode file for STMicroelectronics.FP-SNS-STBOX1.2.0.0
2025-08-01 17:14:05,695 [WARN] PackLoader:240 - Cannot read IP mode file for STMicroelectronics.X-CUBE-SUBG2.5.0.0
2025-08-01 17:14:05,727 [WARN] PackLoader:240 - Cannot read IP mode file for STMicroelectronics.X-CUBE-AZRTOS-H7RS.1.1.0
2025-08-01 17:14:05,736 [WARN] PackLoader:240 - Cannot read IP mode file for Cesanta.I-CUBE-Mongoose.7.13.0
2025-08-01 17:14:05,752 [WARN] PackLoader:240 - Cannot read IP mode file for STMicroelectronics.X-CUBE-AZRTOS-G4.2.0.0
2025-08-01 17:14:05,758 [WARN] PackLoader:240 - Cannot read IP mode file for STMicroelectronics.X-CUBE-NFC7.2.0.0
2025-08-01 17:14:05,762 [WARN] PackLoader:240 - Cannot read IP mode file for STMicroelectronics.X-CUBE-ISPU.2.0.0
2025-08-01 17:14:05,769 [ERROR] Engine:466 - C:\Users\shoot\.stm32cubemx\thirdparties\pdsc\STMicroelectronics.X-CUBE-IPS.3.1.0.pdsc: PDSC version is not supported
2025-08-01 17:14:05,774 [WARN] PackLoader:240 - Cannot read IP mode file for STMicroelectronics.X-CUBE-ALS.1.0.2
2025-08-01 17:14:05,818 [WARN] PackLoader:240 - Cannot read IP mode file for STMicroelectronics.X-CUBE-MEMS1.10.0.0
2025-08-01 17:14:05,925 [WARN] PackLoader:240 - Cannot read IP mode file for STMicroelectronics.X-CUBE-TOUCHGFX.4.24.0
2025-08-01 17:14:05,929 [WARN] PackLoader:240 - Cannot read IP mode file for STMicroelectronics.X-CUBE-TOUCHGFX.4.24.2
2025-08-01 17:14:05,933 [WARN] PackLoader:240 - Cannot read IP mode file for STMicroelectronics.X-CUBE-TOUCHGFX.4.24.1
2025-08-01 17:14:05,941 [WARN] PackLoader:240 - Cannot read IP mode file for portGmbH.I-Cube-SoM-uGOAL.1.1.0
2025-08-01 17:14:05,946 [WARN] PackLoader:240 - Cannot read IP mode file for STMicroelectronics.X-CUBE-ALS.1.0.1
2025-08-01 17:14:05,965 [WARN] PackLoader:240 - Cannot read IP mode file for STMicroelectronics.X-CUBE-AZRTOS-H7RS.1.0.0
2025-08-01 17:14:05,971 [WARN] PackLoader:240 - Cannot read IP mode file for STMicroelectronics.FP-ATR-ASTRA1.2.0.0
2025-08-01 17:14:05,981 [WARN] PackLoader:240 - Cannot read IP mode file for STMicroelectronics.X-CUBE-TOF1.3.4.2
2025-08-01 17:14:05,994 [ERROR] Engine:466 - C:\Users\shoot\.stm32cubemx\thirdparties\pdsc\STMicroelectronics.X-CUBE-TOF1.3.4.3.pdsc: PDSC version is not supported
2025-08-01 17:14:06,009 [WARN] PackLoader:240 - Cannot read IP mode file for STMicroelectronics.X-CUBE-TOF1.3.4.1
2025-08-01 17:14:06,043 [WARN] PackLoader:240 - Cannot read IP mode file for STMicroelectronics.X-CUBE-AZRTOS-H7.3.2.0
2025-08-01 17:14:06,060 [WARN] PackLoader:240 - Cannot read IP mode file for Infineon.AIROC-Wi-Fi-Bluetooth-STM32.1.6.0
2025-08-01 17:14:06,068 [WARN] PackLoader:240 - Cannot read IP mode file for wolfSSL.I-CUBE-wolfSSH.1.4.17
2025-08-01 17:14:06,069 [INFO] ThirdParty:978 - Integrity check success = true
2025-08-01 17:14:06,069 [INFO] IntegrityCheckThread:100 - exiting critical section [integrity check]
2025-08-01 17:14:06,069 [INFO] IntegrityCheckThread:103 - End integrity checks thread
2025-08-01 17:14:28,433 [ERROR] ConfigurationRetriever:142 - IOException on connection: sw-center.st.com
2025-08-01 17:14:28,434 [ERROR] ConfigurationRetriever:142 - IOException on connection: sw-center.st.com
2025-08-01 17:14:28,435 [ERROR] ConfigurationRetriever:142 - IOException on connection: sw-center.st.com
2025-08-01 17:14:28,921 [ERROR] ConfigurationRetriever:142 - IOException on connection: sw-center.st.com
2025-08-01 17:14:28,922 [ERROR] ConfigurationRetriever:142 - IOException on connection: sw-center.st.com
2025-08-01 17:14:28,922 [ERROR] ConfigurationRetriever:142 - IOException on connection: sw-center.st.com
2025-08-01 17:14:52,738 [ERROR] ConfigurationRetriever:142 - IOException on connection: sw-center.st.com
2025-08-01 17:14:52,739 [ERROR] ConfigurationRetriever:142 - IOException on connection: sw-center.st.com
2025-08-01 17:14:52,739 [ERROR] ConfigurationRetriever:142 - IOException on connection: sw-center.st.com
2025-08-01 17:14:52,975 [ERROR] ConfigurationRetriever:142 - IOException on connection: sw-center.st.com
2025-08-01 17:14:52,976 [ERROR] ConfigurationRetriever:142 - IOException on connection: sw-center.st.com
2025-08-01 17:14:52,976 [ERROR] ConfigurationRetriever:142 - IOException on connection: sw-center.st.com
2025-08-01 17:58:14,288 [ERROR] LogOutputStream:75 - [STDERR_REDIRECT] 
2025-08-01 18:00:28,564 [INFO] Activator:176 - 


2025-08-01 18:00:28,566 [INFO] Activator:177 - !SESSION log4j initialized
2025-08-01 18:00:35,691 [INFO] LogOutputStream:77 - [STDOUT_REDIRECT] 
2025-08-01 18:00:37,759 [INFO] ApplicationProperties:184 - Using Application install path: C:\ST\STM32CubeIDE_1.15.1\STM32CubeIDE\plugins\com.st.stm32cube.common.mx_6.11.1.202404110753
2025-08-01 18:00:37,793 [INFO] DbMcusXml:78 - Set database path to: C:\ST\STM32CubeIDE_1.15.1\STM32CubeIDE\plugins\com.st.stm32cube.common.mx_6.11.1.202404110753\\db\/mcu/
2025-08-01 18:00:37,795 [INFO] ApiDb:274 - Set plugin database path to: C:\ST\STM32CubeIDE_1.15.1\STM32CubeIDE\plugins\com.st.stm32cube.common.mx_6.11.1.202404110753\\db\/plugins/boardmanager/
2025-08-01 18:00:37,796 [WARN] ApiDb:259 - Overriding images path with different value:  => C:\ST\STM32CubeIDE_1.15.1\STM32CubeIDE\plugins\com.st.stm32cube.common.mx_6.11.1.202404110753\\db\/plugins/mcufinder/images/
2025-08-01 18:00:37,805 [INFO] ApiDb:250 - Set database path to: C:\Users\shoot\.stmcufinder\plugins\mcufinder//mcu/
2025-08-01 18:00:37,807 [INFO] DbMcusAds:125 - Set database path to: C:\Users\shoot\.stmcufinder\plugins\mcufinder//mcu/
2025-08-01 18:00:37,817 [INFO] CrossReferenceDbSqlite:203 - Set database path to: C:\Users\shoot\.stmcufinder\plugins\mcufinder//mcu/cs/
2025-08-01 18:00:38,145 [INFO] RulesReader:64 - Compatibility file has been processed (297 Rules)
2025-08-01 18:00:38,339 [INFO] DbMcusXml:78 - Set database path to: C:\ST\STM32CubeIDE_1.15.1\STM32CubeIDE\plugins\com.st.stm32cube.common.mx_6.11.1.202404110753\\db\/mcu/
2025-08-01 18:00:38,339 [INFO] ApiDb:274 - Set plugin database path to: C:\ST\STM32CubeIDE_1.15.1\STM32CubeIDE\plugins\com.st.stm32cube.common.mx_6.11.1.202404110753\\db\/plugins/boardmanager/
2025-08-01 18:00:38,341 [INFO] ApiDb:261 - Set plugin images path to: C:\ST\STM32CubeIDE_1.15.1\STM32CubeIDE\plugins\com.st.stm32cube.common.mx_6.11.1.202404110753\\db\/plugins/mcufinder/images/
2025-08-01 18:00:38,341 [WARN] DbFile:41 - Overriding database path with different value: C:\Users\shoot\.stmcufinder\plugins\mcufinder/ => C:\Users\shoot\.stmcufinder\plugins\mcufinder
2025-08-01 18:00:38,341 [INFO] ApiDb:250 - Set database path to: C:\Users\shoot\.stmcufinder\plugins\mcufinder//mcu/
2025-08-01 18:00:38,341 [WARN] DbFile:41 - Overriding database path with different value: C:\Users\shoot\.stmcufinder\plugins\mcufinder/ => C:\Users\shoot\.stmcufinder\plugins\mcufinder
2025-08-01 18:00:38,341 [INFO] DbMcusAds:125 - Set database path to: C:\Users\shoot\.stmcufinder\plugins\mcufinder//mcu/
2025-08-01 18:00:38,342 [WARN] DbFile:41 - Overriding database path with different value: C:\Users\shoot\.stmcufinder\plugins\mcufinder/ => C:\Users\shoot\.stmcufinder\plugins\mcufinder
2025-08-01 18:00:38,342 [WARN] DbFile:41 - Overriding database path with different value: C:\Users\shoot\.stmcufinder\plugins\mcufinder/ => C:\Users\shoot\.stmcufinder\plugins\mcufinder
2025-08-01 18:00:38,342 [INFO] CrossReferenceDbSqlite:203 - Set database path to: C:\Users\shoot\.stmcufinder\plugins\mcufinder//mcu/cs/
2025-08-01 18:00:38,550 [INFO] MainPanel:264 - HeapMemory: 268435456
2025-08-01 18:00:38,697 [INFO] DbMcusXml:78 - Set database path to: C:\ST\STM32CubeIDE_1.15.1\STM32CubeIDE\plugins\com.st.stm32cube.common.mx_6.11.1.202404110753\\db\/mcu/
2025-08-01 18:00:38,698 [INFO] ApiDb:274 - Set plugin database path to: C:\ST\STM32CubeIDE_1.15.1\STM32CubeIDE\plugins\com.st.stm32cube.common.mx_6.11.1.202404110753\\db\/plugins/boardmanager/
2025-08-01 18:00:38,700 [INFO] ApiDb:261 - Set plugin images path to: C:\ST\STM32CubeIDE_1.15.1\STM32CubeIDE\plugins\com.st.stm32cube.common.mx_6.11.1.202404110753\\db\/plugins/mcufinder/images/
2025-08-01 18:00:38,701 [WARN] DbFile:41 - Overriding database path with different value: C:\Users\shoot\.stmcufinder\plugins\mcufinder/ => C:\Users\shoot\.stmcufinder\plugins\mcufinder
2025-08-01 18:00:38,701 [INFO] ApiDb:250 - Set database path to: C:\Users\shoot\.stmcufinder\plugins\mcufinder//mcu/
2025-08-01 18:00:38,701 [WARN] DbFile:41 - Overriding database path with different value: C:\Users\shoot\.stmcufinder\plugins\mcufinder/ => C:\Users\shoot\.stmcufinder\plugins\mcufinder
2025-08-01 18:00:38,701 [INFO] DbMcusAds:125 - Set database path to: C:\Users\shoot\.stmcufinder\plugins\mcufinder//mcu/
2025-08-01 18:00:38,703 [WARN] DbFile:41 - Overriding database path with different value: C:\Users\shoot\.stmcufinder\plugins\mcufinder/ => C:\Users\shoot\.stmcufinder\plugins\mcufinder
2025-08-01 18:00:38,703 [WARN] DbFile:41 - Overriding database path with different value: C:\Users\shoot\.stmcufinder\plugins\mcufinder/ => C:\Users\shoot\.stmcufinder\plugins\mcufinder
2025-08-01 18:00:38,703 [INFO] CrossReferenceDbSqlite:203 - Set database path to: C:\Users\shoot\.stmcufinder\plugins\mcufinder//mcu/cs/
2025-08-01 18:00:38,739 [INFO] ApplicationProperties:184 - Using Application install path: C:\ST\STM32CubeIDE_1.15.1\STM32CubeIDE\plugins\com.st.stm32cube.common.mx_6.11.1.202404110753
2025-08-01 18:00:38,743 [INFO] PluginManage:196 - Search for loadable plugins [exclusion list=, ]
2025-08-01 18:00:38,746 [INFO] PluginManage:310 - Check plugin analytics
2025-08-01 18:00:39,118 [INFO] AnalyticsPlugin:253 - Accepted Software Licenses: 
2025-08-01 18:00:39,118 [INFO] AnalyticsPlugin:255 - Accepted CMSIS Pack Licenses: 
2025-08-01 18:00:39,119 [INFO] AnalyticsPlugin:257 - Accepted Firmware Licenses: FW.F7.1.17.0
2025-08-01 18:00:39,123 [INFO] PluginManage:359 - Loaded plugin analytics (category:tool,tabindex:-1)
2025-08-01 18:00:39,124 [INFO] PluginManage:310 - Check plugin cadmodel
2025-08-01 18:00:39,134 [INFO] CADModel:105 - Init CAD model plugin
2025-08-01 18:00:39,134 [INFO] PluginManage:359 - Loaded plugin cadmodel (category:power,tabindex:5)
2025-08-01 18:00:39,134 [INFO] PluginManage:310 - Check plugin clock
2025-08-01 18:00:39,153 [INFO] PluginManage:359 - Loaded plugin clock (category:base,tabindex:2)
2025-08-01 18:00:39,153 [INFO] PluginManage:310 - Check plugin ddr
2025-08-01 18:00:39,159 [INFO] PluginManage:359 - Loaded plugin ddr (category:tool,tabindex:6)
2025-08-01 18:00:39,160 [INFO] PluginManage:310 - Check plugin filemanager
2025-08-01 18:00:39,421 [INFO] PluginManage:359 - Loaded plugin filemanager (category:base,tabindex:10)
2025-08-01 18:00:39,421 [INFO] PluginManage:310 - Check plugin ipmanager
2025-08-01 18:00:39,437 [INFO] PluginManage:359 - Loaded plugin ipmanager (category:base,tabindex:5)
2025-08-01 18:00:39,437 [INFO] PluginManage:310 - Check plugin lpbam
2025-08-01 18:00:39,459 [INFO] PluginManage:359 - Loaded plugin lpbam (category:base,tabindex:0)
2025-08-01 18:00:39,459 [INFO] PluginManage:310 - Check plugin memorymap
2025-08-01 18:00:39,504 [INFO] PluginManage:359 - Loaded plugin memorymap (category:base,tabindex:4)
2025-08-01 18:00:39,504 [INFO] PluginManage:310 - Check plugin pinoutandconfiguration
2025-08-01 18:00:39,534 [INFO] PluginManage:359 - Loaded plugin pinoutandconfiguration (category:base,tabindex:1)
2025-08-01 18:00:39,534 [INFO] PluginManage:310 - Check plugin pinoutconfig
2025-08-01 18:00:39,751 [WARN] SupportedApi:132 - Cannot load RTOS API schema: s4s-elt-must-match.1: The content of 'definitions' must match (annotation?, (simpleType | complexType)?, (unique | key | keyref)*)). A problem was found starting at: attribute.
2025-08-01 18:00:40,105 [INFO] PluginManage:359 - Loaded plugin pinoutconfig (category:base,tabindex:0)
2025-08-01 18:00:40,105 [INFO] PluginManage:310 - Check plugin power
2025-08-01 18:00:40,134 [INFO] PluginManage:359 - Loaded plugin power (category:power,tabindex:4)
2025-08-01 18:00:40,134 [INFO] PluginManage:310 - Check plugin projectmanager
2025-08-01 18:00:40,178 [INFO] PluginManage:359 - Loaded plugin projectmanager (category:projectmanager,tabindex:3)
2025-08-01 18:00:40,179 [INFO] PluginManage:310 - Check plugin thirdparty
2025-08-01 18:00:40,500 [INFO] PluginManage:359 - Loaded plugin thirdparty (category:base,tabindex:-1)
2025-08-01 18:00:40,500 [INFO] PluginManage:310 - Check plugin tools
2025-08-01 18:00:40,500 [WARN] IntegrityCheckThread:84 - waiting for thirdparty lock release [integrity check]
2025-08-01 18:00:40,501 [INFO] IntegrityCheckThread:86 - entering critical section [integrity check]
2025-08-01 18:00:40,502 [INFO] ThirdPartyUpdaterWithRetryManager:70 - Updater plugin not ready yet. [1/15]
2025-08-01 18:00:40,506 [INFO] PluginManage:359 - Loaded plugin tools (category:base,tabindex:7)
2025-08-01 18:00:40,506 [INFO] PluginManage:310 - Check plugin tutovideos
2025-08-01 18:00:41,037 [INFO] PluginManage:359 - Loaded plugin tutovideos (category:base,tabindex:-1)
2025-08-01 18:00:41,037 [INFO] PluginManage:310 - Check plugin updater
2025-08-01 18:00:41,058 [INFO] PluginManage:359 - Loaded plugin updater (category:base,tabindex:12)
2025-08-01 18:00:41,058 [INFO] PluginManage:310 - Check plugin userauth
2025-08-01 18:00:41,070 [INFO] UserAuth:114 - Init User Auth plugin
2025-08-01 18:00:41,071 [INFO] PluginManage:359 - Loaded plugin userauth (category:base,tabindex:14)
2025-08-01 18:00:41,073 [INFO] PluginManage:283 - PluginManage : Loaded plugins [17]
2025-08-01 18:00:41,589 [INFO] PinOutPanel:1561 - setPackage(No Configuration,No Configuration)
2025-08-01 18:00:41,749 [INFO] CADModel:165 - CPN selected for project level
2025-08-01 18:00:41,750 [INFO] CADModel:114 - Register for checkConnection events
2025-08-01 18:00:41,775 [INFO] IPUIPlugin:80 - create IPUIPlugin
2025-08-01 18:00:41,777 [INFO] PluginManager:220 - loadIPPluginJar : add adc
2025-08-01 18:00:41,781 [INFO] IPUIPlugin:80 - create IPUIPlugin
2025-08-01 18:00:41,781 [INFO] PluginManager:220 - loadIPPluginJar : add aes
2025-08-01 18:00:41,786 [INFO] IPUIPlugin:80 - create IPUIPlugin
2025-08-01 18:00:41,786 [INFO] PluginManager:220 - loadIPPluginJar : add can
2025-08-01 18:00:41,791 [INFO] IPUIPlugin:80 - create IPUIPlugin
2025-08-01 18:00:41,791 [INFO] PluginManager:220 - loadIPPluginJar : add comp
2025-08-01 18:00:41,802 [INFO] IPUIPlugin:80 - create IPUIPlugin
2025-08-01 18:00:41,802 [INFO] PluginManager:220 - loadIPPluginJar : add cryp
2025-08-01 18:00:41,806 [INFO] IPUIPlugin:80 - create IPUIPlugin
2025-08-01 18:00:41,807 [INFO] PluginManager:220 - loadIPPluginJar : add dfsdm
2025-08-01 18:00:41,820 [INFO] IPUIPlugin:80 - create IPUIPlugin
2025-08-01 18:00:41,821 [INFO] PluginManager:220 - loadIPPluginJar : add dma
2025-08-01 18:00:41,824 [INFO] IPUIPlugin:80 - create IPUIPlugin
2025-08-01 18:00:41,824 [INFO] PluginManager:220 - loadIPPluginJar : add dma3
2025-08-01 18:00:41,828 [INFO] IPUIPlugin:80 - create IPUIPlugin
2025-08-01 18:00:41,828 [INFO] PluginManager:220 - loadIPPluginJar : add extmemmanager
2025-08-01 18:00:41,831 [INFO] IPUIPlugin:80 - create IPUIPlugin
2025-08-01 18:00:41,831 [INFO] PluginManager:220 - loadIPPluginJar : add fatfs
2025-08-01 18:00:41,838 [INFO] IPUIPlugin:80 - create IPUIPlugin
2025-08-01 18:00:41,838 [INFO] PluginManager:220 - loadIPPluginJar : add fmc
2025-08-01 18:00:41,856 [INFO] IPUIPlugin:80 - create IPUIPlugin
2025-08-01 18:00:41,857 [INFO] PluginManager:220 - loadIPPluginJar : add freertos
2025-08-01 18:00:41,862 [INFO] IPUIPlugin:80 - create IPUIPlugin
2025-08-01 18:00:41,862 [INFO] PluginManager:220 - loadIPPluginJar : add genericplugin
2025-08-01 18:00:41,864 [INFO] IPUIPlugin:80 - create IPUIPlugin
2025-08-01 18:00:41,865 [INFO] PluginManager:220 - loadIPPluginJar : add gfxmmu
2025-08-01 18:00:41,870 [INFO] IPUIPlugin:80 - create IPUIPlugin
2025-08-01 18:00:41,870 [INFO] PluginManager:220 - loadIPPluginJar : add gic
2025-08-01 18:00:41,876 [INFO] IPUIPlugin:80 - create IPUIPlugin
2025-08-01 18:00:41,876 [INFO] PluginManager:220 - loadIPPluginJar : add gpio
2025-08-01 18:00:41,880 [INFO] IPUIPlugin:80 - create IPUIPlugin
2025-08-01 18:00:41,880 [INFO] PluginManager:220 - loadIPPluginJar : add gtzc
2025-08-01 18:00:41,883 [INFO] IPUIPlugin:80 - create IPUIPlugin
2025-08-01 18:00:41,883 [INFO] PluginManager:220 - loadIPPluginJar : add hash
2025-08-01 18:00:41,887 [INFO] IPUIPlugin:80 - create IPUIPlugin
2025-08-01 18:00:41,887 [INFO] PluginManager:220 - loadIPPluginJar : add i2c
2025-08-01 18:00:41,891 [INFO] IPUIPlugin:80 - create IPUIPlugin
2025-08-01 18:00:41,891 [INFO] PluginManager:220 - loadIPPluginJar : add i2s
2025-08-01 18:00:41,895 [INFO] IPUIPlugin:80 - create IPUIPlugin
2025-08-01 18:00:41,895 [INFO] PluginManager:220 - loadIPPluginJar : add i3c
2025-08-01 18:00:41,901 [INFO] IPUIPlugin:80 - create IPUIPlugin
2025-08-01 18:00:41,901 [INFO] PluginManager:220 - loadIPPluginJar : add ipddr
2025-08-01 18:00:41,909 [INFO] IPUIPlugin:80 - create IPUIPlugin
2025-08-01 18:00:41,909 [INFO] PluginManager:220 - loadIPPluginJar : add linkedlist
2025-08-01 18:00:41,914 [INFO] IPUIPlugin:80 - create IPUIPlugin
2025-08-01 18:00:41,915 [INFO] PluginManager:220 - loadIPPluginJar : add lorawan
2025-08-01 18:00:41,917 [INFO] IPUIPlugin:80 - create IPUIPlugin
2025-08-01 18:00:41,917 [INFO] PluginManager:220 - loadIPPluginJar : add ltdc
2025-08-01 18:00:41,928 [INFO] IPUIPlugin:80 - create IPUIPlugin
2025-08-01 18:00:41,929 [INFO] PluginManager:220 - loadIPPluginJar : add mdma
2025-08-01 18:00:41,936 [INFO] IPUIPlugin:80 - create IPUIPlugin
2025-08-01 18:00:41,936 [INFO] PluginManager:220 - loadIPPluginJar : add nvic
2025-08-01 18:00:41,942 [INFO] IPUIPlugin:80 - create IPUIPlugin
2025-08-01 18:00:41,942 [INFO] PluginManager:220 - loadIPPluginJar : add opamp
2025-08-01 18:00:41,951 [INFO] IPUIPlugin:80 - create IPUIPlugin
2025-08-01 18:00:41,951 [INFO] PluginManager:220 - loadIPPluginJar : add openamp
2025-08-01 18:00:41,958 [INFO] IPUIPlugin:80 - create IPUIPlugin
2025-08-01 18:00:41,958 [INFO] PluginManager:220 - loadIPPluginJar : add pdm2pcm
2025-08-01 18:00:41,968 [INFO] IPUIPlugin:80 - create IPUIPlugin
2025-08-01 18:00:41,975 [INFO] PluginManager:220 - loadIPPluginJar : add plateformsettings
2025-08-01 18:00:41,977 [INFO] IPUIPlugin:80 - create IPUIPlugin
2025-08-01 18:00:41,977 [INFO] PluginManager:220 - loadIPPluginJar : add quadspi
2025-08-01 18:00:41,985 [INFO] IPUIPlugin:80 - create IPUIPlugin
2025-08-01 18:00:41,985 [INFO] PluginManager:220 - loadIPPluginJar : add resmgrutility
2025-08-01 18:00:41,989 [INFO] IPUIPlugin:80 - create IPUIPlugin
2025-08-01 18:00:41,989 [INFO] PluginManager:220 - loadIPPluginJar : add sai
2025-08-01 18:00:41,993 [INFO] IPUIPlugin:80 - create IPUIPlugin
2025-08-01 18:00:41,994 [INFO] PluginManager:220 - loadIPPluginJar : add spi
2025-08-01 18:00:42,003 [INFO] IPUIPlugin:80 - create IPUIPlugin
2025-08-01 18:00:42,004 [INFO] PluginManager:220 - loadIPPluginJar : add stm32_wpan
2025-08-01 18:00:42,006 [INFO] IPUIPlugin:80 - create IPUIPlugin
2025-08-01 18:00:42,006 [INFO] PluginManager:220 - loadIPPluginJar : add tim
2025-08-01 18:00:42,011 [INFO] IPUIPlugin:80 - create IPUIPlugin
2025-08-01 18:00:42,012 [INFO] PluginManager:220 - loadIPPluginJar : add touchsensing
2025-08-01 18:00:42,015 [INFO] IPUIPlugin:80 - create IPUIPlugin
2025-08-01 18:00:42,015 [INFO] PluginManager:220 - loadIPPluginJar : add tracer_emb
2025-08-01 18:00:42,020 [INFO] IPUIPlugin:80 - create IPUIPlugin
2025-08-01 18:00:42,020 [INFO] PluginManager:220 - loadIPPluginJar : add ts
2025-08-01 18:00:42,023 [INFO] IPUIPlugin:80 - create IPUIPlugin
2025-08-01 18:00:42,024 [INFO] PluginManager:220 - loadIPPluginJar : add tsc
2025-08-01 18:00:42,029 [INFO] IPUIPlugin:80 - create IPUIPlugin
2025-08-01 18:00:42,029 [INFO] PluginManager:220 - loadIPPluginJar : add ucpd
2025-08-01 18:00:42,033 [INFO] IPUIPlugin:80 - create IPUIPlugin
2025-08-01 18:00:42,034 [INFO] PluginManager:220 - loadIPPluginJar : add usart
2025-08-01 18:00:42,038 [INFO] IPUIPlugin:80 - create IPUIPlugin
2025-08-01 18:00:42,038 [INFO] PluginManager:220 - loadIPPluginJar : add usbx
2025-08-01 18:00:42,228 [INFO] CADModel:165 - CPN selected for project level
2025-08-01 18:00:42,228 [INFO] CADModel:114 - Register for checkConnection events
2025-08-01 18:00:42,228 [FATAL] Updater:308 - Updater called before beeing initialized
2025-08-01 18:00:42,228 [ERROR] CADModel:125 - Updater not yet initialized, retry later 
2025-08-01 18:00:42,454 [INFO] CADModel:165 - CPN selected for project level
2025-08-01 18:00:42,454 [INFO] CADModel:114 - Register for checkConnection events
2025-08-01 18:00:42,454 [FATAL] Updater:308 - Updater called before beeing initialized
2025-08-01 18:00:42,455 [ERROR] CADModel:125 - Updater not yet initialized, retry later 
2025-08-01 18:00:42,459 [FATAL] Updater:308 - Updater called before beeing initialized
2025-08-01 18:00:42,630 [FATAL] Updater:308 - Updater called before beeing initialized
2025-08-01 18:00:42,637 [INFO] DbMcusAds:53 - JSON generation date=Thu Mar 06 15:54:21 CET 2025 (1741272861825)
2025-08-01 18:00:42,637 [FATAL] Updater:308 - Updater called before beeing initialized
2025-08-01 18:00:42,694 [WARN] DetailPanel:346 - Failed to get advertising image, set to default
2025-08-01 18:00:42,867 [FATAL] Updater:308 - Updater called before beeing initialized
2025-08-01 18:00:42,869 [FATAL] Updater:308 - Updater called before beeing initialized
2025-08-01 18:00:42,869 [FATAL] Updater:308 - Updater called before beeing initialized
2025-08-01 18:00:42,869 [WARN] DetailPanel:346 - Failed to get advertising image, set to default
2025-08-01 18:00:42,872 [FATAL] Updater:308 - Updater called before beeing initialized
2025-08-01 18:00:42,976 [ERROR] Updater:1120 - MainUpdater not yet initialized. External WinMGr cannot be set.
2025-08-01 18:00:42,981 [INFO] Updater:1056 - Updater Version found : 6.11.1
2025-08-01 18:00:43,004 [INFO] ApplicationProperties:184 - Using Application install path: C:\ST\STM32CubeIDE_1.15.1\STM32CubeIDE\plugins\com.st.stm32cube.common.mx_6.11.1.202404110753
2025-08-01 18:00:43,503 [INFO] ThirdPartyUpdaterWithRetryManager:70 - Updater plugin not ready yet. [2/15]
2025-08-01 18:00:44,604 [ERROR] LogOutputStream:75 - [STDERR_REDIRECT] Aug 01, 2025 6:00:44 PM java.util.prefs.WindowsPreferences <init>
2025-08-01 18:00:44,610 [ERROR] LogOutputStream:75 - [STDERR_REDIRECT] WARNING: Could not open/create prefs root node Software\JavaSoft\Prefs at root 0xffffffff80000002. Windows RegCreateKeyEx(...) returned error code 5.
2025-08-01 18:00:44,612 [ERROR] LogOutputStream:75 - [STDERR_REDIRECT] 
2025-08-01 18:00:45,187 [INFO] MainUpdater:2873 - connection check result : 10
2025-08-01 18:00:45,188 [INFO] MainUpdater:290 - Updater Check For Update Now.
2025-08-01 18:00:45,189 [INFO] MicroXplorer:498 - Change Database Version : DB.6.0.111
2025-08-01 18:00:45,203 [INFO] McuFinderGlobals:63 - Set McuFinder mode to 2 (CubeIDE integrated)
2025-08-01 18:00:45,212 [INFO] UserAuth:415 - Internet connection configuration mode: 1
2025-08-01 18:00:45,250 [INFO] JxBrowserEngine:152 - Initiate JxBrowser Engine with user profile folder
2025-08-01 18:00:45,422 [INFO] CheckServerUpdateThread:120 - End of CheckServer Thread
2025-08-01 18:00:46,476 [INFO] WebApp:161 - Instantiating new browser for Auth
2025-08-01 18:00:47,061 [WARN] PackLoader:240 - Cannot read IP mode file for STMicroelectronics.FP-SNS-MOTENVWB1.1.4.0
2025-08-01 18:00:47,082 [WARN] PackLoader:240 - Cannot read IP mode file for STMicroelectronics.FP-ATR-ASTRA1.2.0.2
2025-08-01 18:00:47,097 [WARN] PackLoader:240 - Cannot read IP mode file for STMicroelectronics.X-CUBE-SMBUS.2.1.0
2025-08-01 18:00:47,110 [WARN] PackLoader:240 - Cannot read IP mode file for STMicroelectronics.X-CUBE-WB05N.1.1.0
2025-08-01 18:00:47,115 [ERROR] Engine:466 - C:\Users\shoot\.stm32cubemx\thirdparties\pdsc\STMicroelectronics.X-CUBE-ST60.1.0.0.pdsc: PDSC version is not supported
2025-08-01 18:00:47,122 [WARN] PackLoader:240 - Cannot read IP mode file for STMicroelectronics.X-CUBE-TOUCHGFX.4.23.2
2025-08-01 18:00:47,156 [WARN] PackLoader:240 - Cannot read IP mode file for STMicroelectronics.X-CUBE-AZRTOS-F7.1.1.0
2025-08-01 18:00:47,242 [WARN] PackLoader:240 - Cannot read IP mode file for STMicroelectronics.X-CUBE-MEMS1.11.0.0
2025-08-01 18:00:47,449 [WARN] PackLoader:240 - Cannot read IP mode file for STMicroelectronics.FP-SNS-FLIGHT1.5.0.2
2025-08-01 18:00:47,499 [WARN] PackLoader:240 - Cannot read IP mode file for STMicroelectronics.X-CUBE-AZRTOS-H7.3.4.0
2025-08-01 18:00:47,514 [WARN] PackLoader:240 - Cannot read IP mode file for STMicroelectronics.X-CUBE-DISPLAY.3.0.0
2025-08-01 18:00:47,529 [WARN] PackLoader:240 - Cannot read IP mode file for STMicroelectronics.X-CUBE-BLE1.7.0.0
2025-08-01 18:00:47,537 [WARN] PackLoader:240 - Cannot read IP mode file for STMicroelectronics.X-CUBE-NFC10.1.0.0
2025-08-01 18:00:47,549 [WARN] PackLoader:240 - Cannot read IP mode file for STMicroelectronics.X-CUBE-BLEMGR.4.0.0
2025-08-01 18:00:47,560 [WARN] PackLoader:240 - Cannot read IP mode file for emotas.I-CUBE-CANOPEN.1.3.0
2025-08-01 18:00:47,571 [WARN] PackLoader:240 - Cannot read IP mode file for STMicroelectronics.X-CUBE-BLEMGR.3.1.0
2025-08-01 18:00:47,576 [WARN] PackLoader:240 - Cannot read IP mode file for STMicroelectronics.X-CUBE-AI.10.0.0
2025-08-01 18:00:47,590 [WARN] PackLoader:240 - Cannot read IP mode file for STMicroelectronics.FP-SNS-SMARTAG2.1.2.0
2025-08-01 18:00:47,593 [ERROR] Engine:466 - C:\Users\shoot\.stm32cubemx\thirdparties\pdsc\STMicroelectronics.FP-SNS-FLIGHT1.5.1.0.pdsc: PDSC version is not supported
2025-08-01 18:00:47,650 [WARN] PackLoader:240 - Cannot read IP mode file for STMicroelectronics.X-CUBE-MEMS1.11.1.0
2025-08-01 18:00:47,812 [INFO] LogOutputStream:77 - [STDOUT_REDIRECT] 1 : Invalid condition id : UX_CORESTACK_Condition cause : null
2025-08-01 18:00:47,814 [INFO] LogOutputStream:77 - [STDOUT_REDIRECT] 1 : Invalid condition id : UX_CORESTACK_Condition cause : null
2025-08-01 18:00:47,817 [INFO] LogOutputStream:77 - [STDOUT_REDIRECT] 1 : Invalid condition id : UX_CORESTACK_Condition cause : null
2025-08-01 18:00:47,819 [INFO] LogOutputStream:77 - [STDOUT_REDIRECT] 1 : Invalid condition id : UX_CORESTACK_Condition cause : null
2025-08-01 18:00:47,821 [INFO] LogOutputStream:77 - [STDOUT_REDIRECT] 1 : Invalid condition id : UX_CORESTACK_Condition cause : null
2025-08-01 18:00:47,825 [WARN] PackLoader:240 - Cannot read IP mode file for STMicroelectronics.X-CUBE-AZRTOS-WL.2.0.0
2025-08-01 18:00:47,833 [WARN] PackLoader:240 - Cannot read IP mode file for STMicroelectronics.FP-SNS-MOTENV1.5.0.0
2025-08-01 18:00:47,842 [WARN] PackLoader:240 - Cannot read IP mode file for wolfSSL.I-CUBE-wolfMQTT.1.19.0
2025-08-01 18:00:47,855 [WARN] PackLoader:240 - Cannot read IP mode file for WES.I-CUBE-Cesium.1.3.0
2025-08-01 18:00:47,860 [WARN] PackLoader:240 - Cannot read IP mode file for STMicroelectronics.X-CUBE-BLE2.3.3.0
2025-08-01 18:00:47,870 [WARN] PackLoader:240 - Cannot read IP mode file for STMicroelectronics.X-CUBE-NFC9.1.0.0
2025-08-01 18:00:47,876 [WARN] PackLoader:240 - Cannot read IP mode file for STMicroelectronics.X-CUBE-BLE1.7.1.0
2025-08-01 18:00:47,884 [WARN] PackLoader:240 - Cannot read IP mode file for STMicroelectronics.X-CUBE-TCPP.4.1.0
2025-08-01 18:00:47,895 [WARN] PackLoader:240 - Cannot read IP mode file for STMicroelectronics.X-CUBE-EEPRMA1.5.2.0
2025-08-01 18:00:47,901 [WARN] PackLoader:240 - Cannot read IP mode file for STMicroelectronics.X-CUBE-AI.10.1.0
2025-08-01 18:00:47,908 [WARN] PackLoader:240 - Cannot read IP mode file for STMicroelectronics.X-CUBE-ALGOBUILD.1.3.0
2025-08-01 18:00:47,913 [INFO] WebApp:779 - Register for checkConnection events
2025-08-01 18:00:47,913 [INFO] WebApp:414 - Apply proxy settings
2025-08-01 18:00:47,913 [INFO] WebApp:499 - Chromium requires no authentication
2025-08-01 18:00:47,933 [INFO] WebApp:442 - Direct internet connection detected
2025-08-01 18:00:47,963 [WARN] PackLoader:240 - Cannot read IP mode file for STMicroelectronics.X-CUBE-MEMS1.11.2.0
2025-08-01 18:00:48,209 [WARN] PackLoader:240 - Cannot read IP mode file for STMicroelectronics.X-CUBE-AZRTOS-G0.1.1.0
2025-08-01 18:00:48,220 [WARN] PackLoader:240 - Cannot read IP mode file for STMicroelectronics.X-CUBE-SAFEA1.1.2.2
2025-08-01 18:00:48,227 [WARN] PackLoader:240 - Cannot read IP mode file for STMicroelectronics.X-CUBE-NFC4.3.0.0
2025-08-01 18:00:48,230 [WARN] PackLoader:240 - Cannot read IP mode file for wolfSSL.I-CUBE-wolfMQTT.1.18.0
2025-08-01 18:00:48,243 [WARN] PackLoader:240 - Cannot read IP mode file for EmbeddedOffice.I-CUBE-FS-RTOS.1.0.1
2025-08-01 18:00:48,243 [ERROR] ConditionMgr:805 - Attr not supported : Dmpu
2025-08-01 18:00:48,244 [ERROR] ConditionMgr:805 - Attr not supported : Dmpu
2025-08-01 18:00:48,244 [ERROR] ConditionMgr:805 - Attr not supported : Dmpu
2025-08-01 18:00:48,244 [ERROR] ConditionMgr:805 - Attr not supported : Dmpu
2025-08-01 18:00:48,244 [ERROR] ConditionMgr:805 - Attr not supported : Dmpu
2025-08-01 18:00:48,244 [ERROR] ConditionMgr:805 - Attr not supported : Dmpu
2025-08-01 18:00:48,244 [ERROR] ConditionMgr:805 - Attr not supported : Dmpu
2025-08-01 18:00:48,244 [ERROR] ConditionMgr:805 - Attr not supported : Dmpu
2025-08-01 18:00:48,244 [ERROR] ConditionMgr:805 - Attr not supported : Dmpu
2025-08-01 18:00:48,244 [ERROR] ConditionMgr:805 - Attr not supported : Dmpu
2025-08-01 18:00:48,244 [ERROR] ConditionMgr:805 - Attr not supported : Dmpu
2025-08-01 18:00:48,244 [ERROR] ConditionMgr:805 - Attr not supported : Dmpu
2025-08-01 18:00:48,245 [ERROR] ConditionMgr:805 - Attr not supported : Dmpu
2025-08-01 18:00:48,245 [ERROR] ConditionMgr:805 - Attr not supported : Dmpu
2025-08-01 18:00:48,245 [ERROR] ConditionMgr:805 - Attr not supported : Dmpu
2025-08-01 18:00:48,245 [ERROR] ConditionMgr:805 - Attr not supported : Dmpu
2025-08-01 18:00:48,245 [ERROR] ConditionMgr:805 - Attr not supported : Dmpu
2025-08-01 18:00:48,245 [ERROR] ConditionMgr:805 - Attr not supported : Dmpu
2025-08-01 18:00:48,245 [ERROR] ConditionMgr:805 - Attr not supported : Dmpu
2025-08-01 18:00:48,245 [ERROR] ConditionMgr:805 - Attr not supported : Dmpu
2025-08-01 18:00:48,245 [ERROR] ConditionMgr:805 - Attr not supported : Dmpu
2025-08-01 18:00:48,245 [ERROR] ConditionMgr:805 - Attr not supported : Dmpu
2025-08-01 18:00:48,246 [ERROR] ConditionMgr:805 - Attr not supported : Dmpu
2025-08-01 18:00:48,246 [ERROR] ConditionMgr:805 - Attr not supported : Dmpu
2025-08-01 18:00:48,246 [ERROR] ConditionMgr:805 - Attr not supported : Dmpu
2025-08-01 18:00:48,246 [ERROR] ConditionMgr:805 - Attr not supported : Dmpu
2025-08-01 18:00:48,246 [ERROR] ConditionMgr:805 - Attr not supported : Dmpu
2025-08-01 18:00:48,246 [ERROR] ConditionMgr:805 - Attr not supported : Dmpu
2025-08-01 18:00:48,246 [ERROR] ConditionMgr:805 - Attr not supported : Dmpu
2025-08-01 18:00:48,246 [ERROR] ConditionMgr:805 - Attr not supported : Dmpu
2025-08-01 18:00:48,246 [ERROR] ConditionMgr:805 - Attr not supported : Dmpu
2025-08-01 18:00:48,246 [ERROR] ConditionMgr:805 - Attr not supported : Dmpu
2025-08-01 18:00:48,247 [ERROR] ConditionMgr:805 - Attr not supported : Dmpu
2025-08-01 18:00:48,247 [ERROR] ConditionMgr:805 - Attr not supported : Dmpu
2025-08-01 18:00:48,247 [ERROR] ConditionMgr:805 - Attr not supported : Dmpu
2025-08-01 18:00:48,247 [ERROR] ConditionMgr:805 - Attr not supported : Dmpu
2025-08-01 18:00:48,247 [ERROR] ConditionMgr:805 - Attr not supported : Dmpu
2025-08-01 18:00:48,247 [ERROR] ConditionMgr:805 - Attr not supported : Dmpu
2025-08-01 18:00:48,247 [ERROR] ConditionMgr:805 - Attr not supported : Dmpu
2025-08-01 18:00:48,247 [ERROR] ConditionMgr:805 - Attr not supported : Dmpu
2025-08-01 18:00:48,247 [ERROR] ConditionMgr:805 - Attr not supported : Dmpu
2025-08-01 18:00:48,247 [ERROR] ConditionMgr:805 - Attr not supported : Dmpu
2025-08-01 18:00:48,247 [ERROR] ConditionMgr:805 - Attr not supported : Dmpu
2025-08-01 18:00:48,248 [ERROR] ConditionMgr:805 - Attr not supported : Dmpu
2025-08-01 18:00:48,248 [ERROR] ConditionMgr:805 - Attr not supported : Dmpu
2025-08-01 18:00:48,248 [ERROR] ConditionMgr:805 - Attr not supported : Dmpu
2025-08-01 18:00:48,248 [ERROR] ConditionMgr:805 - Attr not supported : Dmpu
2025-08-01 18:00:48,248 [ERROR] ConditionMgr:805 - Attr not supported : Dmpu
2025-08-01 18:00:48,248 [ERROR] ConditionMgr:805 - Attr not supported : Dmpu
2025-08-01 18:00:48,248 [ERROR] ConditionMgr:805 - Attr not supported : Dmpu
2025-08-01 18:00:48,248 [ERROR] ConditionMgr:805 - Attr not supported : Dmpu
2025-08-01 18:00:48,248 [ERROR] ConditionMgr:805 - Attr not supported : Dmpu
2025-08-01 18:00:48,248 [ERROR] ConditionMgr:805 - Attr not supported : Dmpu
2025-08-01 18:00:48,248 [ERROR] ConditionMgr:805 - Attr not supported : Dmpu
2025-08-01 18:00:48,248 [ERROR] ConditionMgr:805 - Attr not supported : Dmpu
2025-08-01 18:00:48,249 [ERROR] ConditionMgr:805 - Attr not supported : Dmpu
2025-08-01 18:00:48,249 [ERROR] ConditionMgr:805 - Attr not supported : Dmpu
2025-08-01 18:00:48,249 [ERROR] ConditionMgr:805 - Attr not supported : Dmpu
2025-08-01 18:00:48,249 [ERROR] ConditionMgr:805 - Attr not supported : Dmpu
2025-08-01 18:00:48,249 [ERROR] ConditionMgr:805 - Attr not supported : Dmpu
2025-08-01 18:00:48,249 [ERROR] ConditionMgr:805 - Attr not supported : Dmpu
2025-08-01 18:00:48,249 [ERROR] ConditionMgr:805 - Attr not supported : Dmpu
2025-08-01 18:00:48,249 [ERROR] ConditionMgr:805 - Attr not supported : Dmpu
2025-08-01 18:00:48,249 [ERROR] ConditionMgr:805 - Attr not supported : Dmpu
2025-08-01 18:00:48,254 [WARN] PackLoader:240 - Cannot read IP mode file for STMicroelectronics.X-CUBE-WB05N.2.0.0
2025-08-01 18:00:48,258 [ERROR] Engine:466 - C:\Users\shoot\.stm32cubemx\thirdparties\pdsc\STMicroelectronics.X-CUBE-TCPP.4.2.0.pdsc: PDSC version is not supported
2025-08-01 18:00:48,263 [WARN] PackLoader:240 - Cannot read IP mode file for RealThread.X-CUBE-RT-Thread_Nano.4.1.1
2025-08-01 18:00:48,269 [WARN] PackLoader:240 - Cannot read IP mode file for wolfSSL.I-CUBE-wolfSSL.5.7.0
2025-08-01 18:00:48,273 [WARN] PackLoader:240 - Cannot read IP mode file for STMicroelectronics.FP-ATR-SIGFOX1.3.2.0
2025-08-01 18:00:48,279 [WARN] ConditionMgr:438 - getConditionDescription Invalid condition id : Cortex-A Device cause : null
2025-08-01 18:00:48,298 [WARN] ConditionMgr:1039 - genDependencies : Invalid condition id : Cortex-A Device cause : null
2025-08-01 18:00:48,298 [WARN] ConditionMgr:1039 - genDependencies : Invalid condition id : Cortex-A Device cause : null
2025-08-01 18:00:48,298 [WARN] ConditionMgr:1039 - genDependencies : Invalid condition id : Cortex-A Device cause : null
2025-08-01 18:00:48,303 [WARN] PackLoader:240 - Cannot read IP mode file for STMicroelectronics.X-CUBE-EEPRMA1.5.1.0
2025-08-01 18:00:48,312 [WARN] PackLoader:240 - Cannot read IP mode file for ITTIA_DB.I-CUBE-ITTIADB.8.9.0
2025-08-01 18:00:48,315 [ERROR] Engine:466 - C:\Users\shoot\.stm32cubemx\thirdparties\pdsc\STMicroelectronics.X-CUBE-ST67W61.1.0.0.pdsc: PDSC version is not supported
2025-08-01 18:00:48,347 [WARN] PackLoader:240 - Cannot read IP mode file for SEGGER.I-CUBE-embOS.1.3.1
2025-08-01 18:00:48,391 [WARN] PackLoader:240 - Cannot read IP mode file for STMicroelectronics.X-CUBE-ALGOBUILD.1.4.0
2025-08-01 18:00:48,437 [WARN] PackLoader:240 - Cannot read IP mode file for STMicroelectronics.X-CUBE-MEMS1.11.3.0
2025-08-01 18:00:48,576 [INFO] WebApp:192 - Starting web application
2025-08-01 18:00:48,576 [INFO] WebApp:544 - Web application path used C:\ST\STM32CubeIDE_1.15.1\STM32CubeIDE\plugins\com.st.stm32cube.common.mx_6.11.1.202404110753\db\plugins\mcufinder\reactClient1\index.html
2025-08-01 18:00:48,578 [WARN] PackLoader:240 - Cannot read IP mode file for STMicroelectronics.X-CUBE-AI.9.1.0
2025-08-01 18:00:48,584 [WARN] PackLoader:240 - Cannot read IP mode file for STMicroelectronics.X-CUBE-PM33A1.1.0.0
2025-08-01 18:00:48,590 [WARN] PackLoader:240 - Cannot read IP mode file for STMicroelectronics.X-CUBE-GNSS1.6.0.0
2025-08-01 18:00:48,608 [WARN] PackLoader:240 - Cannot read IP mode file for STMicroelectronics.X-CUBE-AZRTOS-F4.1.1.0
2025-08-01 18:00:48,611 [ERROR] Engine:466 - C:\Users\shoot\.stm32cubemx\thirdparties\pdsc\Avnet-IotConnect.X-CUBE-IoTC-DA16k-PMOD.1.0.0.pdsc: PDSC version is not supported
2025-08-01 18:00:48,616 [WARN] PackLoader:240 - Cannot read IP mode file for STMicroelectronics.X-CUBE-ISPU.2.1.0
2025-08-01 18:00:48,621 [WARN] PackLoader:240 - Cannot read IP mode file for STMicroelectronics.X-CUBE-FREERTOS.1.2.0
2025-08-01 18:00:48,630 [WARN] PackLoader:240 - Cannot read IP mode file for STMicroelectronics.X-CUBE-NFC12.1.0.0
2025-08-01 18:00:48,650 [WARN] PackLoader:240 - Cannot read IP mode file for STMicroelectronics.X-CUBE-AZRTOS-L5.2.0.0
2025-08-01 18:00:48,660 [WARN] PackLoader:240 - Cannot read IP mode file for STMicroelectronics.X-CUBE-NFC6.3.1.0
2025-08-01 18:00:48,667 [WARN] PackLoader:240 - Cannot read IP mode file for STMicroelectronics.X-CUBE-DPower.1.2.0
2025-08-01 18:00:48,671 [WARN] PackLoader:240 - Cannot read IP mode file for STMicroelectronics.X-CUBE-AI.9.0.0
2025-08-01 18:00:48,676 [WARN] PackLoader:240 - Cannot read IP mode file for STMicroelectronics.X-CUBE-FREERTOS.1.3.1
2025-08-01 18:00:48,681 [WARN] PackLoader:240 - Cannot read IP mode file for STMicroelectronics.X-CUBE-FREERTOS.1.3.0
2025-08-01 18:00:48,687 [WARN] PackLoader:240 - Cannot read IP mode file for STMicroelectronics.X-CUBE-NFC7.1.0.1
2025-08-01 18:00:48,692 [WARN] PackLoader:240 - Cannot read IP mode file for wolfSSL.I-CUBE-wolfTPM.3.2.0
2025-08-01 18:00:48,695 [ERROR] Engine:466 - C:\Users\shoot\.stm32cubemx\thirdparties\pdsc\STMicroelectronics.FP-SNS-STAIOTCFT.1.0.0.pdsc: PDSC version is not supported
2025-08-01 18:00:48,699 [WARN] PackLoader:240 - Cannot read IP mode file for STMicroelectronics.X-CUBE-DPower.1.3.0
2025-08-01 18:00:48,726 [WARN] ConditionMgr:438 - getConditionDescription Invalid condition id : LAN8742 Phy interface Condition cause : null
2025-08-01 18:00:48,726 [WARN] PackLoader:240 - Cannot read IP mode file for STMicroelectronics.X-CUBE-AZRTOS-L4.2.0.0
2025-08-01 18:00:48,727 [WARN] ConditionMgr:1039 - genDependencies : Invalid condition id : LAN8742 Phy interface Condition cause : null
2025-08-01 18:00:48,727 [WARN] ConditionMgr:1039 - genDependencies : Invalid condition id : LAN8742 Phy interface Condition cause : null
2025-08-01 18:00:48,728 [WARN] ConditionMgr:1039 - genDependencies : Invalid condition id : LAN8742 Phy interface Condition cause : null
2025-08-01 18:00:48,736 [WARN] PackLoader:240 - Cannot read IP mode file for STMicroelectronics.X-CUBE-SFXS2LP1.4.0.0
2025-08-01 18:00:48,764 [WARN] PackLoader:240 - Cannot read IP mode file for STMicroelectronics.X-CUBE-AZRTOS-H7.3.3.0
2025-08-01 18:00:48,773 [ERROR] Engine:466 - C:\Users\shoot\.stm32cubemx\thirdparties\pdsc\STMicroelectronics.X-CUBE-BLEMGR.4.1.0.pdsc: PDSC version is not supported
2025-08-01 18:00:48,785 [WARN] PackLoader:240 - Cannot read IP mode file for STMicroelectronics.X-CUBE-IPS.3.0.0
2025-08-01 18:00:48,809 [WARN] ConditionMgr:438 - getConditionDescription Invalid condition id : UX DEVICE CLASS RTOS Condition cause : null
2025-08-01 18:00:48,810 [WARN] ConditionMgr:438 - getConditionDescription Invalid condition id : UX DEVICE CLASS RTOS Condition cause : null
2025-08-01 18:00:48,813 [WARN] PackLoader:240 - Cannot read IP mode file for STMicroelectronics.X-CUBE-AZRTOS-WB.2.0.0
2025-08-01 18:00:48,814 [WARN] ConditionMgr:1039 - genDependencies : Invalid condition id : UX DEVICE CLASS RTOS Condition cause : null
2025-08-01 18:00:48,814 [WARN] ConditionMgr:1039 - genDependencies : Invalid condition id : UX DEVICE CLASS RTOS Condition cause : null
2025-08-01 18:00:48,814 [WARN] ConditionMgr:1039 - genDependencies : Invalid condition id : UX DEVICE CLASS RTOS Condition cause : null
2025-08-01 18:00:48,815 [WARN] ConditionMgr:1039 - genDependencies : Invalid condition id : UX DEVICE CLASS RTOS Condition cause : null
2025-08-01 18:00:48,815 [WARN] ConditionMgr:1039 - genDependencies : Invalid condition id : UX DEVICE CLASS RTOS Condition cause : null
2025-08-01 18:00:48,824 [WARN] PackLoader:240 - Cannot read IP mode file for STMicroelectronics.X-CUBE-GNSS1.7.0.0
2025-08-01 18:00:48,832 [WARN] PackLoader:240 - Cannot read IP mode file for STMicroelectronics.X-CUBE-GNSS1.7.0.1
2025-08-01 18:00:48,840 [WARN] PackLoader:240 - Cannot read IP mode file for STMicroelectronics.X-CUBE-TOUCHGFX.4.25.0
2025-08-01 18:00:48,850 [WARN] PackLoader:240 - Cannot read IP mode file for STMicroelectronics.FP-SNS-STBOX1.2.0.0
2025-08-01 18:00:48,868 [WARN] PackLoader:240 - Cannot read IP mode file for STMicroelectronics.X-CUBE-SUBG2.5.0.0
2025-08-01 18:00:48,911 [WARN] PackLoader:240 - Cannot read IP mode file for STMicroelectronics.X-CUBE-AZRTOS-H7RS.1.1.0
2025-08-01 18:00:48,921 [WARN] PackLoader:240 - Cannot read IP mode file for Cesanta.I-CUBE-Mongoose.7.13.0
2025-08-01 18:00:48,939 [WARN] PackLoader:240 - Cannot read IP mode file for STMicroelectronics.X-CUBE-AZRTOS-G4.2.0.0
2025-08-01 18:00:48,946 [WARN] PackLoader:240 - Cannot read IP mode file for STMicroelectronics.X-CUBE-NFC7.2.0.0
2025-08-01 18:00:48,952 [WARN] PackLoader:240 - Cannot read IP mode file for STMicroelectronics.X-CUBE-ISPU.2.0.0
2025-08-01 18:00:48,958 [ERROR] Engine:466 - C:\Users\shoot\.stm32cubemx\thirdparties\pdsc\STMicroelectronics.X-CUBE-IPS.3.1.0.pdsc: PDSC version is not supported
2025-08-01 18:00:48,963 [WARN] PackLoader:240 - Cannot read IP mode file for STMicroelectronics.X-CUBE-ALS.1.0.2
2025-08-01 18:00:49,011 [WARN] PackLoader:240 - Cannot read IP mode file for STMicroelectronics.X-CUBE-MEMS1.10.0.0
2025-08-01 18:00:49,196 [WARN] PackLoader:240 - Cannot read IP mode file for STMicroelectronics.X-CUBE-TOUCHGFX.4.24.0
2025-08-01 18:00:49,200 [WARN] PackLoader:240 - Cannot read IP mode file for STMicroelectronics.X-CUBE-TOUCHGFX.4.24.2
2025-08-01 18:00:49,204 [WARN] PackLoader:240 - Cannot read IP mode file for STMicroelectronics.X-CUBE-TOUCHGFX.4.24.1
2025-08-01 18:00:49,214 [WARN] PackLoader:240 - Cannot read IP mode file for portGmbH.I-Cube-SoM-uGOAL.1.1.0
2025-08-01 18:00:49,219 [WARN] PackLoader:240 - Cannot read IP mode file for STMicroelectronics.X-CUBE-ALS.1.0.1
2025-08-01 18:00:49,250 [WARN] PackLoader:240 - Cannot read IP mode file for STMicroelectronics.X-CUBE-AZRTOS-H7RS.1.0.0
2025-08-01 18:00:49,258 [WARN] PackLoader:240 - Cannot read IP mode file for STMicroelectronics.FP-ATR-ASTRA1.2.0.0
2025-08-01 18:00:49,271 [WARN] PackLoader:240 - Cannot read IP mode file for STMicroelectronics.X-CUBE-TOF1.3.4.2
2025-08-01 18:00:49,301 [ERROR] Engine:466 - C:\Users\shoot\.stm32cubemx\thirdparties\pdsc\STMicroelectronics.X-CUBE-TOF1.3.4.3.pdsc: PDSC version is not supported
2025-08-01 18:00:49,311 [WARN] PackLoader:240 - Cannot read IP mode file for STMicroelectronics.X-CUBE-TOF1.3.4.1
2025-08-01 18:00:49,344 [WARN] PackLoader:240 - Cannot read IP mode file for STMicroelectronics.X-CUBE-AZRTOS-H7.3.2.0
2025-08-01 18:00:49,363 [WARN] PackLoader:240 - Cannot read IP mode file for Infineon.AIROC-Wi-Fi-Bluetooth-STM32.1.6.0
2025-08-01 18:00:49,374 [WARN] PackLoader:240 - Cannot read IP mode file for wolfSSL.I-CUBE-wolfSSH.1.4.17
2025-08-01 18:00:49,375 [INFO] ThirdParty:978 - Integrity check success = true
2025-08-01 18:00:49,375 [INFO] IntegrityCheckThread:100 - exiting critical section [integrity check]
2025-08-01 18:00:49,375 [INFO] IntegrityCheckThread:103 - End integrity checks thread
2025-08-01 18:20:03,957 [ERROR] LogOutputStream:75 - [STDERR_REDIRECT] 
