2025-08-03 06:46:37,594 [ERROR] ConfigurationRetriever:142 - IOException on connection: sw-center.st.com
2025-08-03 06:46:37,614 [ERROR] ConfigurationRetriever:142 - IOException on connection: sw-center.st.com
2025-08-03 06:46:37,614 [ERROR] ConfigurationRetriever:142 - IOException on connection: sw-center.st.com
2025-08-03 06:46:40,016 [ERROR] LogOutputStream:75 - [STDERR_REDIRECT] 
2025-08-03 06:46:40,017 [ERROR] LogOutputStream:75 - [STDERR_REDIRECT] 
2025-08-05 12:28:15,466 [INFO] Activator:176 - 


2025-08-05 12:28:15,470 [INFO] Activator:177 - !SESSION log4j initialized
2025-08-05 12:28:21,761 [INFO] LogOutputStream:77 - [STDOUT_REDIRECT] 
2025-08-05 12:28:22,236 [ERROR] ConfigurationRetriever:142 - IOException on connection: sw-center.st.com
2025-08-05 12:28:22,238 [ERROR] ConfigurationRetriever:142 - IOException on connection: sw-center.st.com
2025-08-05 12:28:22,239 [ERROR] ConfigurationRetriever:142 - IOException on connection: sw-center.st.com
2025-08-05 12:28:23,006 [ERROR] ConfigurationRetriever:142 - IOException on connection: sw-center.st.com
2025-08-05 12:28:23,007 [ERROR] ConfigurationRetriever:142 - IOException on connection: sw-center.st.com
2025-08-05 12:28:23,008 [ERROR] ConfigurationRetriever:142 - IOException on connection: sw-center.st.com
2025-08-05 12:28:23,951 [INFO] ApplicationProperties:184 - Using Application install path: C:\ST\STM32CubeIDE_1.15.1\STM32CubeIDE\plugins\com.st.stm32cube.common.mx_6.11.1.202404110753
2025-08-05 12:28:23,980 [INFO] DbMcusXml:78 - Set database path to: C:\ST\STM32CubeIDE_1.15.1\STM32CubeIDE\plugins\com.st.stm32cube.common.mx_6.11.1.202404110753\\db\/mcu/
2025-08-05 12:28:23,980 [INFO] ApiDb:274 - Set plugin database path to: C:\ST\STM32CubeIDE_1.15.1\STM32CubeIDE\plugins\com.st.stm32cube.common.mx_6.11.1.202404110753\\db\/plugins/boardmanager/
2025-08-05 12:28:23,981 [WARN] ApiDb:259 - Overriding images path with different value:  => C:\ST\STM32CubeIDE_1.15.1\STM32CubeIDE\plugins\com.st.stm32cube.common.mx_6.11.1.202404110753\\db\/plugins/mcufinder/images/
2025-08-05 12:28:23,991 [INFO] ApiDb:250 - Set database path to: C:\Users\shoot\.stmcufinder\plugins\mcufinder//mcu/
2025-08-05 12:28:23,992 [INFO] DbMcusAds:125 - Set database path to: C:\Users\shoot\.stmcufinder\plugins\mcufinder//mcu/
2025-08-05 12:28:23,996 [INFO] CrossReferenceDbSqlite:203 - Set database path to: C:\Users\shoot\.stmcufinder\plugins\mcufinder//mcu/cs/
2025-08-05 12:28:24,339 [INFO] RulesReader:64 - Compatibility file has been processed (297 Rules)
2025-08-05 12:28:24,515 [INFO] DbMcusXml:78 - Set database path to: C:\ST\STM32CubeIDE_1.15.1\STM32CubeIDE\plugins\com.st.stm32cube.common.mx_6.11.1.202404110753\\db\/mcu/
2025-08-05 12:28:24,515 [INFO] ApiDb:274 - Set plugin database path to: C:\ST\STM32CubeIDE_1.15.1\STM32CubeIDE\plugins\com.st.stm32cube.common.mx_6.11.1.202404110753\\db\/plugins/boardmanager/
2025-08-05 12:28:24,525 [INFO] ApiDb:261 - Set plugin images path to: C:\ST\STM32CubeIDE_1.15.1\STM32CubeIDE\plugins\com.st.stm32cube.common.mx_6.11.1.202404110753\\db\/plugins/mcufinder/images/
2025-08-05 12:28:24,526 [WARN] DbFile:41 - Overriding database path with different value: C:\Users\shoot\.stmcufinder\plugins\mcufinder/ => C:\Users\shoot\.stmcufinder\plugins\mcufinder
2025-08-05 12:28:24,526 [INFO] ApiDb:250 - Set database path to: C:\Users\shoot\.stmcufinder\plugins\mcufinder//mcu/
2025-08-05 12:28:24,526 [WARN] DbFile:41 - Overriding database path with different value: C:\Users\shoot\.stmcufinder\plugins\mcufinder/ => C:\Users\shoot\.stmcufinder\plugins\mcufinder
2025-08-05 12:28:24,526 [INFO] DbMcusAds:125 - Set database path to: C:\Users\shoot\.stmcufinder\plugins\mcufinder//mcu/
2025-08-05 12:28:24,526 [WARN] DbFile:41 - Overriding database path with different value: C:\Users\shoot\.stmcufinder\plugins\mcufinder/ => C:\Users\shoot\.stmcufinder\plugins\mcufinder
2025-08-05 12:28:24,526 [WARN] DbFile:41 - Overriding database path with different value: C:\Users\shoot\.stmcufinder\plugins\mcufinder/ => C:\Users\shoot\.stmcufinder\plugins\mcufinder
2025-08-05 12:28:24,527 [INFO] CrossReferenceDbSqlite:203 - Set database path to: C:\Users\shoot\.stmcufinder\plugins\mcufinder//mcu/cs/
2025-08-05 12:28:24,664 [INFO] MainPanel:264 - HeapMemory: 268435456
2025-08-05 12:28:24,824 [INFO] DbMcusXml:78 - Set database path to: C:\ST\STM32CubeIDE_1.15.1\STM32CubeIDE\plugins\com.st.stm32cube.common.mx_6.11.1.202404110753\\db\/mcu/
2025-08-05 12:28:24,824 [INFO] ApiDb:274 - Set plugin database path to: C:\ST\STM32CubeIDE_1.15.1\STM32CubeIDE\plugins\com.st.stm32cube.common.mx_6.11.1.202404110753\\db\/plugins/boardmanager/
2025-08-05 12:28:24,826 [INFO] ApiDb:261 - Set plugin images path to: C:\ST\STM32CubeIDE_1.15.1\STM32CubeIDE\plugins\com.st.stm32cube.common.mx_6.11.1.202404110753\\db\/plugins/mcufinder/images/
2025-08-05 12:28:24,826 [WARN] DbFile:41 - Overriding database path with different value: C:\Users\shoot\.stmcufinder\plugins\mcufinder/ => C:\Users\shoot\.stmcufinder\plugins\mcufinder
2025-08-05 12:28:24,826 [INFO] ApiDb:250 - Set database path to: C:\Users\shoot\.stmcufinder\plugins\mcufinder//mcu/
2025-08-05 12:28:24,826 [WARN] DbFile:41 - Overriding database path with different value: C:\Users\shoot\.stmcufinder\plugins\mcufinder/ => C:\Users\shoot\.stmcufinder\plugins\mcufinder
2025-08-05 12:28:24,826 [INFO] DbMcusAds:125 - Set database path to: C:\Users\shoot\.stmcufinder\plugins\mcufinder//mcu/
2025-08-05 12:28:24,826 [WARN] DbFile:41 - Overriding database path with different value: C:\Users\shoot\.stmcufinder\plugins\mcufinder/ => C:\Users\shoot\.stmcufinder\plugins\mcufinder
2025-08-05 12:28:24,826 [WARN] DbFile:41 - Overriding database path with different value: C:\Users\shoot\.stmcufinder\plugins\mcufinder/ => C:\Users\shoot\.stmcufinder\plugins\mcufinder
2025-08-05 12:28:24,827 [INFO] CrossReferenceDbSqlite:203 - Set database path to: C:\Users\shoot\.stmcufinder\plugins\mcufinder//mcu/cs/
2025-08-05 12:28:24,857 [INFO] ApplicationProperties:184 - Using Application install path: C:\ST\STM32CubeIDE_1.15.1\STM32CubeIDE\plugins\com.st.stm32cube.common.mx_6.11.1.202404110753
2025-08-05 12:28:24,860 [INFO] PluginManage:196 - Search for loadable plugins [exclusion list=, ]
2025-08-05 12:28:24,863 [INFO] PluginManage:310 - Check plugin analytics
2025-08-05 12:28:25,296 [INFO] AnalyticsPlugin:253 - Accepted Software Licenses: 
2025-08-05 12:28:25,296 [INFO] AnalyticsPlugin:255 - Accepted CMSIS Pack Licenses: 
2025-08-05 12:28:25,296 [INFO] AnalyticsPlugin:257 - Accepted Firmware Licenses: FW.F7.1.17.0
2025-08-05 12:28:25,300 [INFO] PluginManage:359 - Loaded plugin analytics (category:tool,tabindex:-1)
2025-08-05 12:28:25,299 [ERROR] ConfigurationRetriever:142 - IOException on connection: sw-center.st.com
2025-08-05 12:28:25,300 [INFO] PluginManage:310 - Check plugin cadmodel
2025-08-05 12:28:25,300 [ERROR] ConfigurationRetriever:142 - IOException on connection: sw-center.st.com
2025-08-05 12:28:25,301 [ERROR] ConfigurationRetriever:142 - IOException on connection: sw-center.st.com
2025-08-05 12:28:25,304 [INFO] CADModel:105 - Init CAD model plugin
2025-08-05 12:28:25,305 [INFO] PluginManage:359 - Loaded plugin cadmodel (category:power,tabindex:5)
2025-08-05 12:28:25,305 [INFO] PluginManage:310 - Check plugin clock
2025-08-05 12:28:25,328 [INFO] PluginManage:359 - Loaded plugin clock (category:base,tabindex:2)
2025-08-05 12:28:25,329 [INFO] PluginManage:310 - Check plugin ddr
2025-08-05 12:28:25,332 [INFO] PluginManage:359 - Loaded plugin ddr (category:tool,tabindex:6)
2025-08-05 12:28:25,332 [INFO] PluginManage:310 - Check plugin filemanager
2025-08-05 12:28:25,613 [INFO] PluginManage:359 - Loaded plugin filemanager (category:base,tabindex:10)
2025-08-05 12:28:25,613 [INFO] PluginManage:310 - Check plugin ipmanager
2025-08-05 12:28:25,630 [INFO] PluginManage:359 - Loaded plugin ipmanager (category:base,tabindex:5)
2025-08-05 12:28:25,630 [INFO] PluginManage:310 - Check plugin lpbam
2025-08-05 12:28:25,647 [INFO] PluginManage:359 - Loaded plugin lpbam (category:base,tabindex:0)
2025-08-05 12:28:25,647 [INFO] PluginManage:310 - Check plugin memorymap
2025-08-05 12:28:25,678 [INFO] PluginManage:359 - Loaded plugin memorymap (category:base,tabindex:4)
2025-08-05 12:28:25,678 [INFO] PluginManage:310 - Check plugin pinoutandconfiguration
2025-08-05 12:28:25,700 [INFO] PluginManage:359 - Loaded plugin pinoutandconfiguration (category:base,tabindex:1)
2025-08-05 12:28:25,700 [INFO] PluginManage:310 - Check plugin pinoutconfig
2025-08-05 12:28:25,889 [WARN] SupportedApi:132 - Cannot load RTOS API schema: s4s-elt-must-match.1: The content of 'definitions' must match (annotation?, (simpleType | complexType)?, (unique | key | keyref)*)). A problem was found starting at: attribute.
2025-08-05 12:28:26,256 [INFO] PluginManage:359 - Loaded plugin pinoutconfig (category:base,tabindex:0)
2025-08-05 12:28:26,256 [INFO] PluginManage:310 - Check plugin power
2025-08-05 12:28:26,273 [INFO] PluginManage:359 - Loaded plugin power (category:power,tabindex:4)
2025-08-05 12:28:26,273 [INFO] PluginManage:310 - Check plugin projectmanager
2025-08-05 12:28:26,311 [INFO] PluginManage:359 - Loaded plugin projectmanager (category:projectmanager,tabindex:3)
2025-08-05 12:28:26,311 [INFO] PluginManage:310 - Check plugin thirdparty
2025-08-05 12:28:26,522 [WARN] IntegrityCheckThread:84 - waiting for thirdparty lock release [integrity check]
2025-08-05 12:28:26,522 [INFO] PluginManage:359 - Loaded plugin thirdparty (category:base,tabindex:-1)
2025-08-05 12:28:26,522 [INFO] IntegrityCheckThread:86 - entering critical section [integrity check]
2025-08-05 12:28:26,522 [INFO] PluginManage:310 - Check plugin tools
2025-08-05 12:28:26,523 [INFO] ThirdPartyUpdaterWithRetryManager:70 - Updater plugin not ready yet. [1/15]
2025-08-05 12:28:26,525 [INFO] PluginManage:359 - Loaded plugin tools (category:base,tabindex:7)
2025-08-05 12:28:26,526 [INFO] PluginManage:310 - Check plugin tutovideos
2025-08-05 12:28:27,002 [INFO] PluginManage:359 - Loaded plugin tutovideos (category:base,tabindex:-1)
2025-08-05 12:28:27,002 [INFO] PluginManage:310 - Check plugin updater
2025-08-05 12:28:27,020 [INFO] PluginManage:359 - Loaded plugin updater (category:base,tabindex:12)
2025-08-05 12:28:27,020 [INFO] PluginManage:310 - Check plugin userauth
2025-08-05 12:28:27,032 [INFO] UserAuth:114 - Init User Auth plugin
2025-08-05 12:28:27,032 [INFO] PluginManage:359 - Loaded plugin userauth (category:base,tabindex:14)
2025-08-05 12:28:27,033 [INFO] PluginManage:283 - PluginManage : Loaded plugins [17]
2025-08-05 12:28:27,518 [INFO] PinOutPanel:1561 - setPackage(No Configuration,No Configuration)
2025-08-05 12:28:27,686 [INFO] CADModel:165 - CPN selected for project level
2025-08-05 12:28:27,686 [INFO] CADModel:114 - Register for checkConnection events
2025-08-05 12:28:27,719 [INFO] IPUIPlugin:80 - create IPUIPlugin
2025-08-05 12:28:27,720 [INFO] PluginManager:220 - loadIPPluginJar : add adc
2025-08-05 12:28:27,726 [INFO] IPUIPlugin:80 - create IPUIPlugin
2025-08-05 12:28:27,726 [INFO] PluginManager:220 - loadIPPluginJar : add aes
2025-08-05 12:28:27,732 [INFO] IPUIPlugin:80 - create IPUIPlugin
2025-08-05 12:28:27,733 [INFO] PluginManager:220 - loadIPPluginJar : add can
2025-08-05 12:28:27,737 [INFO] IPUIPlugin:80 - create IPUIPlugin
2025-08-05 12:28:27,737 [INFO] PluginManager:220 - loadIPPluginJar : add comp
2025-08-05 12:28:27,742 [INFO] IPUIPlugin:80 - create IPUIPlugin
2025-08-05 12:28:27,742 [INFO] PluginManager:220 - loadIPPluginJar : add cryp
2025-08-05 12:28:27,746 [INFO] IPUIPlugin:80 - create IPUIPlugin
2025-08-05 12:28:27,748 [INFO] PluginManager:220 - loadIPPluginJar : add dfsdm
2025-08-05 12:28:27,755 [INFO] IPUIPlugin:80 - create IPUIPlugin
2025-08-05 12:28:27,756 [INFO] PluginManager:220 - loadIPPluginJar : add dma
2025-08-05 12:28:27,762 [INFO] IPUIPlugin:80 - create IPUIPlugin
2025-08-05 12:28:27,764 [INFO] PluginManager:220 - loadIPPluginJar : add dma3
2025-08-05 12:28:27,768 [INFO] IPUIPlugin:80 - create IPUIPlugin
2025-08-05 12:28:27,769 [INFO] PluginManager:220 - loadIPPluginJar : add extmemmanager
2025-08-05 12:28:27,771 [INFO] IPUIPlugin:80 - create IPUIPlugin
2025-08-05 12:28:27,772 [INFO] PluginManager:220 - loadIPPluginJar : add fatfs
2025-08-05 12:28:27,778 [INFO] IPUIPlugin:80 - create IPUIPlugin
2025-08-05 12:28:27,779 [INFO] PluginManager:220 - loadIPPluginJar : add fmc
2025-08-05 12:28:27,789 [INFO] IPUIPlugin:80 - create IPUIPlugin
2025-08-05 12:28:27,789 [INFO] PluginManager:220 - loadIPPluginJar : add freertos
2025-08-05 12:28:27,792 [INFO] IPUIPlugin:80 - create IPUIPlugin
2025-08-05 12:28:27,792 [INFO] PluginManager:220 - loadIPPluginJar : add genericplugin
2025-08-05 12:28:27,796 [INFO] IPUIPlugin:80 - create IPUIPlugin
2025-08-05 12:28:27,796 [INFO] PluginManager:220 - loadIPPluginJar : add gfxmmu
2025-08-05 12:28:27,805 [INFO] IPUIPlugin:80 - create IPUIPlugin
2025-08-05 12:28:27,805 [INFO] PluginManager:220 - loadIPPluginJar : add gic
2025-08-05 12:28:27,811 [INFO] IPUIPlugin:80 - create IPUIPlugin
2025-08-05 12:28:27,812 [INFO] PluginManager:220 - loadIPPluginJar : add gpio
2025-08-05 12:28:27,820 [INFO] IPUIPlugin:80 - create IPUIPlugin
2025-08-05 12:28:27,820 [INFO] PluginManager:220 - loadIPPluginJar : add gtzc
2025-08-05 12:28:27,828 [INFO] IPUIPlugin:80 - create IPUIPlugin
2025-08-05 12:28:27,828 [INFO] PluginManager:220 - loadIPPluginJar : add hash
2025-08-05 12:28:27,832 [INFO] IPUIPlugin:80 - create IPUIPlugin
2025-08-05 12:28:27,833 [INFO] PluginManager:220 - loadIPPluginJar : add i2c
2025-08-05 12:28:27,837 [INFO] IPUIPlugin:80 - create IPUIPlugin
2025-08-05 12:28:27,837 [INFO] PluginManager:220 - loadIPPluginJar : add i2s
2025-08-05 12:28:27,841 [INFO] IPUIPlugin:80 - create IPUIPlugin
2025-08-05 12:28:27,841 [INFO] PluginManager:220 - loadIPPluginJar : add i3c
2025-08-05 12:28:27,847 [INFO] IPUIPlugin:80 - create IPUIPlugin
2025-08-05 12:28:27,849 [INFO] PluginManager:220 - loadIPPluginJar : add ipddr
2025-08-05 12:28:27,858 [INFO] IPUIPlugin:80 - create IPUIPlugin
2025-08-05 12:28:27,859 [INFO] PluginManager:220 - loadIPPluginJar : add linkedlist
2025-08-05 12:28:27,866 [INFO] IPUIPlugin:80 - create IPUIPlugin
2025-08-05 12:28:27,866 [INFO] PluginManager:220 - loadIPPluginJar : add lorawan
2025-08-05 12:28:27,868 [INFO] IPUIPlugin:80 - create IPUIPlugin
2025-08-05 12:28:27,869 [INFO] PluginManager:220 - loadIPPluginJar : add ltdc
2025-08-05 12:28:27,879 [INFO] IPUIPlugin:80 - create IPUIPlugin
2025-08-05 12:28:27,879 [INFO] PluginManager:220 - loadIPPluginJar : add mdma
2025-08-05 12:28:27,887 [INFO] IPUIPlugin:80 - create IPUIPlugin
2025-08-05 12:28:27,888 [INFO] PluginManager:220 - loadIPPluginJar : add nvic
2025-08-05 12:28:27,894 [INFO] IPUIPlugin:80 - create IPUIPlugin
2025-08-05 12:28:27,894 [INFO] PluginManager:220 - loadIPPluginJar : add opamp
2025-08-05 12:28:27,901 [INFO] IPUIPlugin:80 - create IPUIPlugin
2025-08-05 12:28:27,901 [INFO] PluginManager:220 - loadIPPluginJar : add openamp
2025-08-05 12:28:27,908 [INFO] IPUIPlugin:80 - create IPUIPlugin
2025-08-05 12:28:27,908 [INFO] PluginManager:220 - loadIPPluginJar : add pdm2pcm
2025-08-05 12:28:27,922 [INFO] IPUIPlugin:80 - create IPUIPlugin
2025-08-05 12:28:27,928 [INFO] PluginManager:220 - loadIPPluginJar : add plateformsettings
2025-08-05 12:28:27,932 [INFO] IPUIPlugin:80 - create IPUIPlugin
2025-08-05 12:28:27,932 [INFO] PluginManager:220 - loadIPPluginJar : add quadspi
2025-08-05 12:28:27,938 [INFO] IPUIPlugin:80 - create IPUIPlugin
2025-08-05 12:28:27,938 [INFO] PluginManager:220 - loadIPPluginJar : add resmgrutility
2025-08-05 12:28:27,941 [INFO] IPUIPlugin:80 - create IPUIPlugin
2025-08-05 12:28:27,942 [INFO] PluginManager:220 - loadIPPluginJar : add sai
2025-08-05 12:28:27,946 [INFO] IPUIPlugin:80 - create IPUIPlugin
2025-08-05 12:28:27,946 [INFO] PluginManager:220 - loadIPPluginJar : add spi
2025-08-05 12:28:27,953 [INFO] IPUIPlugin:80 - create IPUIPlugin
2025-08-05 12:28:27,953 [INFO] PluginManager:220 - loadIPPluginJar : add stm32_wpan
2025-08-05 12:28:27,956 [INFO] IPUIPlugin:80 - create IPUIPlugin
2025-08-05 12:28:27,957 [INFO] PluginManager:220 - loadIPPluginJar : add tim
2025-08-05 12:28:27,961 [INFO] IPUIPlugin:80 - create IPUIPlugin
2025-08-05 12:28:27,961 [INFO] PluginManager:220 - loadIPPluginJar : add touchsensing
2025-08-05 12:28:27,967 [INFO] IPUIPlugin:80 - create IPUIPlugin
2025-08-05 12:28:27,967 [INFO] PluginManager:220 - loadIPPluginJar : add tracer_emb
2025-08-05 12:28:27,972 [INFO] IPUIPlugin:80 - create IPUIPlugin
2025-08-05 12:28:27,972 [INFO] PluginManager:220 - loadIPPluginJar : add ts
2025-08-05 12:28:27,976 [INFO] IPUIPlugin:80 - create IPUIPlugin
2025-08-05 12:28:27,976 [INFO] PluginManager:220 - loadIPPluginJar : add tsc
2025-08-05 12:28:27,979 [INFO] IPUIPlugin:80 - create IPUIPlugin
2025-08-05 12:28:27,979 [INFO] PluginManager:220 - loadIPPluginJar : add ucpd
2025-08-05 12:28:27,986 [INFO] IPUIPlugin:80 - create IPUIPlugin
2025-08-05 12:28:27,987 [INFO] PluginManager:220 - loadIPPluginJar : add usart
2025-08-05 12:28:27,993 [INFO] IPUIPlugin:80 - create IPUIPlugin
2025-08-05 12:28:27,993 [INFO] PluginManager:220 - loadIPPluginJar : add usbx
2025-08-05 12:28:28,174 [INFO] CADModel:165 - CPN selected for project level
2025-08-05 12:28:28,175 [INFO] CADModel:114 - Register for checkConnection events
2025-08-05 12:28:28,175 [FATAL] Updater:308 - Updater called before beeing initialized
2025-08-05 12:28:28,175 [ERROR] CADModel:125 - Updater not yet initialized, retry later 
2025-08-05 12:28:28,424 [INFO] CADModel:165 - CPN selected for project level
2025-08-05 12:28:28,424 [INFO] CADModel:114 - Register for checkConnection events
2025-08-05 12:28:28,425 [FATAL] Updater:308 - Updater called before beeing initialized
2025-08-05 12:28:28,425 [ERROR] CADModel:125 - Updater not yet initialized, retry later 
2025-08-05 12:28:28,428 [FATAL] Updater:308 - Updater called before beeing initialized
2025-08-05 12:28:28,605 [FATAL] Updater:308 - Updater called before beeing initialized
2025-08-05 12:28:28,614 [INFO] DbMcusAds:53 - JSON generation date=Thu Mar 06 15:54:21 CET 2025 (1741272861825)
2025-08-05 12:28:28,615 [FATAL] Updater:308 - Updater called before beeing initialized
2025-08-05 12:28:28,676 [WARN] DetailPanel:346 - Failed to get advertising image, set to default
2025-08-05 12:28:28,923 [FATAL] Updater:308 - Updater called before beeing initialized
2025-08-05 12:28:28,926 [FATAL] Updater:308 - Updater called before beeing initialized
2025-08-05 12:28:28,926 [FATAL] Updater:308 - Updater called before beeing initialized
2025-08-05 12:28:28,926 [WARN] DetailPanel:346 - Failed to get advertising image, set to default
2025-08-05 12:28:28,928 [FATAL] Updater:308 - Updater called before beeing initialized
2025-08-05 12:28:29,014 [ERROR] Updater:1120 - MainUpdater not yet initialized. External WinMGr cannot be set.
2025-08-05 12:28:29,020 [INFO] Updater:1056 - Updater Version found : 6.11.1
2025-08-05 12:28:29,045 [INFO] ApplicationProperties:184 - Using Application install path: C:\ST\STM32CubeIDE_1.15.1\STM32CubeIDE\plugins\com.st.stm32cube.common.mx_6.11.1.202404110753
2025-08-05 12:28:29,523 [INFO] ThirdPartyUpdaterWithRetryManager:70 - Updater plugin not ready yet. [2/15]
2025-08-05 12:28:30,643 [ERROR] LogOutputStream:75 - [STDERR_REDIRECT] Aug 05, 2025 12:28:30 PM java.util.prefs.WindowsPreferences <init>
2025-08-05 12:28:30,649 [ERROR] LogOutputStream:75 - [STDERR_REDIRECT] WARNING: Could not open/create prefs root node Software\JavaSoft\Prefs at root 0xffffffff80000002. Windows RegCreateKeyEx(...) returned error code 5.
2025-08-05 12:28:30,651 [ERROR] LogOutputStream:75 - [STDERR_REDIRECT] 
2025-08-05 12:28:31,123 [INFO] MainUpdater:2873 - connection check result : 22
2025-08-05 12:28:31,125 [INFO] MainUpdater:290 - Updater Check For Update Now.
2025-08-05 12:28:31,125 [INFO] MicroXplorer:498 - Change Database Version : DB.6.0.111
2025-08-05 12:28:31,140 [INFO] McuFinderGlobals:63 - Set McuFinder mode to 2 (CubeIDE integrated)
2025-08-05 12:28:31,150 [INFO] UserAuth:415 - Internet connection configuration mode: 2
2025-08-05 12:28:31,355 [INFO] CheckServerUpdateThread:120 - End of CheckServer Thread
2025-08-05 12:28:33,043 [WARN] PackLoader:240 - Cannot read IP mode file for STMicroelectronics.FP-SNS-MOTENVWB1.1.4.0
2025-08-05 12:28:33,059 [WARN] PackLoader:240 - Cannot read IP mode file for STMicroelectronics.FP-ATR-ASTRA1.2.0.2
2025-08-05 12:28:33,082 [WARN] PackLoader:240 - Cannot read IP mode file for STMicroelectronics.X-CUBE-SMBUS.2.1.0
2025-08-05 12:28:33,095 [WARN] PackLoader:240 - Cannot read IP mode file for STMicroelectronics.X-CUBE-WB05N.1.1.0
2025-08-05 12:28:33,102 [ERROR] Engine:466 - C:\Users\shoot\.stm32cubemx\thirdparties\pdsc\STMicroelectronics.X-CUBE-ST60.1.0.0.pdsc: PDSC version is not supported
2025-08-05 12:28:33,110 [WARN] PackLoader:240 - Cannot read IP mode file for STMicroelectronics.X-CUBE-TOUCHGFX.4.23.2
2025-08-05 12:28:33,144 [WARN] PackLoader:240 - Cannot read IP mode file for STMicroelectronics.X-CUBE-AZRTOS-F7.1.1.0
2025-08-05 12:28:33,218 [WARN] PackLoader:240 - Cannot read IP mode file for STMicroelectronics.X-CUBE-MEMS1.11.0.0
2025-08-05 12:28:33,384 [WARN] PackLoader:240 - Cannot read IP mode file for STMicroelectronics.FP-SNS-FLIGHT1.5.0.2
2025-08-05 12:28:33,417 [WARN] PackLoader:240 - Cannot read IP mode file for STMicroelectronics.X-CUBE-AZRTOS-H7.3.4.0
2025-08-05 12:28:33,429 [WARN] PackLoader:240 - Cannot read IP mode file for STMicroelectronics.X-CUBE-DISPLAY.3.0.0
2025-08-05 12:28:33,440 [WARN] PackLoader:240 - Cannot read IP mode file for STMicroelectronics.X-CUBE-BLE1.7.0.0
2025-08-05 12:28:33,449 [WARN] PackLoader:240 - Cannot read IP mode file for STMicroelectronics.X-CUBE-NFC10.1.0.0
2025-08-05 12:28:33,462 [WARN] PackLoader:240 - Cannot read IP mode file for STMicroelectronics.X-CUBE-BLEMGR.4.0.0
2025-08-05 12:28:33,473 [WARN] PackLoader:240 - Cannot read IP mode file for emotas.I-CUBE-CANOPEN.1.3.0
2025-08-05 12:28:33,482 [WARN] PackLoader:240 - Cannot read IP mode file for STMicroelectronics.X-CUBE-BLEMGR.3.1.0
2025-08-05 12:28:33,489 [WARN] PackLoader:240 - Cannot read IP mode file for STMicroelectronics.X-CUBE-AI.10.0.0
2025-08-05 12:28:33,496 [WARN] PackLoader:240 - Cannot read IP mode file for STMicroelectronics.FP-SNS-SMARTAG2.1.2.0
2025-08-05 12:28:33,499 [ERROR] Engine:466 - C:\Users\shoot\.stm32cubemx\thirdparties\pdsc\STMicroelectronics.FP-SNS-FLIGHT1.5.1.0.pdsc: PDSC version is not supported
2025-08-05 12:28:33,550 [WARN] PackLoader:240 - Cannot read IP mode file for STMicroelectronics.X-CUBE-MEMS1.11.1.0
2025-08-05 12:28:33,720 [INFO] LogOutputStream:77 - [STDOUT_REDIRECT] 1 : Invalid condition id : UX_CORESTACK_Condition cause : null
2025-08-05 12:28:33,721 [INFO] LogOutputStream:77 - [STDOUT_REDIRECT] 1 : Invalid condition id : UX_CORESTACK_Condition cause : null
2025-08-05 12:28:33,722 [INFO] LogOutputStream:77 - [STDOUT_REDIRECT] 1 : Invalid condition id : UX_CORESTACK_Condition cause : null
2025-08-05 12:28:33,723 [INFO] LogOutputStream:77 - [STDOUT_REDIRECT] 1 : Invalid condition id : UX_CORESTACK_Condition cause : null
2025-08-05 12:28:33,725 [INFO] LogOutputStream:77 - [STDOUT_REDIRECT] 1 : Invalid condition id : UX_CORESTACK_Condition cause : null
2025-08-05 12:28:33,727 [WARN] PackLoader:240 - Cannot read IP mode file for STMicroelectronics.X-CUBE-AZRTOS-WL.2.0.0
2025-08-05 12:28:33,734 [WARN] PackLoader:240 - Cannot read IP mode file for STMicroelectronics.FP-SNS-MOTENV1.5.0.0
2025-08-05 12:28:33,741 [WARN] PackLoader:240 - Cannot read IP mode file for wolfSSL.I-CUBE-wolfMQTT.1.19.0
2025-08-05 12:28:33,750 [WARN] PackLoader:240 - Cannot read IP mode file for WES.I-CUBE-Cesium.1.3.0
2025-08-05 12:28:33,755 [WARN] PackLoader:240 - Cannot read IP mode file for STMicroelectronics.X-CUBE-BLE2.3.3.0
2025-08-05 12:28:33,763 [WARN] PackLoader:240 - Cannot read IP mode file for STMicroelectronics.X-CUBE-NFC9.1.0.0
2025-08-05 12:28:33,769 [WARN] PackLoader:240 - Cannot read IP mode file for STMicroelectronics.X-CUBE-BLE1.7.1.0
2025-08-05 12:28:33,775 [WARN] PackLoader:240 - Cannot read IP mode file for STMicroelectronics.X-CUBE-TCPP.4.1.0
2025-08-05 12:28:33,782 [WARN] PackLoader:240 - Cannot read IP mode file for STMicroelectronics.X-CUBE-EEPRMA1.5.2.0
2025-08-05 12:28:33,786 [WARN] PackLoader:240 - Cannot read IP mode file for STMicroelectronics.X-CUBE-AI.10.1.0
2025-08-05 12:28:33,793 [WARN] PackLoader:240 - Cannot read IP mode file for STMicroelectronics.X-CUBE-ALGOBUILD.1.3.0
2025-08-05 12:28:33,840 [WARN] PackLoader:240 - Cannot read IP mode file for STMicroelectronics.X-CUBE-MEMS1.11.2.0
2025-08-05 12:28:33,962 [WARN] PackLoader:240 - Cannot read IP mode file for STMicroelectronics.X-CUBE-AZRTOS-G0.1.1.0
2025-08-05 12:28:33,971 [WARN] PackLoader:240 - Cannot read IP mode file for STMicroelectronics.X-CUBE-SAFEA1.1.2.2
2025-08-05 12:28:33,977 [WARN] PackLoader:240 - Cannot read IP mode file for STMicroelectronics.X-CUBE-NFC4.3.0.0
2025-08-05 12:28:33,980 [WARN] PackLoader:240 - Cannot read IP mode file for wolfSSL.I-CUBE-wolfMQTT.1.18.0
2025-08-05 12:28:33,991 [WARN] PackLoader:240 - Cannot read IP mode file for EmbeddedOffice.I-CUBE-FS-RTOS.1.0.1
2025-08-05 12:28:33,992 [ERROR] ConditionMgr:805 - Attr not supported : Dmpu
2025-08-05 12:28:33,992 [ERROR] ConditionMgr:805 - Attr not supported : Dmpu
2025-08-05 12:28:33,992 [ERROR] ConditionMgr:805 - Attr not supported : Dmpu
2025-08-05 12:28:33,992 [ERROR] ConditionMgr:805 - Attr not supported : Dmpu
2025-08-05 12:28:33,992 [ERROR] ConditionMgr:805 - Attr not supported : Dmpu
2025-08-05 12:28:33,992 [ERROR] ConditionMgr:805 - Attr not supported : Dmpu
2025-08-05 12:28:33,992 [ERROR] ConditionMgr:805 - Attr not supported : Dmpu
2025-08-05 12:28:33,992 [ERROR] ConditionMgr:805 - Attr not supported : Dmpu
2025-08-05 12:28:33,992 [ERROR] ConditionMgr:805 - Attr not supported : Dmpu
2025-08-05 12:28:33,993 [ERROR] ConditionMgr:805 - Attr not supported : Dmpu
2025-08-05 12:28:33,993 [ERROR] ConditionMgr:805 - Attr not supported : Dmpu
2025-08-05 12:28:33,993 [ERROR] ConditionMgr:805 - Attr not supported : Dmpu
2025-08-05 12:28:33,993 [ERROR] ConditionMgr:805 - Attr not supported : Dmpu
2025-08-05 12:28:33,993 [ERROR] ConditionMgr:805 - Attr not supported : Dmpu
2025-08-05 12:28:33,993 [ERROR] ConditionMgr:805 - Attr not supported : Dmpu
2025-08-05 12:28:33,993 [ERROR] ConditionMgr:805 - Attr not supported : Dmpu
2025-08-05 12:28:33,993 [ERROR] ConditionMgr:805 - Attr not supported : Dmpu
2025-08-05 12:28:33,993 [ERROR] ConditionMgr:805 - Attr not supported : Dmpu
2025-08-05 12:28:33,993 [ERROR] ConditionMgr:805 - Attr not supported : Dmpu
2025-08-05 12:28:33,993 [ERROR] ConditionMgr:805 - Attr not supported : Dmpu
2025-08-05 12:28:33,993 [ERROR] ConditionMgr:805 - Attr not supported : Dmpu
2025-08-05 12:28:33,994 [ERROR] ConditionMgr:805 - Attr not supported : Dmpu
2025-08-05 12:28:33,994 [ERROR] ConditionMgr:805 - Attr not supported : Dmpu
2025-08-05 12:28:33,994 [ERROR] ConditionMgr:805 - Attr not supported : Dmpu
2025-08-05 12:28:33,994 [ERROR] ConditionMgr:805 - Attr not supported : Dmpu
2025-08-05 12:28:33,994 [ERROR] ConditionMgr:805 - Attr not supported : Dmpu
2025-08-05 12:28:33,994 [ERROR] ConditionMgr:805 - Attr not supported : Dmpu
2025-08-05 12:28:33,994 [ERROR] ConditionMgr:805 - Attr not supported : Dmpu
2025-08-05 12:28:33,994 [ERROR] ConditionMgr:805 - Attr not supported : Dmpu
2025-08-05 12:28:33,994 [ERROR] ConditionMgr:805 - Attr not supported : Dmpu
2025-08-05 12:28:33,994 [ERROR] ConditionMgr:805 - Attr not supported : Dmpu
2025-08-05 12:28:33,994 [ERROR] ConditionMgr:805 - Attr not supported : Dmpu
2025-08-05 12:28:33,994 [ERROR] ConditionMgr:805 - Attr not supported : Dmpu
2025-08-05 12:28:33,995 [ERROR] ConditionMgr:805 - Attr not supported : Dmpu
2025-08-05 12:28:33,995 [ERROR] ConditionMgr:805 - Attr not supported : Dmpu
2025-08-05 12:28:33,995 [ERROR] ConditionMgr:805 - Attr not supported : Dmpu
2025-08-05 12:28:33,996 [ERROR] ConditionMgr:805 - Attr not supported : Dmpu
2025-08-05 12:28:33,996 [ERROR] ConditionMgr:805 - Attr not supported : Dmpu
2025-08-05 12:28:33,996 [ERROR] ConditionMgr:805 - Attr not supported : Dmpu
2025-08-05 12:28:33,996 [ERROR] ConditionMgr:805 - Attr not supported : Dmpu
2025-08-05 12:28:33,996 [ERROR] ConditionMgr:805 - Attr not supported : Dmpu
2025-08-05 12:28:33,996 [ERROR] ConditionMgr:805 - Attr not supported : Dmpu
2025-08-05 12:28:33,996 [ERROR] ConditionMgr:805 - Attr not supported : Dmpu
2025-08-05 12:28:33,996 [ERROR] ConditionMgr:805 - Attr not supported : Dmpu
2025-08-05 12:28:33,997 [ERROR] ConditionMgr:805 - Attr not supported : Dmpu
2025-08-05 12:28:33,997 [ERROR] ConditionMgr:805 - Attr not supported : Dmpu
2025-08-05 12:28:33,997 [ERROR] ConditionMgr:805 - Attr not supported : Dmpu
2025-08-05 12:28:33,997 [ERROR] ConditionMgr:805 - Attr not supported : Dmpu
2025-08-05 12:28:33,997 [ERROR] ConditionMgr:805 - Attr not supported : Dmpu
2025-08-05 12:28:33,997 [ERROR] ConditionMgr:805 - Attr not supported : Dmpu
2025-08-05 12:28:33,997 [ERROR] ConditionMgr:805 - Attr not supported : Dmpu
2025-08-05 12:28:33,997 [ERROR] ConditionMgr:805 - Attr not supported : Dmpu
2025-08-05 12:28:33,998 [ERROR] ConditionMgr:805 - Attr not supported : Dmpu
2025-08-05 12:28:33,998 [ERROR] ConditionMgr:805 - Attr not supported : Dmpu
2025-08-05 12:28:33,998 [ERROR] ConditionMgr:805 - Attr not supported : Dmpu
2025-08-05 12:28:33,998 [ERROR] ConditionMgr:805 - Attr not supported : Dmpu
2025-08-05 12:28:33,998 [ERROR] ConditionMgr:805 - Attr not supported : Dmpu
2025-08-05 12:28:33,998 [ERROR] ConditionMgr:805 - Attr not supported : Dmpu
2025-08-05 12:28:33,998 [ERROR] ConditionMgr:805 - Attr not supported : Dmpu
2025-08-05 12:28:33,998 [ERROR] ConditionMgr:805 - Attr not supported : Dmpu
2025-08-05 12:28:33,998 [ERROR] ConditionMgr:805 - Attr not supported : Dmpu
2025-08-05 12:28:33,998 [ERROR] ConditionMgr:805 - Attr not supported : Dmpu
2025-08-05 12:28:33,998 [ERROR] ConditionMgr:805 - Attr not supported : Dmpu
2025-08-05 12:28:33,999 [ERROR] ConditionMgr:805 - Attr not supported : Dmpu
2025-08-05 12:28:34,002 [WARN] PackLoader:240 - Cannot read IP mode file for STMicroelectronics.X-CUBE-WB05N.2.0.0
2025-08-05 12:28:34,005 [ERROR] Engine:466 - C:\Users\shoot\.stm32cubemx\thirdparties\pdsc\STMicroelectronics.X-CUBE-TCPP.4.2.0.pdsc: PDSC version is not supported
2025-08-05 12:28:34,012 [WARN] PackLoader:240 - Cannot read IP mode file for RealThread.X-CUBE-RT-Thread_Nano.4.1.1
2025-08-05 12:28:34,020 [WARN] PackLoader:240 - Cannot read IP mode file for wolfSSL.I-CUBE-wolfSSL.5.7.0
2025-08-05 12:28:34,025 [WARN] PackLoader:240 - Cannot read IP mode file for STMicroelectronics.FP-ATR-SIGFOX1.3.2.0
2025-08-05 12:28:34,031 [WARN] ConditionMgr:438 - getConditionDescription Invalid condition id : Cortex-A Device cause : null
2025-08-05 12:28:34,051 [WARN] ConditionMgr:1039 - genDependencies : Invalid condition id : Cortex-A Device cause : null
2025-08-05 12:28:34,051 [WARN] ConditionMgr:1039 - genDependencies : Invalid condition id : Cortex-A Device cause : null
2025-08-05 12:28:34,051 [WARN] ConditionMgr:1039 - genDependencies : Invalid condition id : Cortex-A Device cause : null
2025-08-05 12:28:34,056 [WARN] PackLoader:240 - Cannot read IP mode file for STMicroelectronics.X-CUBE-EEPRMA1.5.1.0
2025-08-05 12:28:34,066 [WARN] PackLoader:240 - Cannot read IP mode file for ITTIA_DB.I-CUBE-ITTIADB.8.9.0
2025-08-05 12:28:34,071 [ERROR] Engine:466 - C:\Users\shoot\.stm32cubemx\thirdparties\pdsc\STMicroelectronics.X-CUBE-ST67W61.1.0.0.pdsc: PDSC version is not supported
2025-08-05 12:28:34,107 [WARN] PackLoader:240 - Cannot read IP mode file for SEGGER.I-CUBE-embOS.1.3.1
2025-08-05 12:28:34,150 [WARN] PackLoader:240 - Cannot read IP mode file for STMicroelectronics.X-CUBE-ALGOBUILD.1.4.0
2025-08-05 12:28:34,195 [WARN] PackLoader:240 - Cannot read IP mode file for STMicroelectronics.X-CUBE-MEMS1.11.3.0
2025-08-05 12:28:34,336 [WARN] PackLoader:240 - Cannot read IP mode file for STMicroelectronics.X-CUBE-AI.9.1.0
2025-08-05 12:28:34,340 [WARN] PackLoader:240 - Cannot read IP mode file for STMicroelectronics.X-CUBE-PM33A1.1.0.0
2025-08-05 12:28:34,346 [WARN] PackLoader:240 - Cannot read IP mode file for STMicroelectronics.X-CUBE-GNSS1.6.0.0
2025-08-05 12:28:34,363 [WARN] PackLoader:240 - Cannot read IP mode file for STMicroelectronics.X-CUBE-AZRTOS-F4.1.1.0
2025-08-05 12:28:34,367 [ERROR] Engine:466 - C:\Users\shoot\.stm32cubemx\thirdparties\pdsc\Avnet-IotConnect.X-CUBE-IoTC-DA16k-PMOD.1.0.0.pdsc: PDSC version is not supported
2025-08-05 12:28:34,372 [WARN] PackLoader:240 - Cannot read IP mode file for STMicroelectronics.X-CUBE-ISPU.2.1.0
2025-08-05 12:28:34,378 [WARN] PackLoader:240 - Cannot read IP mode file for STMicroelectronics.X-CUBE-FREERTOS.1.2.0
2025-08-05 12:28:34,385 [WARN] PackLoader:240 - Cannot read IP mode file for STMicroelectronics.X-CUBE-NFC12.1.0.0
2025-08-05 12:28:34,401 [WARN] PackLoader:240 - Cannot read IP mode file for STMicroelectronics.X-CUBE-AZRTOS-L5.2.0.0
2025-08-05 12:28:34,410 [WARN] PackLoader:240 - Cannot read IP mode file for STMicroelectronics.X-CUBE-NFC6.3.1.0
2025-08-05 12:28:34,418 [WARN] PackLoader:240 - Cannot read IP mode file for STMicroelectronics.X-CUBE-DPower.1.2.0
2025-08-05 12:28:34,421 [WARN] PackLoader:240 - Cannot read IP mode file for STMicroelectronics.X-CUBE-AI.9.0.0
2025-08-05 12:28:34,425 [WARN] PackLoader:240 - Cannot read IP mode file for STMicroelectronics.X-CUBE-FREERTOS.1.3.1
2025-08-05 12:28:34,429 [WARN] PackLoader:240 - Cannot read IP mode file for STMicroelectronics.X-CUBE-FREERTOS.1.3.0
2025-08-05 12:28:34,434 [WARN] PackLoader:240 - Cannot read IP mode file for STMicroelectronics.X-CUBE-NFC7.1.0.1
2025-08-05 12:28:34,439 [WARN] PackLoader:240 - Cannot read IP mode file for wolfSSL.I-CUBE-wolfTPM.3.2.0
2025-08-05 12:28:34,442 [ERROR] Engine:466 - C:\Users\shoot\.stm32cubemx\thirdparties\pdsc\STMicroelectronics.FP-SNS-STAIOTCFT.1.0.0.pdsc: PDSC version is not supported
2025-08-05 12:28:34,447 [WARN] PackLoader:240 - Cannot read IP mode file for STMicroelectronics.X-CUBE-DPower.1.3.0
2025-08-05 12:28:34,463 [WARN] ConditionMgr:438 - getConditionDescription Invalid condition id : LAN8742 Phy interface Condition cause : null
2025-08-05 12:28:34,464 [WARN] PackLoader:240 - Cannot read IP mode file for STMicroelectronics.X-CUBE-AZRTOS-L4.2.0.0
2025-08-05 12:28:34,465 [WARN] ConditionMgr:1039 - genDependencies : Invalid condition id : LAN8742 Phy interface Condition cause : null
2025-08-05 12:28:34,465 [WARN] ConditionMgr:1039 - genDependencies : Invalid condition id : LAN8742 Phy interface Condition cause : null
2025-08-05 12:28:34,466 [WARN] ConditionMgr:1039 - genDependencies : Invalid condition id : LAN8742 Phy interface Condition cause : null
2025-08-05 12:28:34,473 [WARN] PackLoader:240 - Cannot read IP mode file for STMicroelectronics.X-CUBE-SFXS2LP1.4.0.0
2025-08-05 12:28:34,492 [WARN] PackLoader:240 - Cannot read IP mode file for STMicroelectronics.X-CUBE-AZRTOS-H7.3.3.0
2025-08-05 12:28:34,500 [ERROR] Engine:466 - C:\Users\shoot\.stm32cubemx\thirdparties\pdsc\STMicroelectronics.X-CUBE-BLEMGR.4.1.0.pdsc: PDSC version is not supported
2025-08-05 12:28:34,512 [WARN] PackLoader:240 - Cannot read IP mode file for STMicroelectronics.X-CUBE-IPS.3.0.0
2025-08-05 12:28:34,527 [WARN] ConditionMgr:438 - getConditionDescription Invalid condition id : UX DEVICE CLASS RTOS Condition cause : null
2025-08-05 12:28:34,527 [WARN] ConditionMgr:438 - getConditionDescription Invalid condition id : UX DEVICE CLASS RTOS Condition cause : null
2025-08-05 12:28:34,529 [WARN] PackLoader:240 - Cannot read IP mode file for STMicroelectronics.X-CUBE-AZRTOS-WB.2.0.0
2025-08-05 12:28:34,529 [WARN] ConditionMgr:1039 - genDependencies : Invalid condition id : UX DEVICE CLASS RTOS Condition cause : null
2025-08-05 12:28:34,529 [WARN] ConditionMgr:1039 - genDependencies : Invalid condition id : UX DEVICE CLASS RTOS Condition cause : null
2025-08-05 12:28:34,530 [WARN] ConditionMgr:1039 - genDependencies : Invalid condition id : UX DEVICE CLASS RTOS Condition cause : null
2025-08-05 12:28:34,530 [WARN] ConditionMgr:1039 - genDependencies : Invalid condition id : UX DEVICE CLASS RTOS Condition cause : null
2025-08-05 12:28:34,530 [WARN] ConditionMgr:1039 - genDependencies : Invalid condition id : UX DEVICE CLASS RTOS Condition cause : null
2025-08-05 12:28:34,536 [WARN] PackLoader:240 - Cannot read IP mode file for STMicroelectronics.X-CUBE-GNSS1.7.0.0
2025-08-05 12:28:34,541 [WARN] PackLoader:240 - Cannot read IP mode file for STMicroelectronics.X-CUBE-GNSS1.7.0.1
2025-08-05 12:28:34,544 [WARN] PackLoader:240 - Cannot read IP mode file for STMicroelectronics.X-CUBE-TOUCHGFX.4.25.0
2025-08-05 12:28:34,551 [WARN] PackLoader:240 - Cannot read IP mode file for STMicroelectronics.FP-SNS-STBOX1.2.0.0
2025-08-05 12:28:34,562 [WARN] PackLoader:240 - Cannot read IP mode file for STMicroelectronics.X-CUBE-SUBG2.5.0.0
2025-08-05 12:28:34,584 [WARN] PackLoader:240 - Cannot read IP mode file for STMicroelectronics.X-CUBE-AZRTOS-H7RS.1.1.0
2025-08-05 12:28:34,592 [WARN] PackLoader:240 - Cannot read IP mode file for Cesanta.I-CUBE-Mongoose.7.13.0
2025-08-05 12:28:34,604 [WARN] PackLoader:240 - Cannot read IP mode file for STMicroelectronics.X-CUBE-AZRTOS-G4.2.0.0
2025-08-05 12:28:34,610 [WARN] PackLoader:240 - Cannot read IP mode file for STMicroelectronics.X-CUBE-NFC7.2.0.0
2025-08-05 12:28:34,614 [WARN] PackLoader:240 - Cannot read IP mode file for STMicroelectronics.X-CUBE-ISPU.2.0.0
2025-08-05 12:28:34,618 [ERROR] Engine:466 - C:\Users\shoot\.stm32cubemx\thirdparties\pdsc\STMicroelectronics.X-CUBE-IPS.3.1.0.pdsc: PDSC version is not supported
2025-08-05 12:28:34,623 [WARN] PackLoader:240 - Cannot read IP mode file for STMicroelectronics.X-CUBE-ALS.1.0.2
2025-08-05 12:28:34,657 [WARN] PackLoader:240 - Cannot read IP mode file for STMicroelectronics.X-CUBE-MEMS1.10.0.0
2025-08-05 12:28:34,754 [WARN] PackLoader:240 - Cannot read IP mode file for STMicroelectronics.X-CUBE-TOUCHGFX.4.24.0
2025-08-05 12:28:34,758 [WARN] PackLoader:240 - Cannot read IP mode file for STMicroelectronics.X-CUBE-TOUCHGFX.4.24.2
2025-08-05 12:28:34,760 [WARN] PackLoader:240 - Cannot read IP mode file for STMicroelectronics.X-CUBE-TOUCHGFX.4.24.1
2025-08-05 12:28:34,767 [WARN] PackLoader:240 - Cannot read IP mode file for portGmbH.I-Cube-SoM-uGOAL.1.1.0
2025-08-05 12:28:34,770 [WARN] PackLoader:240 - Cannot read IP mode file for STMicroelectronics.X-CUBE-ALS.1.0.1
2025-08-05 12:28:34,788 [WARN] PackLoader:240 - Cannot read IP mode file for STMicroelectronics.X-CUBE-AZRTOS-H7RS.1.0.0
2025-08-05 12:28:34,794 [WARN] PackLoader:240 - Cannot read IP mode file for STMicroelectronics.FP-ATR-ASTRA1.2.0.0
2025-08-05 12:28:34,804 [WARN] PackLoader:240 - Cannot read IP mode file for STMicroelectronics.X-CUBE-TOF1.3.4.2
2025-08-05 12:28:34,820 [ERROR] Engine:466 - C:\Users\shoot\.stm32cubemx\thirdparties\pdsc\STMicroelectronics.X-CUBE-TOF1.3.4.3.pdsc: PDSC version is not supported
2025-08-05 12:28:34,831 [WARN] PackLoader:240 - Cannot read IP mode file for STMicroelectronics.X-CUBE-TOF1.3.4.1
2025-08-05 12:28:34,881 [WARN] PackLoader:240 - Cannot read IP mode file for STMicroelectronics.X-CUBE-AZRTOS-H7.3.2.0
2025-08-05 12:28:34,901 [WARN] PackLoader:240 - Cannot read IP mode file for Infineon.AIROC-Wi-Fi-Bluetooth-STM32.1.6.0
2025-08-05 12:28:34,911 [WARN] PackLoader:240 - Cannot read IP mode file for wolfSSL.I-CUBE-wolfSSH.1.4.17
2025-08-05 12:28:34,912 [INFO] ThirdParty:978 - Integrity check success = true
2025-08-05 12:28:34,912 [INFO] IntegrityCheckThread:100 - exiting critical section [integrity check]
2025-08-05 12:28:34,912 [INFO] IntegrityCheckThread:103 - End integrity checks thread
2025-08-05 12:29:20,175 [ERROR] ConfigurationRetriever:142 - IOException on connection: sw-center.st.com
2025-08-05 12:29:20,176 [ERROR] ConfigurationRetriever:142 - IOException on connection: sw-center.st.com
2025-08-05 12:29:20,178 [ERROR] ConfigurationRetriever:142 - IOException on connection: sw-center.st.com
2025-08-05 12:29:20,677 [ERROR] ConfigurationRetriever:142 - IOException on connection: sw-center.st.com
2025-08-05 12:29:20,678 [ERROR] ConfigurationRetriever:142 - IOException on connection: sw-center.st.com
2025-08-05 12:29:20,679 [ERROR] ConfigurationRetriever:142 - IOException on connection: sw-center.st.com
2025-08-05 12:48:12,108 [ERROR] ConfigurationRetriever:142 - IOException on connection: sw-center.st.com
2025-08-05 12:48:12,110 [ERROR] ConfigurationRetriever:142 - IOException on connection: sw-center.st.com
2025-08-05 12:48:12,111 [ERROR] ConfigurationRetriever:142 - IOException on connection: sw-center.st.com
2025-08-05 12:48:12,863 [ERROR] ConfigurationRetriever:142 - IOException on connection: sw-center.st.com
2025-08-05 12:48:12,864 [ERROR] ConfigurationRetriever:142 - IOException on connection: sw-center.st.com
2025-08-05 12:48:12,865 [ERROR] ConfigurationRetriever:142 - IOException on connection: sw-center.st.com
2025-08-05 14:11:35,891 [ERROR] ConfigurationRetriever:142 - IOException on connection: sw-center.st.com
2025-08-05 14:11:35,891 [ERROR] ConfigurationRetriever:142 - IOException on connection: sw-center.st.com
2025-08-05 14:11:35,892 [ERROR] ConfigurationRetriever:142 - IOException on connection: sw-center.st.com
2025-08-05 14:11:37,539 [ERROR] LogOutputStream:75 - [STDERR_REDIRECT] 
